<?xml version="1.0"?>
<link_info>
   <banner>TI ARM Linker PC v5.2.7</banner>
   <copyright>Copyright (c) 1996-2015 Texas Instruments Incorporated</copyright>
   <link_time>0x56d66968</link_time>
   <link_errors>0x0</link_errors>
   <output_file>timer_cc.out</output_file>
   <entry_point>
      <name>_c_int00</name>
      <address>0x20007bcd</address>
   </entry_point>
   <input_file_list>
      <input_file id="fl-2">
         <path>.\</path>
         <kind>object</kind>
         <file>Adafruit320x240x16TouchTFT_ILI9325.obj</file>
         <name>Adafruit320x240x16TouchTFT_ILI9325.obj</name>
      </input_file>
      <input_file id="fl-3">
         <path>.\</path>
         <kind>object</kind>
         <file>main.obj</file>
         <name>main.obj</name>
      </input_file>
      <input_file id="fl-4">
         <path>.\</path>
         <kind>object</kind>
         <file>pinmux.obj</file>
         <name>pinmux.obj</name>
      </input_file>
      <input_file id="fl-5">
         <path>.\</path>
         <kind>object</kind>
         <file>startup_ccs.obj</file>
         <name>startup_ccs.obj</name>
      </input_file>
      <input_file id="fl-6">
         <path>.\</path>
         <kind>object</kind>
         <file>uart_if.obj</file>
         <name>uart_if.obj</name>
      </input_file>
      <input_file id="fl-12e">
         <path>C:\TI\ccsv6\tools\compiler\ti-cgt-arm_5.2.7\lib\</path>
         <kind>archive</kind>
         <file>rtsv7M4_T_le_eabi.lib</file>
         <name>boot.obj</name>
      </input_file>
      <input_file id="fl-12f">
         <path>C:\TI\ccsv6\tools\compiler\ti-cgt-arm_5.2.7\lib\</path>
         <kind>archive</kind>
         <file>rtsv7M4_T_le_eabi.lib</file>
         <name>copy_decompress_none.obj</name>
      </input_file>
      <input_file id="fl-130">
         <path>C:\TI\ccsv6\tools\compiler\ti-cgt-arm_5.2.7\lib\</path>
         <kind>archive</kind>
         <file>rtsv7M4_T_le_eabi.lib</file>
         <name>copy_decompress_rle.obj</name>
      </input_file>
      <input_file id="fl-131">
         <path>C:\TI\ccsv6\tools\compiler\ti-cgt-arm_5.2.7\lib\</path>
         <kind>archive</kind>
         <file>rtsv7M4_T_le_eabi.lib</file>
         <name>copy_zero_init.obj</name>
      </input_file>
      <input_file id="fl-132">
         <path>C:\TI\ccsv6\tools\compiler\ti-cgt-arm_5.2.7\lib\</path>
         <kind>archive</kind>
         <file>rtsv7M4_T_le_eabi.lib</file>
         <name>exit.obj</name>
      </input_file>
      <input_file id="fl-133">
         <path>C:\TI\ccsv6\tools\compiler\ti-cgt-arm_5.2.7\lib\</path>
         <kind>archive</kind>
         <file>rtsv7M4_T_le_eabi.lib</file>
         <name>memcpy_t2.obj</name>
      </input_file>
      <input_file id="fl-134">
         <path>C:\TI\ccsv6\tools\compiler\ti-cgt-arm_5.2.7\lib\</path>
         <kind>archive</kind>
         <file>rtsv7M4_T_le_eabi.lib</file>
         <name>memmov.obj</name>
      </input_file>
      <input_file id="fl-135">
         <path>C:\TI\ccsv6\tools\compiler\ti-cgt-arm_5.2.7\lib\</path>
         <kind>archive</kind>
         <file>rtsv7M4_T_le_eabi.lib</file>
         <name>memory.obj</name>
      </input_file>
      <input_file id="fl-136">
         <path>C:\TI\ccsv6\tools\compiler\ti-cgt-arm_5.2.7\lib\</path>
         <kind>archive</kind>
         <file>rtsv7M4_T_le_eabi.lib</file>
         <name>memset_t2.obj</name>
      </input_file>
      <input_file id="fl-137">
         <path>C:\TI\ccsv6\tools\compiler\ti-cgt-arm_5.2.7\lib\</path>
         <kind>archive</kind>
         <file>rtsv7M4_T_le_eabi.lib</file>
         <name>pre_init.obj</name>
      </input_file>
      <input_file id="fl-138">
         <path>C:\TI\ccsv6\tools\compiler\ti-cgt-arm_5.2.7\lib\</path>
         <kind>archive</kind>
         <file>rtsv7M4_T_le_eabi.lib</file>
         <name>stkdepth_vars.obj</name>
      </input_file>
      <input_file id="fl-139">
         <path>C:\TI\ccsv6\tools\compiler\ti-cgt-arm_5.2.7\lib\</path>
         <kind>archive</kind>
         <file>rtsv7M4_T_le_eabi.lib</file>
         <name>strlen.obj</name>
      </input_file>
      <input_file id="fl-13a">
         <path>C:\TI\ccsv6\tools\compiler\ti-cgt-arm_5.2.7\lib\</path>
         <kind>archive</kind>
         <file>rtsv7M4_T_le_eabi.lib</file>
         <name>vsnprintf.obj</name>
      </input_file>
      <input_file id="fl-13b">
         <path>C:\TI\ccsv6\tools\compiler\ti-cgt-arm_5.2.7\lib\</path>
         <kind>archive</kind>
         <file>rtsv7M4_T_le_eabi.lib</file>
         <name>_lock.obj</name>
      </input_file>
      <input_file id="fl-13c">
         <path>C:\TI\ccsv6\tools\compiler\ti-cgt-arm_5.2.7\lib\</path>
         <kind>archive</kind>
         <file>rtsv7M4_T_le_eabi.lib</file>
         <name>_printfi.obj</name>
      </input_file>
      <input_file id="fl-13d">
         <path>C:\TI\ccsv6\tools\compiler\ti-cgt-arm_5.2.7\lib\</path>
         <kind>archive</kind>
         <file>rtsv7M4_T_le_eabi.lib</file>
         <name>args_main.obj</name>
      </input_file>
      <input_file id="fl-13e">
         <path>C:\TI\ccsv6\tools\compiler\ti-cgt-arm_5.2.7\lib\</path>
         <kind>archive</kind>
         <file>rtsv7M4_T_le_eabi.lib</file>
         <name>atoi.obj</name>
      </input_file>
      <input_file id="fl-13f">
         <path>C:\TI\ccsv6\tools\compiler\ti-cgt-arm_5.2.7\lib\</path>
         <kind>archive</kind>
         <file>rtsv7M4_T_le_eabi.lib</file>
         <name>autoinit.obj</name>
      </input_file>
      <input_file id="fl-140">
         <path>C:\TI\ccsv6\tools\compiler\ti-cgt-arm_5.2.7\lib\</path>
         <kind>archive</kind>
         <file>rtsv7M4_T_le_eabi.lib</file>
         <name>cpy_tbl.obj</name>
      </input_file>
      <input_file id="fl-141">
         <path>C:\TI\ccsv6\tools\compiler\ti-cgt-arm_5.2.7\lib\</path>
         <kind>archive</kind>
         <file>rtsv7M4_T_le_eabi.lib</file>
         <name>ctype.obj</name>
      </input_file>
      <input_file id="fl-142">
         <path>C:\TI\ccsv6\tools\compiler\ti-cgt-arm_5.2.7\lib\</path>
         <kind>archive</kind>
         <file>rtsv7M4_T_le_eabi.lib</file>
         <name>fd_add_t2.obj</name>
      </input_file>
      <input_file id="fl-143">
         <path>C:\TI\ccsv6\tools\compiler\ti-cgt-arm_5.2.7\lib\</path>
         <kind>archive</kind>
         <file>rtsv7M4_T_le_eabi.lib</file>
         <name>fd_cmp_t2.obj</name>
      </input_file>
      <input_file id="fl-144">
         <path>C:\TI\ccsv6\tools\compiler\ti-cgt-arm_5.2.7\lib\</path>
         <kind>archive</kind>
         <file>rtsv7M4_T_le_eabi.lib</file>
         <name>fd_div_t2.obj</name>
      </input_file>
      <input_file id="fl-145">
         <path>C:\TI\ccsv6\tools\compiler\ti-cgt-arm_5.2.7\lib\</path>
         <kind>archive</kind>
         <file>rtsv7M4_T_le_eabi.lib</file>
         <name>fd_mul_t2.obj</name>
      </input_file>
      <input_file id="fl-146">
         <path>C:\TI\ccsv6\tools\compiler\ti-cgt-arm_5.2.7\lib\</path>
         <kind>archive</kind>
         <file>rtsv7M4_T_le_eabi.lib</file>
         <name>fd_toi_t2.obj</name>
      </input_file>
      <input_file id="fl-147">
         <path>C:\TI\ccsv6\tools\compiler\ti-cgt-arm_5.2.7\lib\</path>
         <kind>archive</kind>
         <file>rtsv7M4_T_le_eabi.lib</file>
         <name>frexp.obj</name>
      </input_file>
      <input_file id="fl-148">
         <path>C:\TI\ccsv6\tools\compiler\ti-cgt-arm_5.2.7\lib\</path>
         <kind>archive</kind>
         <file>rtsv7M4_T_le_eabi.lib</file>
         <name>i_tofd_t2.obj</name>
      </input_file>
      <input_file id="fl-149">
         <path>C:\TI\ccsv6\tools\compiler\ti-cgt-arm_5.2.7\lib\</path>
         <kind>archive</kind>
         <file>rtsv7M4_T_le_eabi.lib</file>
         <name>ldexp.obj</name>
      </input_file>
      <input_file id="fl-14a">
         <path>C:\TI\ccsv6\tools\compiler\ti-cgt-arm_5.2.7\lib\</path>
         <kind>archive</kind>
         <file>rtsv7M4_T_le_eabi.lib</file>
         <name>ltoa.obj</name>
      </input_file>
      <input_file id="fl-14b">
         <path>C:\TI\ccsv6\tools\compiler\ti-cgt-arm_5.2.7\lib\</path>
         <kind>archive</kind>
         <file>rtsv7M4_T_le_eabi.lib</file>
         <name>memccpy.obj</name>
      </input_file>
      <input_file id="fl-14c">
         <path>C:\TI\ccsv6\tools\compiler\ti-cgt-arm_5.2.7\lib\</path>
         <kind>archive</kind>
         <file>rtsv7M4_T_le_eabi.lib</file>
         <name>strchr.obj</name>
      </input_file>
      <input_file id="fl-14d">
         <path>C:\TI\ccsv6\tools\compiler\ti-cgt-arm_5.2.7\lib\</path>
         <kind>archive</kind>
         <file>rtsv7M4_T_le_eabi.lib</file>
         <name>ull_div_t2.obj</name>
      </input_file>
      <input_file id="fl-14e">
         <path>C:\TI\ccsv6\tools\compiler\ti-cgt-arm_5.2.7\lib\</path>
         <kind>archive</kind>
         <file>rtsv7M4_T_le_eabi.lib</file>
         <name>xdclass.obj</name>
      </input_file>
      <input_file id="fl-14f">
         <path>C:\TI\ccsv6\tools\compiler\ti-cgt-arm_5.2.7\lib\</path>
         <kind>archive</kind>
         <file>rtsv7M4_T_le_eabi.lib</file>
         <name>xdscale.obj</name>
      </input_file>
      <input_file id="fl-150">
         <path>C:\TI\ccsv6\tools\compiler\ti-cgt-arm_5.2.7\lib\</path>
         <kind>archive</kind>
         <file>rtsv7M4_T_le_eabi.lib</file>
         <name>xdunscal.obj</name>
      </input_file>
      <input_file id="fl-151">
         <path>C:\TI\ccsv6\tools\compiler\ti-cgt-arm_5.2.7\lib\</path>
         <kind>archive</kind>
         <file>rtsv7M4_T_le_eabi.lib</file>
         <name>xferaise.obj</name>
      </input_file>
      <input_file id="fl-152">
         <path>C:\TI\ccsv6\tools\compiler\ti-cgt-arm_5.2.7\lib\</path>
         <kind>archive</kind>
         <file>rtsv7M4_T_le_eabi.lib</file>
         <name>xvalues.obj</name>
      </input_file>
      <input_file id="fl-153">
         <path>C:\TI\ccsv6\tools\compiler\ti-cgt-arm_5.2.7\lib\</path>
         <kind>archive</kind>
         <file>rtsv7M4_T_le_eabi.lib</file>
         <name>errno.obj</name>
      </input_file>
      <input_file id="fl-154">
         <path>C:\TI\ccsv6\tools\compiler\ti-cgt-arm_5.2.7\lib\</path>
         <kind>archive</kind>
         <file>rtsv7M4_T_le_eabi.lib</file>
         <name>feraiseexcept.obj</name>
      </input_file>
      <input_file id="fl-155">
         <path>C:\TI\ccsv6\tools\compiler\ti-cgt-arm_5.2.7\lib\</path>
         <kind>archive</kind>
         <file>rtsv7M4_T_le_eabi.lib</file>
         <name>raise.obj</name>
      </input_file>
      <input_file id="fl-156">
         <path>C:\TI\ccsv6\tools\compiler\ti-cgt-arm_5.2.7\lib\</path>
         <kind>archive</kind>
         <file>rtsv7M4_T_le_eabi.lib</file>
         <name>signal.obj</name>
      </input_file>
      <input_file id="fl-157">
         <path>C:\TI\ccsv6\tools\compiler\ti-cgt-arm_5.2.7\lib\</path>
         <kind>archive</kind>
         <file>rtsv7M4_T_le_eabi.lib</file>
         <name>xdnorm.obj</name>
      </input_file>
      <input_file id="fl-158">
         <path>C:\TI\CC3200SDK_1.1.0\cc3200-sdk\grlib\ccs-cm3\Debug\</path>
         <kind>archive</kind>
         <file>grlib-cm3.lib</file>
         <name>fontcm30b.obj</name>
      </input_file>
      <input_file id="fl-159">
         <path>C:\TI\CC3200SDK_1.1.0\cc3200-sdk\grlib\ccs-cm3\Debug\</path>
         <kind>archive</kind>
         <file>grlib-cm3.lib</file>
         <name>string.obj</name>
      </input_file>
      <input_file id="fl-15a">
         <path>C:\TI\CC3200SDK_1.1.0\cc3200-sdk\grlib\ccs-cm3\Debug\</path>
         <kind>archive</kind>
         <file>grlib-cm3.lib</file>
         <name>context.obj</name>
      </input_file>
      <input_file id="fl-15b">
         <path>C:\TI\CC3200SDK_1.1.0\cc3200-sdk\grlib\ccs-cm3\Debug\</path>
         <kind>archive</kind>
         <file>grlib-cm3.lib</file>
         <name>charmap.obj</name>
      </input_file>
      <input_file id="fl-15c">
         <path>C:\TI\CC3200SDK_1.1.0\cc3200-sdk\driverlib\ccs\Release\</path>
         <kind>archive</kind>
         <file>driverlib.a</file>
         <name>gpio.obj</name>
      </input_file>
      <input_file id="fl-15d">
         <path>C:\TI\CC3200SDK_1.1.0\cc3200-sdk\driverlib\ccs\Release\</path>
         <kind>archive</kind>
         <file>driverlib.a</file>
         <name>interrupt.obj</name>
      </input_file>
      <input_file id="fl-15e">
         <path>C:\TI\CC3200SDK_1.1.0\cc3200-sdk\driverlib\ccs\Release\</path>
         <kind>archive</kind>
         <file>driverlib.a</file>
         <name>pin.obj</name>
      </input_file>
      <input_file id="fl-15f">
         <path>C:\TI\CC3200SDK_1.1.0\cc3200-sdk\driverlib\ccs\Release\</path>
         <kind>archive</kind>
         <file>driverlib.a</file>
         <name>prcm.obj</name>
      </input_file>
      <input_file id="fl-160">
         <path>C:\TI\CC3200SDK_1.1.0\cc3200-sdk\driverlib\ccs\Release\</path>
         <kind>archive</kind>
         <file>driverlib.a</file>
         <name>spi.obj</name>
      </input_file>
      <input_file id="fl-161">
         <path>C:\TI\CC3200SDK_1.1.0\cc3200-sdk\driverlib\ccs\Release\</path>
         <kind>archive</kind>
         <file>driverlib.a</file>
         <name>timer.obj</name>
      </input_file>
      <input_file id="fl-162">
         <path>C:\TI\CC3200SDK_1.1.0\cc3200-sdk\driverlib\ccs\Release\</path>
         <kind>archive</kind>
         <file>driverlib.a</file>
         <name>uart.obj</name>
      </input_file>
      <input_file id="fl-163">
         <path>C:\TI\CC3200SDK_1.1.0\cc3200-sdk\driverlib\ccs\Release\</path>
         <kind>archive</kind>
         <file>driverlib.a</file>
         <name>utils.obj</name>
      </input_file>
      <input_file id="fl-164">
         <path>C:\TI\CC3200SDK_1.1.0\cc3200-sdk\driverlib\ccs\Release\</path>
         <kind>archive</kind>
         <file>driverlib.a</file>
         <name>cpu.obj</name>
      </input_file>
      <input_file id="fl-165">
         <path>C:\TI\CC3200SDK_1.1.0\cc3200-sdk\driverlib\ccs\Release\</path>
         <kind>archive</kind>
         <file>driverlib.a</file>
         <name>flash.obj</name>
      </input_file>
   </input_file_list>
   <object_component_list>
      <object_component id="oc-f">
         <name>.intvecs</name>
         <load_address>0x20004000</load_address>
         <run_address>0x20004000</run_address>
         <size>0x400</size>
         <input_file_ref idref="fl-5"/>
      </object_component>
      <object_component id="oc-249">
         <name>.text</name>
         <load_address>0x20004400</load_address>
         <run_address>0x20004400</run_address>
         <size>0x10a6</size>
         <input_file_ref idref="fl-13c"/>
      </object_component>
      <object_component id="oc-10e">
         <name>.text</name>
         <load_address>0x200054a8</load_address>
         <run_address>0x200054a8</run_address>
         <size>0x58c</size>
         <input_file_ref idref="fl-2"/>
      </object_component>
      <object_component id="oc-128">
         <name>.text</name>
         <load_address>0x20005a34</load_address>
         <run_address>0x20005a34</run_address>
         <size>0x3dc</size>
         <input_file_ref idref="fl-135"/>
      </object_component>
      <object_component id="oc-9f">
         <name>.text</name>
         <load_address>0x20005e10</load_address>
         <run_address>0x20005e10</run_address>
         <size>0x374</size>
         <input_file_ref idref="fl-3"/>
      </object_component>
      <object_component id="oc-d8">
         <name>.text</name>
         <load_address>0x20006184</load_address>
         <run_address>0x20006184</run_address>
         <size>0x280</size>
         <input_file_ref idref="fl-6"/>
      </object_component>
      <object_component id="oc-2c2">
         <name>.text:GrFontGlyphRender</name>
         <load_address>0x20006404</load_address>
         <run_address>0x20006404</run_address>
         <size>0x266</size>
         <input_file_ref idref="fl-159"/>
      </object_component>
      <object_component id="oc-2e9">
         <name>.text</name>
         <load_address>0x2000666a</load_address>
         <run_address>0x2000666a</run_address>
         <size>0x1f4</size>
         <input_file_ref idref="fl-14d"/>
      </object_component>
      <object_component id="oc-312">
         <name>.text</name>
         <load_address>0x2000685e</load_address>
         <run_address>0x2000685e</run_address>
         <size>0x1b6</size>
         <input_file_ref idref="fl-142"/>
      </object_component>
      <object_component id="oc-2f8">
         <name>.text</name>
         <load_address>0x20006a14</load_address>
         <run_address>0x20006a14</run_address>
         <size>0x136</size>
         <input_file_ref idref="fl-144"/>
      </object_component>
      <object_component id="oc-f0">
         <name>.text:PRCMCC3200MCUInit</name>
         <load_address>0x20006b4c</load_address>
         <run_address>0x20006b4c</run_address>
         <size>0x134</size>
         <input_file_ref idref="fl-15f"/>
      </object_component>
      <object_component id="oc-386">
         <name>.text</name>
         <load_address>0x20006c80</load_address>
         <run_address>0x20006c80</run_address>
         <size>0x110</size>
         <input_file_ref idref="fl-14f"/>
      </object_component>
      <object_component id="oc-2f3">
         <name>.text</name>
         <load_address>0x20006d90</load_address>
         <run_address>0x20006d90</run_address>
         <size>0xfc</size>
         <input_file_ref idref="fl-145"/>
      </object_component>
      <object_component id="oc-222">
         <name>.text:GrDefaultStringRenderer</name>
         <load_address>0x20006e8c</load_address>
         <run_address>0x20006e8c</run_address>
         <size>0xc4</size>
         <input_file_ref idref="fl-159"/>
      </object_component>
      <object_component id="oc-3b1">
         <name>.text</name>
         <load_address>0x20006f50</load_address>
         <run_address>0x20006f50</run_address>
         <size>0xbe</size>
         <input_file_ref idref="fl-157"/>
      </object_component>
      <object_component id="oc-ea">
         <name>.text:IntEnable</name>
         <load_address>0x20007010</load_address>
         <run_address>0x20007010</run_address>
         <size>0xa8</size>
         <input_file_ref idref="fl-15d"/>
      </object_component>
      <object_component id="oc-102">
         <name>.text:SPIConfigSetExpClk</name>
         <load_address>0x200070b8</load_address>
         <run_address>0x200070b8</run_address>
         <size>0xa0</size>
         <input_file_ref idref="fl-160"/>
      </object_component>
      <object_component id="oc-36">
         <name>.text</name>
         <load_address>0x20007158</load_address>
         <run_address>0x20007158</run_address>
         <size>0x9c</size>
         <input_file_ref idref="fl-133"/>
      </object_component>
      <object_component id="oc-fc">
         <name>.text:PRCMPeripheralClockGet</name>
         <load_address>0x200071f4</load_address>
         <run_address>0x200071f4</run_address>
         <size>0x94</size>
         <input_file_ref idref="fl-15f"/>
      </object_component>
      <object_component id="oc-13d">
         <name>.text:PinConfigSet</name>
         <load_address>0x20007288</load_address>
         <run_address>0x20007288</run_address>
         <size>0x88</size>
         <input_file_ref idref="fl-15e"/>
      </object_component>
      <object_component id="oc-12e">
         <name>.text</name>
         <load_address>0x20007310</load_address>
         <run_address>0x20007310</run_address>
         <size>0x88</size>
         <input_file_ref idref="fl-13a"/>
      </object_component>
      <object_component id="oc-2ee">
         <name>.text:__aeabi_cdcmple</name>
         <load_address>0x20007398</load_address>
         <run_address>0x20007398</run_address>
         <size>0x86</size>
         <input_file_ref idref="fl-143"/>
      </object_component>
      <object_component id="oc-2fd">
         <name>.text:__aeabi_cdrcmple</name>
         <load_address>0x2000741e</load_address>
         <run_address>0x2000741e</run_address>
         <size>0x86</size>
         <input_file_ref idref="fl-143"/>
      </object_component>
      <object_component id="oc-4f">
         <name>.text</name>
         <load_address>0x200074a4</load_address>
         <run_address>0x200074a4</run_address>
         <size>0x7a</size>
         <input_file_ref idref="fl-136"/>
      </object_component>
      <object_component id="oc-198">
         <name>.text:UARTConfigSetExpClk</name>
         <load_address>0x2000751e</load_address>
         <run_address>0x2000751e</run_address>
         <size>0x76</size>
         <input_file_ref idref="fl-162"/>
      </object_component>
      <object_component id="oc-143">
         <name>.text:TimerIntRegister</name>
         <load_address>0x20007594</load_address>
         <run_address>0x20007594</run_address>
         <size>0x70</size>
         <input_file_ref idref="fl-161"/>
      </object_component>
      <object_component id="oc-61">
         <name>.text</name>
         <load_address>0x20007604</load_address>
         <run_address>0x20007604</run_address>
         <size>0x6c</size>
         <input_file_ref idref="fl-13f"/>
      </object_component>
      <object_component id="oc-42">
         <name>.text</name>
         <load_address>0x20007670</load_address>
         <run_address>0x20007670</run_address>
         <size>0x6a</size>
         <input_file_ref idref="fl-130"/>
      </object_component>
      <object_component id="oc-11c">
         <name>.text:GrStringWidthGet</name>
         <load_address>0x200076da</load_address>
         <run_address>0x200076da</run_address>
         <size>0x68</size>
         <input_file_ref idref="fl-159"/>
      </object_component>
      <object_component id="oc-37e">
         <name>.text</name>
         <load_address>0x20007742</load_address>
         <run_address>0x20007742</run_address>
         <size>0x66</size>
         <input_file_ref idref="fl-150"/>
      </object_component>
      <object_component id="oc-114">
         <name>.text:GrContextInit</name>
         <load_address>0x200077a8</load_address>
         <run_address>0x200077a8</run_address>
         <size>0x64</size>
         <input_file_ref idref="fl-15a"/>
      </object_component>
      <object_component id="oc-2dd">
         <name>.text:FontWideGlyphDataGet</name>
         <load_address>0x2000780c</load_address>
         <run_address>0x2000780c</run_address>
         <size>0x5c</size>
         <input_file_ref idref="fl-159"/>
      </object_component>
      <object_component id="oc-1e8">
         <name>.text:PRCMPeripheralReset</name>
         <load_address>0x20007868</load_address>
         <run_address>0x20007868</run_address>
         <size>0x58</size>
         <input_file_ref idref="fl-15f"/>
      </object_component>
      <object_component id="oc-307">
         <name>.text</name>
         <load_address>0x200078c0</load_address>
         <run_address>0x200078c0</run_address>
         <size>0x56</size>
         <input_file_ref idref="fl-14a"/>
      </object_component>
      <object_component id="oc-335">
         <name>.text</name>
         <load_address>0x20007918</load_address>
         <run_address>0x20007918</run_address>
         <size>0x4c</size>
         <input_file_ref idref="fl-13e"/>
      </object_component>
      <object_component id="oc-97">
         <name>.text</name>
         <load_address>0x20007964</load_address>
         <run_address>0x20007964</run_address>
         <size>0x4c</size>
         <input_file_ref idref="fl-140"/>
      </object_component>
      <object_component id="oc-22c">
         <name>.text:UpdateContextCharMapping</name>
         <load_address>0x200079b0</load_address>
         <run_address>0x200079b0</run_address>
         <size>0x4a</size>
         <input_file_ref idref="fl-159"/>
      </object_component>
      <object_component id="oc-302">
         <name>.text</name>
         <load_address>0x200079fa</load_address>
         <run_address>0x200079fa</run_address>
         <size>0x48</size>
         <input_file_ref idref="fl-146"/>
      </object_component>
      <object_component id="oc-31d">
         <name>.text</name>
         <load_address>0x20007a42</load_address>
         <run_address>0x20007a42</run_address>
         <size>0x46</size>
         <input_file_ref idref="fl-149"/>
      </object_component>
      <object_component id="oc-149">
         <name>.text:TimerConfigure</name>
         <load_address>0x20007a88</load_address>
         <run_address>0x20007a88</run_address>
         <size>0x44</size>
         <input_file_ref idref="fl-161"/>
      </object_component>
      <object_component id="oc-6d">
         <name>.text</name>
         <load_address>0x20007acc</load_address>
         <run_address>0x20007acc</run_address>
         <size>0x44</size>
         <input_file_ref idref="fl-132"/>
      </object_component>
      <object_component id="oc-349">
         <name>.text:PinModeSet</name>
         <load_address>0x20007b10</load_address>
         <run_address>0x20007b10</run_address>
         <size>0x40</size>
         <input_file_ref idref="fl-15e"/>
      </object_component>
      <object_component id="oc-3f4">
         <name>.text</name>
         <load_address>0x20007b50</load_address>
         <run_address>0x20007b50</run_address>
         <size>0x40</size>
         <input_file_ref idref="fl-156"/>
      </object_component>
      <object_component id="oc-1e2">
         <name>.text:PRCMPeripheralClkEnable</name>
         <load_address>0x20007b90</load_address>
         <run_address>0x20007b90</run_address>
         <size>0x3c</size>
         <input_file_ref idref="fl-15f"/>
      </object_component>
      <object_component id="oc-24">
         <name>.text</name>
         <load_address>0x20007bcc</load_address>
         <run_address>0x20007bcc</run_address>
         <size>0x3c</size>
         <input_file_ref idref="fl-12e"/>
      </object_component>
      <object_component id="oc-2e1">
         <name>.text:FontGlyphDataGet</name>
         <load_address>0x20007c08</load_address>
         <run_address>0x20007c08</run_address>
         <size>0x3a</size>
         <input_file_ref idref="fl-159"/>
      </object_component>
      <object_component id="oc-211">
         <name>.text:GPIODirModeSet</name>
         <load_address>0x20007c42</load_address>
         <run_address>0x20007c42</run_address>
         <size>0x36</size>
         <input_file_ref idref="fl-15c"/>
      </object_component>
      <object_component id="oc-3c0">
         <name>.text</name>
         <load_address>0x20007c78</load_address>
         <run_address>0x20007c78</run_address>
         <size>0x34</size>
         <input_file_ref idref="fl-154"/>
      </object_component>
      <object_component id="oc-14f">
         <name>.text:TimerControlEvent</name>
         <load_address>0x20007cac</load_address>
         <run_address>0x20007cac</run_address>
         <size>0x30</size>
         <input_file_ref idref="fl-161"/>
      </object_component>
      <object_component id="oc-293">
         <name>.text:UARTDisable</name>
         <load_address>0x20007cdc</load_address>
         <run_address>0x20007cdc</run_address>
         <size>0x30</size>
         <input_file_ref idref="fl-162"/>
      </object_component>
      <object_component id="oc-38c">
         <name>.text</name>
         <load_address>0x20007d0c</load_address>
         <run_address>0x20007d0c</run_address>
         <size>0x30</size>
         <input_file_ref idref="fl-151"/>
      </object_component>
      <object_component id="oc-30d">
         <name>.text</name>
         <load_address>0x20007d3c</load_address>
         <run_address>0x20007d3c</run_address>
         <size>0x2e</size>
         <input_file_ref idref="fl-148"/>
      </object_component>
      <object_component id="oc-3e4">
         <name>.text</name>
         <load_address>0x20007d6a</load_address>
         <run_address>0x20007d6a</run_address>
         <size>0x2e</size>
         <input_file_ref idref="fl-155"/>
      </object_component>
      <object_component id="oc-1f4">
         <name>.text:PRCMSysResetCauseGet</name>
         <load_address>0x20007d98</load_address>
         <run_address>0x20007d98</run_address>
         <size>0x2c</size>
         <input_file_ref idref="fl-15f"/>
      </object_component>
      <object_component id="oc-137">
         <name>.text</name>
         <load_address>0x20007dc4</load_address>
         <run_address>0x20007dc4</run_address>
         <size>0x2c</size>
         <input_file_ref idref="fl-4"/>
      </object_component>
      <object_component id="oc-120">
         <name>.text:GrFontBaselineGet</name>
         <load_address>0x20007df0</load_address>
         <run_address>0x20007df0</run_address>
         <size>0x2a</size>
         <input_file_ref idref="fl-159"/>
      </object_component>
      <object_component id="oc-155">
         <name>.text:TimerLoadSet</name>
         <load_address>0x20007e1a</load_address>
         <run_address>0x20007e1a</run_address>
         <size>0x2a</size>
         <input_file_ref idref="fl-161"/>
      </object_component>
      <object_component id="oc-329">
         <name>.text</name>
         <load_address>0x20007e44</load_address>
         <run_address>0x20007e44</run_address>
         <size>0x2a</size>
         <input_file_ref idref="fl-14e"/>
      </object_component>
      <object_component id="oc-232">
         <name>.text:GrStringNextCharGet</name>
         <load_address>0x20007e6e</load_address>
         <run_address>0x20007e6e</run_address>
         <size>0x28</size>
         <input_file_ref idref="fl-159"/>
      </object_component>
      <object_component id="oc-1ee">
         <name>.text:PRCMPeripheralClkDisable</name>
         <load_address>0x20007e98</load_address>
         <run_address>0x20007e98</run_address>
         <size>0x28</size>
         <input_file_ref idref="fl-15f"/>
      </object_component>
      <object_component id="oc-23a">
         <name>.text:GrFontInfoGet</name>
         <load_address>0x20007ec0</load_address>
         <run_address>0x20007ec0</run_address>
         <size>0x26</size>
         <input_file_ref idref="fl-159"/>
      </object_component>
      <object_component id="oc-299">
         <name>.text:UARTEnable</name>
         <load_address>0x20007ee6</load_address>
         <run_address>0x20007ee6</run_address>
         <size>0x24</size>
         <input_file_ref idref="fl-162"/>
      </object_component>
      <object_component id="oc-1b6">
         <name>.text</name>
         <load_address>0x20007f0a</load_address>
         <run_address>0x20007f0a</run_address>
         <size>0x24</size>
         <input_file_ref idref="fl-134"/>
      </object_component>
      <object_component id="oc-236">
         <name>.text:GrFontGlyphDataGet</name>
         <load_address>0x20007f2e</load_address>
         <run_address>0x20007f2e</run_address>
         <size>0x22</size>
         <input_file_ref idref="fl-159"/>
      </object_component>
      <object_component id="oc-f6">
         <name>.text:SPIReset</name>
         <load_address>0x20007f50</load_address>
         <run_address>0x20007f50</run_address>
         <size>0x22</size>
         <input_file_ref idref="fl-160"/>
      </object_component>
      <object_component id="oc-317">
         <name>.text</name>
         <load_address>0x20007f72</load_address>
         <run_address>0x20007f72</run_address>
         <size>0x22</size>
         <input_file_ref idref="fl-147"/>
      </object_component>
      <object_component id="oc-1ff">
         <name>.text:GPIOPinWrite</name>
         <load_address>0x20007f94</load_address>
         <run_address>0x20007f94</run_address>
         <size>0x20</size>
         <input_file_ref idref="fl-15c"/>
      </object_component>
      <object_component id="oc-278">
         <name>.text:IntRegister</name>
         <load_address>0x20007fb4</load_address>
         <run_address>0x20007fb4</run_address>
         <size>0x20</size>
         <input_file_ref idref="fl-15d"/>
      </object_component>
      <object_component id="oc-20b">
         <name>.text:SPIDataGet</name>
         <load_address>0x20007fd4</load_address>
         <run_address>0x20007fd4</run_address>
         <size>0x20</size>
         <input_file_ref idref="fl-160"/>
      </object_component>
      <object_component id="oc-2d5">
         <name>.text:GrFontCodepageGet</name>
         <load_address>0x20007ff4</load_address>
         <run_address>0x20007ff4</run_address>
         <size>0x1e</size>
         <input_file_ref idref="fl-159"/>
      </object_component>
      <object_component id="oc-205">
         <name>.text:SPIDataPut</name>
         <load_address>0x20008012</load_address>
         <run_address>0x20008012</run_address>
         <size>0x1e</size>
         <input_file_ref idref="fl-160"/>
      </object_component>
      <object_component id="oc-161">
         <name>.text:TimerEnable</name>
         <load_address>0x20008030</load_address>
         <run_address>0x20008030</run_address>
         <size>0x1e</size>
         <input_file_ref idref="fl-161"/>
      </object_component>
      <object_component id="oc-19e">
         <name>.text:UARTCharPut</name>
         <load_address>0x2000804e</load_address>
         <run_address>0x2000804e</run_address>
         <size>0x1e</size>
         <input_file_ref idref="fl-162"/>
      </object_component>
      <object_component id="oc-d2">
         <name>.text:TimerValueGet</name>
         <load_address>0x2000806c</load_address>
         <run_address>0x2000806c</run_address>
         <size>0x1c</size>
         <input_file_ref idref="fl-161"/>
      </object_component>
      <object_component id="oc-1aa">
         <name>.text:UARTCharGetNonBlocking</name>
         <load_address>0x20008088</load_address>
         <run_address>0x20008088</run_address>
         <size>0x1c</size>
         <input_file_ref idref="fl-162"/>
      </object_component>
      <object_component id="oc-32f">
         <name>.text</name>
         <load_address>0x200080a4</load_address>
         <run_address>0x200080a4</run_address>
         <size>0x1c</size>
         <input_file_ref idref="fl-14b"/>
      </object_component>
      <object_component id="oc-26d">
         <name>.text:PinTypeTimer</name>
         <load_address>0x200080c0</load_address>
         <run_address>0x200080c0</run_address>
         <size>0x1a</size>
         <input_file_ref idref="fl-15e"/>
      </object_component>
      <object_component id="oc-267">
         <name>.text:PinTypeUART</name>
         <load_address>0x200080da</load_address>
         <run_address>0x200080da</run_address>
         <size>0x1a</size>
         <input_file_ref idref="fl-15e"/>
      </object_component>
      <object_component id="oc-108">
         <name>.text:SPIEnable</name>
         <load_address>0x200080f4</load_address>
         <run_address>0x200080f4</run_address>
         <size>0x18</size>
         <input_file_ref idref="fl-160"/>
      </object_component>
      <object_component id="oc-15b">
         <name>.text:TimerIntEnable</name>
         <load_address>0x2000810c</load_address>
         <run_address>0x2000810c</run_address>
         <size>0x18</size>
         <input_file_ref idref="fl-161"/>
      </object_component>
      <object_component id="oc-1a4">
         <name>.text:UARTCharsAvail</name>
         <load_address>0x20008124</load_address>
         <run_address>0x20008124</run_address>
         <size>0x18</size>
         <input_file_ref idref="fl-162"/>
      </object_component>
      <object_component id="oc-67">
         <name>.text</name>
         <load_address>0x2000813c</load_address>
         <run_address>0x2000813c</run_address>
         <size>0x18</size>
         <input_file_ref idref="fl-13d"/>
      </object_component>
      <object_component id="oc-1d6">
         <name>.text:PRCMHIBRegRead</name>
         <load_address>0x20008154</load_address>
         <run_address>0x20008154</run_address>
         <size>0x16</size>
         <input_file_ref idref="fl-15f"/>
      </object_component>
      <object_component id="oc-1dc">
         <name>.text:PRCMHIBRegWrite</name>
         <load_address>0x2000816a</load_address>
         <run_address>0x2000816a</run_address>
         <size>0x16</size>
         <input_file_ref idref="fl-15f"/>
      </object_component>
      <object_component id="oc-323">
         <name>.text</name>
         <load_address>0x20008180</load_address>
         <run_address>0x20008180</run_address>
         <size>0x16</size>
         <input_file_ref idref="fl-14c"/>
      </object_component>
      <object_component id="oc-1c6">
         <name>.text:CPUcpsie</name>
         <load_address>0x20008196</load_address>
         <run_address>0x20008196</run_address>
         <size>0x14</size>
         <input_file_ref idref="fl-164"/>
      </object_component>
      <object_component id="oc-de">
         <name>.text:IntVTableBaseSet</name>
         <load_address>0x200081ac</load_address>
         <run_address>0x200081ac</run_address>
         <size>0x14</size>
         <input_file_ref idref="fl-15d"/>
      </object_component>
      <object_component id="oc-181">
         <name>.text</name>
         <load_address>0x200081c0</load_address>
         <run_address>0x200081c0</run_address>
         <size>0x14</size>
         <input_file_ref idref="fl-13b"/>
      </object_component>
      <object_component id="oc-1b0">
         <name>.text</name>
         <load_address>0x200081d4</load_address>
         <run_address>0x200081d4</run_address>
         <size>0x14</size>
         <input_file_ref idref="fl-139"/>
      </object_component>
      <object_component id="oc-cc">
         <name>.text:TimerIntClear</name>
         <load_address>0x200081e8</load_address>
         <run_address>0x200081e8</run_address>
         <size>0x12</size>
         <input_file_ref idref="fl-161"/>
      </object_component>
      <object_component id="oc-124">
         <name>.text:GrStringDraw</name>
         <load_address>0x200081fa</load_address>
         <run_address>0x200081fa</run_address>
         <size>0x10</size>
         <input_file_ref idref="fl-159"/>
      </object_component>
      <object_component id="oc-12">
         <name>.text:decompress:none</name>
         <load_address>0x2000820a</load_address>
         <run_address>0x2000820a</run_address>
         <size>0xe</size>
         <input_file_ref idref="fl-12f"/>
      </object_component>
      <object_component id="oc-2d">
         <name>.text</name>
         <load_address>0x20008218</load_address>
         <run_address>0x20008218</run_address>
         <size>0xe</size>
         <input_file_ref idref="fl-5"/>
      </object_component>
      <object_component id="oc-1e">
         <name>.text:decompress:ZI</name>
         <load_address>0x20008226</load_address>
         <run_address>0x20008226</run_address>
         <size>0xc</size>
         <input_file_ref idref="fl-131"/>
      </object_component>
      <object_component id="oc-e4">
         <name>.text:IntMasterEnable</name>
         <load_address>0x20008232</load_address>
         <run_address>0x20008232</run_address>
         <size>0xa</size>
         <input_file_ref idref="fl-15d"/>
      </object_component>
      <object_component id="oc-2c7">
         <name>.text:GrMapISO8859_1_Unicode</name>
         <load_address>0x2000823c</load_address>
         <run_address>0x2000823c</run_address>
         <size>0x8</size>
         <input_file_ref idref="fl-15b"/>
      </object_component>
      <object_component id="oc-118">
         <name>.text:GrContextFontSet</name>
         <load_address>0x20008244</load_address>
         <run_address>0x20008244</run_address>
         <size>0x6</size>
         <input_file_ref idref="fl-159"/>
      </object_component>
      <object_component id="oc-167">
         <name>.text:UtilsDelay</name>
         <load_address>0x2000824a</load_address>
         <run_address>0x2000824a</run_address>
         <size>0x6</size>
         <input_file_ref idref="fl-163"/>
      </object_component>
      <object_component id="oc-18">
         <name>.text:decompress:rle24</name>
         <load_address>0x20008250</load_address>
         <run_address>0x20008250</run_address>
         <size>0x6</size>
         <input_file_ref idref="fl-130"/>
      </object_component>
      <object_component id="oc-5b">
         <name>.text</name>
         <load_address>0x20008256</load_address>
         <run_address>0x20008256</run_address>
         <size>0x4</size>
         <input_file_ref idref="fl-137"/>
      </object_component>
      <object_component id="oc-289">
         <name>.const:g_pucCm30bData</name>
         <load_address>0x2000825c</load_address>
         <run_address>0x2000825c</run_address>
         <size>0xd2c</size>
         <input_file_ref idref="fl-158"/>
      </object_component>
      <object_component id="oc-39a">
         <name>.const:.string:_ctypes_</name>
         <load_address>0x20008f88</load_address>
         <run_address>0x20008f88</run_address>
         <size>0x101</size>
         <input_file_ref idref="fl-141"/>
      </object_component>
      <object_component id="oc-274">
         <name>.const:g_ulPinToPadMap</name>
         <load_address>0x2000908c</load_address>
         <run_address>0x2000908c</run_address>
         <size>0x100</size>
         <input_file_ref idref="fl-15e"/>
      </object_component>
      <object_component id="oc-21b">
         <name>.const:usInitScript</name>
         <load_address>0x2000918c</load_address>
         <run_address>0x2000918c</run_address>
         <size>0xce</size>
         <input_file_ref idref="fl-2"/>
      </object_component>
      <object_component id="oc-16f">
         <name>.const:g_sFontCm30b</name>
         <load_address>0x2000925c</load_address>
         <run_address>0x2000925c</run_address>
         <size>0xc8</size>
         <input_file_ref idref="fl-158"/>
      </object_component>
      <object_component id="oc-2af">
         <name>.const:PRCM_PeriphRegsList</name>
         <load_address>0x20009324</load_address>
         <run_address>0x20009324</run_address>
         <size>0xa8</size>
         <input_file_ref idref="fl-15f"/>
      </object_component>
      <object_component id="oc-1d2">
         <name>.const</name>
         <load_address>0x200093cc</load_address>
         <run_address>0x200093cc</run_address>
         <size>0x80</size>
         <input_file_ref idref="fl-15d"/>
      </object_component>
      <object_component id="oc-16c">
         <name>.const:g_sAdafruit320x240x16_ILI9325</name>
         <load_address>0x2000944c</load_address>
         <run_address>0x2000944c</run_address>
         <size>0x28</size>
         <input_file_ref idref="fl-2"/>
      </object_component>
      <object_component id="oc-226">
         <name>.const</name>
         <load_address>0x20009474</load_address>
         <run_address>0x20009474</run_address>
         <size>0x10</size>
         <input_file_ref idref="fl-15a"/>
      </object_component>
      <object_component id="oc-21e">
         <name>.const</name>
         <load_address>0x20009484</load_address>
         <run_address>0x20009484</run_address>
         <size>0x8</size>
         <input_file_ref idref="fl-2"/>
      </object_component>
      <object_component id="oc-43a">
         <name>.cinit..data.load</name>
         <load_address>0x20009490</load_address>
         <run_address>0x20009490</run_address>
         <size>0x52</size>
      </object_component>
      <object_component id="oc-438">
         <name>__TI_handler_table</name>
         <load_address>0x200094e4</load_address>
         <run_address>0x200094e4</run_address>
         <size>0xc</size>
      </object_component>
      <object_component id="oc-43b">
         <name>.cinit..bss.load</name>
         <load_address>0x200094f0</load_address>
         <run_address>0x200094f0</run_address>
         <size>0x8</size>
      </object_component>
      <object_component id="oc-439">
         <name>__TI_cinit_table</name>
         <load_address>0x200094f8</load_address>
         <run_address>0x200094f8</run_address>
         <size>0x10</size>
      </object_component>
      <object_component id="oc-2a">
         <name>.sysmem</name>
         <uninitialized>true</uninitialized>
         <run_address>0x20017000</run_address>
         <size>0x8</size>
         <input_file_ref idref="fl-135"/>
      </object_component>
      <object_component id="oc-43d">
         <name>.sysmem</name>
         <uninitialized>true</uninitialized>
         <run_address>0x20017000</run_address>
         <size>0x0</size>
      </object_component>
      <object_component id="oc-29">
         <name>.stack</name>
         <uninitialized>true</uninitialized>
         <run_address>0x2002f000</run_address>
         <size>0x0</size>
         <input_file_ref idref="fl-12e"/>
      </object_component>
      <object_component id="oc-43c">
         <name>.stack</name>
         <uninitialized>true</uninitialized>
         <run_address>0x2002f000</run_address>
         <size>0x0</size>
      </object_component>
      <object_component id="oc-169">
         <name>.bss:sContext</name>
         <uninitialized>true</uninitialized>
         <run_address>0x20017960</run_address>
         <size>0x2c</size>
         <input_file_ref idref="fl-3"/>
      </object_component>
      <object_component id="oc-228">
         <name>.bss</name>
         <uninitialized>true</uninitialized>
         <run_address>0x20017994</run_address>
         <size>0x4</size>
         <input_file_ref idref="fl-15a"/>
      </object_component>
      <object_component id="oc-217">
         <name>.common:g_usPosX</name>
         <uninitialized>true</uninitialized>
         <run_address>0x200179a0</run_address>
         <size>0x2</size>
      </object_component>
      <object_component id="oc-21a">
         <name>.common:g_usPosY</name>
         <uninitialized>true</uninitialized>
         <run_address>0x200179a2</run_address>
         <size>0x2</size>
      </object_component>
      <object_component id="oc-134">
         <name>.common:g_ulSamples</name>
         <uninitialized>true</uninitialized>
         <run_address>0x2001798c</run_address>
         <size>0x8</size>
      </object_component>
      <object_component id="oc-168">
         <name>.common:g_ulFreq</name>
         <uninitialized>true</uninitialized>
         <run_address>0x2001799c</run_address>
         <size>0x4</size>
      </object_component>
      <object_component id="oc-1bc">
         <name>.common:__Errorlog</name>
         <uninitialized>true</uninitialized>
         <run_address>0x20017998</run_address>
         <size>0x4</size>
      </object_component>
      <object_component id="oc-171">
         <name>.data</name>
         <load_address>0x20017954</load_address>
         <run_address>0x20017954</run_address>
         <size>0x4</size>
         <input_file_ref idref="fl-3"/>
      </object_component>
      <object_component id="oc-aa">
         <name>.data</name>
         <load_address>0x20017944</load_address>
         <run_address>0x20017944</run_address>
         <size>0x8</size>
         <input_file_ref idref="fl-132"/>
      </object_component>
      <object_component id="oc-245">
         <name>.data</name>
         <load_address>0x20017930</load_address>
         <run_address>0x20017930</run_address>
         <size>0xc</size>
         <input_file_ref idref="fl-135"/>
      </object_component>
      <object_component id="oc-73">
         <name>.data</name>
         <load_address>0x2001795c</load_address>
         <run_address>0x2001795c</run_address>
         <size>0x4</size>
         <input_file_ref idref="fl-138"/>
      </object_component>
      <object_component id="oc-a7">
         <name>.data</name>
         <load_address>0x2001793c</load_address>
         <run_address>0x2001793c</run_address>
         <size>0x8</size>
         <input_file_ref idref="fl-13b"/>
      </object_component>
      <object_component id="oc-3bb">
         <name>.data</name>
         <load_address>0x200178b0</load_address>
         <run_address>0x200178b0</run_address>
         <size>0x80</size>
         <input_file_ref idref="fl-152"/>
      </object_component>
      <object_component id="oc-3c6">
         <name>.data</name>
         <load_address>0x20017958</load_address>
         <run_address>0x20017958</run_address>
         <size>0x4</size>
         <input_file_ref idref="fl-153"/>
      </object_component>
      <object_component id="oc-3ea">
         <name>.data</name>
         <load_address>0x2001794c</load_address>
         <run_address>0x2001794c</run_address>
         <size>0x8</size>
         <input_file_ref idref="fl-154"/>
      </object_component>
      <object_component id="oc-405">
         <name>.data:sigtable</name>
         <load_address>0x20017800</load_address>
         <run_address>0x20017800</run_address>
         <size>0xb0</size>
         <input_file_ref idref="fl-156"/>
      </object_component>
      <object_component id="oc-218">
         <name>.debug_info</name>
         <load_address>0x0</load_address>
         <run_address>0x0</run_address>
         <size>0x49c</size>
         <input_file_ref idref="fl-2"/>
      </object_component>
      <object_component id="oc-21c">
         <name>.debug_info</name>
         <load_address>0x49c</load_address>
         <run_address>0x49c</run_address>
         <size>0xef</size>
         <input_file_ref idref="fl-2"/>
      </object_component>
      <object_component id="oc-21f">
         <name>.debug_info</name>
         <load_address>0x58b</load_address>
         <run_address>0x58b</run_address>
         <size>0xef</size>
         <input_file_ref idref="fl-2"/>
      </object_component>
      <object_component id="oc-16d">
         <name>.debug_info</name>
         <load_address>0x67a</load_address>
         <run_address>0x67a</run_address>
         <size>0x113</size>
         <input_file_ref idref="fl-2"/>
      </object_component>
      <object_component id="oc-10f">
         <name>.debug_info</name>
         <load_address>0x78d</load_address>
         <run_address>0x78d</run_address>
         <size>0x18f8</size>
         <input_file_ref idref="fl-2"/>
      </object_component>
      <object_component id="oc-25d">
         <name>.debug_info</name>
         <load_address>0x2085</load_address>
         <run_address>0x2085</run_address>
         <size>0x6bb</size>
         <input_file_ref idref="fl-2"/>
      </object_component>
      <object_component id="oc-367">
         <name>.debug_info</name>
         <load_address>0x2740</load_address>
         <run_address>0x2740</run_address>
         <size>0x62</size>
         <input_file_ref idref="fl-2"/>
      </object_component>
      <object_component id="oc-7e">
         <name>.debug_info</name>
         <load_address>0x27a2</load_address>
         <run_address>0x27a2</run_address>
         <size>0x84</size>
         <input_file_ref idref="fl-2"/>
      </object_component>
      <object_component id="oc-1cd">
         <name>.debug_info</name>
         <load_address>0x2826</load_address>
         <run_address>0x2826</run_address>
         <size>0x2c</size>
         <input_file_ref idref="fl-2"/>
      </object_component>
      <object_component id="oc-135">
         <name>.debug_info</name>
         <load_address>0x2852</load_address>
         <run_address>0x2852</run_address>
         <size>0x9fa</size>
         <input_file_ref idref="fl-3"/>
      </object_component>
      <object_component id="oc-16a">
         <name>.debug_info</name>
         <load_address>0x324c</load_address>
         <run_address>0x324c</run_address>
         <size>0xc9</size>
         <input_file_ref idref="fl-3"/>
      </object_component>
      <object_component id="oc-172">
         <name>.debug_info</name>
         <load_address>0x3315</load_address>
         <run_address>0x3315</run_address>
         <size>0xd4</size>
         <input_file_ref idref="fl-3"/>
      </object_component>
      <object_component id="oc-a0">
         <name>.debug_info</name>
         <load_address>0x33e9</load_address>
         <run_address>0x33e9</run_address>
         <size>0x6f3</size>
         <input_file_ref idref="fl-3"/>
      </object_component>
      <object_component id="oc-262">
         <name>.debug_info</name>
         <load_address>0x3adc</load_address>
         <run_address>0x3adc</run_address>
         <size>0xc8</size>
         <input_file_ref idref="fl-3"/>
      </object_component>
      <object_component id="oc-175">
         <name>.debug_info</name>
         <load_address>0x3ba4</load_address>
         <run_address>0x3ba4</run_address>
         <size>0x4e</size>
         <input_file_ref idref="fl-3"/>
      </object_component>
      <object_component id="oc-138">
         <name>.debug_info</name>
         <load_address>0x3bf2</load_address>
         <run_address>0x3bf2</run_address>
         <size>0x175</size>
         <input_file_ref idref="fl-4"/>
      </object_component>
      <object_component id="oc-35">
         <name>.debug_info</name>
         <load_address>0x3d67</load_address>
         <run_address>0x3d67</run_address>
         <size>0x121</size>
         <input_file_ref idref="fl-5"/>
      </object_component>
      <object_component id="oc-10">
         <name>.debug_info</name>
         <load_address>0x3e88</load_address>
         <run_address>0x3e88</run_address>
         <size>0x106</size>
         <input_file_ref idref="fl-5"/>
      </object_component>
      <object_component id="oc-2e">
         <name>.debug_info</name>
         <load_address>0x3f8e</load_address>
         <run_address>0x3f8e</run_address>
         <size>0x427</size>
         <input_file_ref idref="fl-5"/>
      </object_component>
      <object_component id="oc-1bd">
         <name>.debug_info</name>
         <load_address>0x43b5</load_address>
         <run_address>0x43b5</run_address>
         <size>0x3a1</size>
         <input_file_ref idref="fl-6"/>
      </object_component>
      <object_component id="oc-d9">
         <name>.debug_info</name>
         <load_address>0x4756</load_address>
         <run_address>0x4756</run_address>
         <size>0x8da</size>
         <input_file_ref idref="fl-6"/>
      </object_component>
      <object_component id="oc-1c0">
         <name>.debug_info</name>
         <load_address>0x5030</load_address>
         <run_address>0x5030</run_address>
         <size>0x110</size>
         <input_file_ref idref="fl-6"/>
      </object_component>
      <object_component id="oc-25">
         <name>.debug_info</name>
         <load_address>0x5140</load_address>
         <run_address>0x5140</run_address>
         <size>0x169</size>
         <input_file_ref idref="fl-12e"/>
      </object_component>
      <object_component id="oc-41">
         <name>.debug_info</name>
         <load_address>0x52a9</load_address>
         <run_address>0x52a9</run_address>
         <size>0x156</size>
         <input_file_ref idref="fl-12f"/>
      </object_component>
      <object_component id="oc-13">
         <name>.debug_info</name>
         <load_address>0x53ff</load_address>
         <run_address>0x53ff</run_address>
         <size>0x1f5</size>
         <input_file_ref idref="fl-12f"/>
      </object_component>
      <object_component id="oc-3c">
         <name>.debug_info</name>
         <load_address>0x55f4</load_address>
         <run_address>0x55f4</run_address>
         <size>0x46</size>
         <input_file_ref idref="fl-12f"/>
      </object_component>
      <object_component id="oc-84">
         <name>.debug_info</name>
         <load_address>0x563a</load_address>
         <run_address>0x563a</run_address>
         <size>0x2c</size>
         <input_file_ref idref="fl-12f"/>
      </object_component>
      <object_component id="oc-49">
         <name>.debug_info</name>
         <load_address>0x5666</load_address>
         <run_address>0x5666</run_address>
         <size>0x14a</size>
         <input_file_ref idref="fl-130"/>
      </object_component>
      <object_component id="oc-44">
         <name>.debug_info</name>
         <load_address>0x57b0</load_address>
         <run_address>0x57b0</run_address>
         <size>0x25d</size>
         <input_file_ref idref="fl-130"/>
      </object_component>
      <object_component id="oc-1a">
         <name>.debug_info</name>
         <load_address>0x5a0d</load_address>
         <run_address>0x5a0d</run_address>
         <size>0x1c7</size>
         <input_file_ref idref="fl-130"/>
      </object_component>
      <object_component id="oc-4a">
         <name>.debug_info</name>
         <load_address>0x5bd4</load_address>
         <run_address>0x5bd4</run_address>
         <size>0x39</size>
         <input_file_ref idref="fl-130"/>
      </object_component>
      <object_component id="oc-8e">
         <name>.debug_info</name>
         <load_address>0x5c0d</load_address>
         <run_address>0x5c0d</run_address>
         <size>0x2c</size>
         <input_file_ref idref="fl-130"/>
      </object_component>
      <object_component id="oc-5a">
         <name>.debug_info</name>
         <load_address>0x5c39</load_address>
         <run_address>0x5c39</run_address>
         <size>0x145</size>
         <input_file_ref idref="fl-131"/>
      </object_component>
      <object_component id="oc-1f">
         <name>.debug_info</name>
         <load_address>0x5d7e</load_address>
         <run_address>0x5d7e</run_address>
         <size>0x1c0</size>
         <input_file_ref idref="fl-131"/>
      </object_component>
      <object_component id="oc-55">
         <name>.debug_info</name>
         <load_address>0x5f3e</load_address>
         <run_address>0x5f3e</run_address>
         <size>0x46</size>
         <input_file_ref idref="fl-131"/>
      </object_component>
      <object_component id="oc-ae">
         <name>.debug_info</name>
         <load_address>0x5f84</load_address>
         <run_address>0x5f84</run_address>
         <size>0x1a7</size>
         <input_file_ref idref="fl-132"/>
      </object_component>
      <object_component id="oc-ab">
         <name>.debug_info</name>
         <load_address>0x612b</load_address>
         <run_address>0x612b</run_address>
         <size>0x14c</size>
         <input_file_ref idref="fl-132"/>
      </object_component>
      <object_component id="oc-6e">
         <name>.debug_info</name>
         <load_address>0x6277</load_address>
         <run_address>0x6277</run_address>
         <size>0x223</size>
         <input_file_ref idref="fl-132"/>
      </object_component>
      <object_component id="oc-38">
         <name>.debug_info</name>
         <load_address>0x649a</load_address>
         <run_address>0x649a</run_address>
         <size>0x12b</size>
         <input_file_ref idref="fl-133"/>
      </object_component>
      <object_component id="oc-2a6">
         <name>.debug_info</name>
         <load_address>0x65c5</load_address>
         <run_address>0x65c5</run_address>
         <size>0x142</size>
         <input_file_ref idref="fl-134"/>
      </object_component>
      <object_component id="oc-1b7">
         <name>.debug_info</name>
         <load_address>0x6707</load_address>
         <run_address>0x6707</run_address>
         <size>0x1c1</size>
         <input_file_ref idref="fl-134"/>
      </object_component>
      <object_component id="oc-79">
         <name>.debug_info</name>
         <load_address>0x68c8</load_address>
         <run_address>0x68c8</run_address>
         <size>0x238</size>
         <input_file_ref idref="fl-135"/>
      </object_component>
      <object_component id="oc-2b">
         <name>.debug_info</name>
         <load_address>0x6b00</load_address>
         <run_address>0x6b00</run_address>
         <size>0x117</size>
         <input_file_ref idref="fl-135"/>
      </object_component>
      <object_component id="oc-246">
         <name>.debug_info</name>
         <load_address>0x6c17</load_address>
         <run_address>0x6c17</run_address>
         <size>0x162</size>
         <input_file_ref idref="fl-135"/>
      </object_component>
      <object_component id="oc-129">
         <name>.debug_info</name>
         <load_address>0x6d79</load_address>
         <run_address>0x6d79</run_address>
         <size>0x8a1</size>
         <input_file_ref idref="fl-135"/>
      </object_component>
      <object_component id="oc-b4">
         <name>.debug_info</name>
         <load_address>0x761a</load_address>
         <run_address>0x761a</run_address>
         <size>0x2c</size>
         <input_file_ref idref="fl-135"/>
      </object_component>
      <object_component id="oc-b9">
         <name>.debug_info</name>
         <load_address>0x7646</load_address>
         <run_address>0x7646</run_address>
         <size>0x62</size>
         <input_file_ref idref="fl-135"/>
      </object_component>
      <object_component id="oc-50">
         <name>.debug_info</name>
         <load_address>0x76a8</load_address>
         <run_address>0x76a8</run_address>
         <size>0x159</size>
         <input_file_ref idref="fl-136"/>
      </object_component>
      <object_component id="oc-5d">
         <name>.debug_info</name>
         <load_address>0x7801</load_address>
         <run_address>0x7801</run_address>
         <size>0x15e</size>
         <input_file_ref idref="fl-137"/>
      </object_component>
      <object_component id="oc-74">
         <name>.debug_info</name>
         <load_address>0x795f</load_address>
         <run_address>0x795f</run_address>
         <size>0x11f</size>
         <input_file_ref idref="fl-138"/>
      </object_component>
      <object_component id="oc-2a4">
         <name>.debug_info</name>
         <load_address>0x7a7e</load_address>
         <run_address>0x7a7e</run_address>
         <size>0x100</size>
         <input_file_ref idref="fl-139"/>
      </object_component>
      <object_component id="oc-1b1">
         <name>.debug_info</name>
         <load_address>0x7b7e</load_address>
         <run_address>0x7b7e</run_address>
         <size>0x276</size>
         <input_file_ref idref="fl-139"/>
      </object_component>
      <object_component id="oc-250">
         <name>.debug_info</name>
         <load_address>0x7df4</load_address>
         <run_address>0x7df4</run_address>
         <size>0x1de</size>
         <input_file_ref idref="fl-13a"/>
      </object_component>
      <object_component id="oc-130">
         <name>.debug_info</name>
         <load_address>0x7fd2</load_address>
         <run_address>0x7fd2</run_address>
         <size>0x372</size>
         <input_file_ref idref="fl-13a"/>
      </object_component>
      <object_component id="oc-251">
         <name>.debug_info</name>
         <load_address>0x8344</load_address>
         <run_address>0x8344</run_address>
         <size>0x2c</size>
         <input_file_ref idref="fl-13a"/>
      </object_component>
      <object_component id="oc-256">
         <name>.debug_info</name>
         <load_address>0x8370</load_address>
         <run_address>0x8370</run_address>
         <size>0x69</size>
         <input_file_ref idref="fl-13a"/>
      </object_component>
      <object_component id="oc-189">
         <name>.debug_info</name>
         <load_address>0x83d9</load_address>
         <run_address>0x83d9</run_address>
         <size>0x13a</size>
         <input_file_ref idref="fl-13b"/>
      </object_component>
      <object_component id="oc-a8">
         <name>.debug_info</name>
         <load_address>0x8513</load_address>
         <run_address>0x8513</run_address>
         <size>0x129</size>
         <input_file_ref idref="fl-13b"/>
      </object_component>
      <object_component id="oc-182">
         <name>.debug_info</name>
         <load_address>0x863c</load_address>
         <run_address>0x863c</run_address>
         <size>0x235</size>
         <input_file_ref idref="fl-13b"/>
      </object_component>
      <object_component id="oc-33c">
         <name>.debug_info</name>
         <load_address>0x8871</load_address>
         <run_address>0x8871</run_address>
         <size>0x36d</size>
         <input_file_ref idref="fl-13c"/>
      </object_component>
      <object_component id="oc-24a">
         <name>.debug_info</name>
         <load_address>0x8bde</load_address>
         <run_address>0x8bde</run_address>
         <size>0x181d</size>
         <input_file_ref idref="fl-13c"/>
      </object_component>
      <object_component id="oc-33d">
         <name>.debug_info</name>
         <load_address>0xa3fb</load_address>
         <run_address>0xa3fb</run_address>
         <size>0x86</size>
         <input_file_ref idref="fl-13c"/>
      </object_component>
      <object_component id="oc-3a1">
         <name>.debug_info</name>
         <load_address>0xa481</load_address>
         <run_address>0xa481</run_address>
         <size>0x46</size>
         <input_file_ref idref="fl-13c"/>
      </object_component>
      <object_component id="oc-342">
         <name>.debug_info</name>
         <load_address>0xa4c7</load_address>
         <run_address>0xa4c7</run_address>
         <size>0x39</size>
         <input_file_ref idref="fl-13c"/>
      </object_component>
      <object_component id="oc-a6">
         <name>.debug_info</name>
         <load_address>0xa500</load_address>
         <run_address>0xa500</run_address>
         <size>0x17c</size>
         <input_file_ref idref="fl-13d"/>
      </object_component>
      <object_component id="oc-6a">
         <name>.debug_info</name>
         <load_address>0xa67c</load_address>
         <run_address>0xa67c</run_address>
         <size>0x17d</size>
         <input_file_ref idref="fl-13d"/>
      </object_component>
      <object_component id="oc-17c">
         <name>.debug_info</name>
         <load_address>0xa7f9</load_address>
         <run_address>0xa7f9</run_address>
         <size>0x5e</size>
         <input_file_ref idref="fl-13d"/>
      </object_component>
      <object_component id="oc-39e">
         <name>.debug_info</name>
         <load_address>0xa857</load_address>
         <run_address>0xa857</run_address>
         <size>0x12a</size>
         <input_file_ref idref="fl-13e"/>
      </object_component>
      <object_component id="oc-336">
         <name>.debug_info</name>
         <load_address>0xa981</load_address>
         <run_address>0xa981</run_address>
         <size>0x187</size>
         <input_file_ref idref="fl-13e"/>
      </object_component>
      <object_component id="oc-9e">
         <name>.debug_info</name>
         <load_address>0xab08</load_address>
         <run_address>0xab08</run_address>
         <size>0x2d3</size>
         <input_file_ref idref="fl-13f"/>
      </object_component>
      <object_component id="oc-62">
         <name>.debug_info</name>
         <load_address>0xaddb</load_address>
         <run_address>0xaddb</run_address>
         <size>0x18d</size>
         <input_file_ref idref="fl-13f"/>
      </object_component>
      <object_component id="oc-c2">
         <name>.debug_info</name>
         <load_address>0xaf68</load_address>
         <run_address>0xaf68</run_address>
         <size>0x39</size>
         <input_file_ref idref="fl-13f"/>
      </object_component>
      <object_component id="oc-c7">
         <name>.debug_info</name>
         <load_address>0xafa1</load_address>
         <run_address>0xafa1</run_address>
         <size>0xcd</size>
         <input_file_ref idref="fl-13f"/>
      </object_component>
      <object_component id="oc-bf">
         <name>.debug_info</name>
         <load_address>0xb06e</load_address>
         <run_address>0xb06e</run_address>
         <size>0x1f6</size>
         <input_file_ref idref="fl-140"/>
      </object_component>
      <object_component id="oc-98">
         <name>.debug_info</name>
         <load_address>0xb264</load_address>
         <run_address>0xb264</run_address>
         <size>0x199</size>
         <input_file_ref idref="fl-140"/>
      </object_component>
      <object_component id="oc-191">
         <name>.debug_info</name>
         <load_address>0xb3fd</load_address>
         <run_address>0xb3fd</run_address>
         <size>0x2c</size>
         <input_file_ref idref="fl-140"/>
      </object_component>
      <object_component id="oc-3d4">
         <name>.debug_info</name>
         <load_address>0xb429</load_address>
         <run_address>0xb429</run_address>
         <size>0x104</size>
         <input_file_ref idref="fl-141"/>
      </object_component>
      <object_component id="oc-39b">
         <name>.debug_info</name>
         <load_address>0xb52d</load_address>
         <run_address>0xb52d</run_address>
         <size>0x110</size>
         <input_file_ref idref="fl-141"/>
      </object_component>
      <object_component id="oc-313">
         <name>.debug_info</name>
         <load_address>0xb63d</load_address>
         <run_address>0xb63d</run_address>
         <size>0x15e</size>
         <input_file_ref idref="fl-142"/>
      </object_component>
      <object_component id="oc-2ef">
         <name>.debug_info</name>
         <load_address>0xb79b</load_address>
         <run_address>0xb79b</run_address>
         <size>0x13a</size>
         <input_file_ref idref="fl-143"/>
      </object_component>
      <object_component id="oc-2fe">
         <name>.debug_info</name>
         <load_address>0xb8d5</load_address>
         <run_address>0xb8d5</run_address>
         <size>0x13c</size>
         <input_file_ref idref="fl-143"/>
      </object_component>
      <object_component id="oc-2f9">
         <name>.debug_info</name>
         <load_address>0xba11</load_address>
         <run_address>0xba11</run_address>
         <size>0x14c</size>
         <input_file_ref idref="fl-144"/>
      </object_component>
      <object_component id="oc-2f4">
         <name>.debug_info</name>
         <load_address>0xbb5d</load_address>
         <run_address>0xbb5d</run_address>
         <size>0x14c</size>
         <input_file_ref idref="fl-145"/>
      </object_component>
      <object_component id="oc-303">
         <name>.debug_info</name>
         <load_address>0xbca9</load_address>
         <run_address>0xbca9</run_address>
         <size>0x140</size>
         <input_file_ref idref="fl-146"/>
      </object_component>
      <object_component id="oc-385">
         <name>.debug_info</name>
         <load_address>0xbde9</load_address>
         <run_address>0xbde9</run_address>
         <size>0x133</size>
         <input_file_ref idref="fl-147"/>
      </object_component>
      <object_component id="oc-318">
         <name>.debug_info</name>
         <load_address>0xbf1c</load_address>
         <run_address>0xbf1c</run_address>
         <size>0x1a2</size>
         <input_file_ref idref="fl-147"/>
      </object_component>
      <object_component id="oc-30f">
         <name>.debug_info</name>
         <load_address>0xc0be</load_address>
         <run_address>0xc0be</run_address>
         <size>0x13e</size>
         <input_file_ref idref="fl-148"/>
      </object_component>
      <object_component id="oc-393">
         <name>.debug_info</name>
         <load_address>0xc1fc</load_address>
         <run_address>0xc1fc</run_address>
         <size>0x177</size>
         <input_file_ref idref="fl-149"/>
      </object_component>
      <object_component id="oc-31e">
         <name>.debug_info</name>
         <load_address>0xc373</load_address>
         <run_address>0xc373</run_address>
         <size>0x199</size>
         <input_file_ref idref="fl-149"/>
      </object_component>
      <object_component id="oc-37b">
         <name>.debug_info</name>
         <load_address>0xc50c</load_address>
         <run_address>0xc50c</run_address>
         <size>0x162</size>
         <input_file_ref idref="fl-14a"/>
      </object_component>
      <object_component id="oc-308">
         <name>.debug_info</name>
         <load_address>0xc66e</load_address>
         <run_address>0xc66e</run_address>
         <size>0x1d8</size>
         <input_file_ref idref="fl-14a"/>
      </object_component>
      <object_component id="oc-399">
         <name>.debug_info</name>
         <load_address>0xc846</load_address>
         <run_address>0xc846</run_address>
         <size>0x107</size>
         <input_file_ref idref="fl-14b"/>
      </object_component>
      <object_component id="oc-330">
         <name>.debug_info</name>
         <load_address>0xc94d</load_address>
         <run_address>0xc94d</run_address>
         <size>0x1c1</size>
         <input_file_ref idref="fl-14b"/>
      </object_component>
      <object_component id="oc-395">
         <name>.debug_info</name>
         <load_address>0xcb0e</load_address>
         <run_address>0xcb0e</run_address>
         <size>0x10b</size>
         <input_file_ref idref="fl-14c"/>
      </object_component>
      <object_component id="oc-324">
         <name>.debug_info</name>
         <load_address>0xcc19</load_address>
         <run_address>0xcc19</run_address>
         <size>0x290</size>
         <input_file_ref idref="fl-14c"/>
      </object_component>
      <object_component id="oc-2eb">
         <name>.debug_info</name>
         <load_address>0xcea9</load_address>
         <run_address>0xcea9</run_address>
         <size>0x197</size>
         <input_file_ref idref="fl-14d"/>
      </object_component>
      <object_component id="oc-397">
         <name>.debug_info</name>
         <load_address>0xd040</load_address>
         <run_address>0xd040</run_address>
         <size>0x128</size>
         <input_file_ref idref="fl-14e"/>
      </object_component>
      <object_component id="oc-32a">
         <name>.debug_info</name>
         <load_address>0xd168</load_address>
         <run_address>0xd168</run_address>
         <size>0x169</size>
         <input_file_ref idref="fl-14e"/>
      </object_component>
      <object_component id="oc-3bf">
         <name>.debug_info</name>
         <load_address>0xd2d1</load_address>
         <run_address>0xd2d1</run_address>
         <size>0x146</size>
         <input_file_ref idref="fl-14f"/>
      </object_component>
      <object_component id="oc-387">
         <name>.debug_info</name>
         <load_address>0xd417</load_address>
         <run_address>0xd417</run_address>
         <size>0x1c7</size>
         <input_file_ref idref="fl-14f"/>
      </object_component>
      <object_component id="oc-3dd">
         <name>.debug_info</name>
         <load_address>0xd5de</load_address>
         <run_address>0xd5de</run_address>
         <size>0x86</size>
         <input_file_ref idref="fl-14f"/>
      </object_component>
      <object_component id="oc-3b8">
         <name>.debug_info</name>
         <load_address>0xd664</load_address>
         <run_address>0xd664</run_address>
         <size>0x130</size>
         <input_file_ref idref="fl-150"/>
      </object_component>
      <object_component id="oc-37f">
         <name>.debug_info</name>
         <load_address>0xd794</load_address>
         <run_address>0xd794</run_address>
         <size>0x1a8</size>
         <input_file_ref idref="fl-150"/>
      </object_component>
      <object_component id="oc-38d">
         <name>.debug_info</name>
         <load_address>0xd93c</load_address>
         <run_address>0xd93c</run_address>
         <size>0x188</size>
         <input_file_ref idref="fl-151"/>
      </object_component>
      <object_component id="oc-3bc">
         <name>.debug_info</name>
         <load_address>0xdac4</load_address>
         <run_address>0xdac4</run_address>
         <size>0x1ea</size>
         <input_file_ref idref="fl-152"/>
      </object_component>
      <object_component id="oc-3c7">
         <name>.debug_info</name>
         <load_address>0xdcae</load_address>
         <run_address>0xdcae</run_address>
         <size>0x10b</size>
         <input_file_ref idref="fl-153"/>
      </object_component>
      <object_component id="oc-403">
         <name>.debug_info</name>
         <load_address>0xddb9</load_address>
         <run_address>0xddb9</run_address>
         <size>0x173</size>
         <input_file_ref idref="fl-154"/>
      </object_component>
      <object_component id="oc-3eb">
         <name>.debug_info</name>
         <load_address>0xdf2c</load_address>
         <run_address>0xdf2c</run_address>
         <size>0x143</size>
         <input_file_ref idref="fl-154"/>
      </object_component>
      <object_component id="oc-3c1">
         <name>.debug_info</name>
         <load_address>0xe06f</load_address>
         <run_address>0xe06f</run_address>
         <size>0x1a4</size>
         <input_file_ref idref="fl-154"/>
      </object_component>
      <object_component id="oc-3fe">
         <name>.debug_info</name>
         <load_address>0xe213</load_address>
         <run_address>0xe213</run_address>
         <size>0x6f</size>
         <input_file_ref idref="fl-154"/>
      </object_component>
      <object_component id="oc-3fb">
         <name>.debug_info</name>
         <load_address>0xe282</load_address>
         <run_address>0xe282</run_address>
         <size>0x132</size>
         <input_file_ref idref="fl-155"/>
      </object_component>
      <object_component id="oc-3e5">
         <name>.debug_info</name>
         <load_address>0xe3b4</load_address>
         <run_address>0xe3b4</run_address>
         <size>0x189</size>
         <input_file_ref idref="fl-155"/>
      </object_component>
      <object_component id="oc-40c">
         <name>.debug_info</name>
         <load_address>0xe53d</load_address>
         <run_address>0xe53d</run_address>
         <size>0x2c</size>
         <input_file_ref idref="fl-155"/>
      </object_component>
      <object_component id="oc-409">
[...]
      </symbol>
      <symbol id="sm-214">
         <name>memmove</name>
         <value>0x20007f0b</value>
         <object_component_ref idref="oc-1b6"/>
      </symbol>
      <symbol id="sm-28b">
         <name>_sys_memory</name>
         <value>0x20017000</value>
         <object_component_ref idref="oc-2a"/>
      </symbol>
      <symbol id="sm-28c">
         <name>free</name>
         <value>0x20005b2b</value>
         <object_component_ref idref="oc-128"/>
      </symbol>
      <symbol id="sm-28d">
         <name>realloc</name>
         <value>0x20005bed</value>
         <object_component_ref idref="oc-128"/>
      </symbol>
      <symbol id="sm-28e">
         <name>memalign</name>
         <value>0x20005cf9</value>
         <object_component_ref idref="oc-128"/>
      </symbol>
      <symbol id="sm-28f">
         <name>calloc</name>
         <value>0x20005ddd</value>
         <object_component_ref idref="oc-128"/>
      </symbol>
      <symbol id="sm-290">
         <name>malloc</name>
         <value>0x20005ac3</value>
         <object_component_ref idref="oc-128"/>
      </symbol>
      <symbol id="sm-291">
         <name>minit</name>
         <value>0x20005a35</value>
         <object_component_ref idref="oc-128"/>
      </symbol>
      <symbol id="sm-2a0">
         <name>__aeabi_memset</name>
         <value>0x200074a7</value>
         <object_component_ref idref="oc-4f"/>
      </symbol>
      <symbol id="sm-2a1">
         <name>memset</name>
         <value>0x200074ad</value>
         <object_component_ref idref="oc-4f"/>
      </symbol>
      <symbol id="sm-2a2">
         <name>__aeabi_memset8</name>
         <value>0x200074a7</value>
         <object_component_ref idref="oc-4f"/>
      </symbol>
      <symbol id="sm-2a3">
         <name>__aeabi_memset4</name>
         <value>0x200074a7</value>
         <object_component_ref idref="oc-4f"/>
      </symbol>
      <symbol id="sm-2a4">
         <name>__aeabi_memclr8</name>
         <value>0x200074a5</value>
         <object_component_ref idref="oc-4f"/>
      </symbol>
      <symbol id="sm-2a5">
         <name>__aeabi_memclr4</name>
         <value>0x200074a5</value>
         <object_component_ref idref="oc-4f"/>
      </symbol>
      <symbol id="sm-2a6">
         <name>__aeabi_memclr</name>
         <value>0x200074a5</value>
         <object_component_ref idref="oc-4f"/>
      </symbol>
      <symbol id="sm-2b0">
         <name>_system_pre_init</name>
         <value>0x20008257</value>
         <object_component_ref idref="oc-5b"/>
      </symbol>
      <symbol id="sm-2b8">
         <name>main_func_sp</name>
         <value>0x2001795c</value>
         <object_component_ref idref="oc-73"/>
      </symbol>
      <symbol id="sm-2c6">
         <name>strlen</name>
         <value>0x200081d5</value>
         <object_component_ref idref="oc-1b0"/>
      </symbol>
      <symbol id="sm-2e7">
         <name>vsnprintf</name>
         <value>0x20007311</value>
         <object_component_ref idref="oc-12e"/>
      </symbol>
      <symbol id="sm-300">
         <name>_nop</name>
         <value>0x200081cf</value>
         <object_component_ref idref="oc-181"/>
      </symbol>
      <symbol id="sm-301">
         <name>_lock</name>
         <value>0x2001793c</value>
         <object_component_ref idref="oc-a7"/>
      </symbol>
      <symbol id="sm-302">
         <name>_unlock</name>
         <value>0x20017940</value>
         <object_component_ref idref="oc-a7"/>
      </symbol>
      <symbol id="sm-303">
         <name>_register_lock</name>
         <value>0x200081c7</value>
         <object_component_ref idref="oc-181"/>
      </symbol>
      <symbol id="sm-304">
         <name>_register_unlock</name>
         <value>0x200081c1</value>
         <object_component_ref idref="oc-181"/>
      </symbol>
      <symbol id="sm-409">
         <name>__TI_printfi</name>
         <value>0x200051a1</value>
         <object_component_ref idref="oc-249"/>
      </symbol>
      <symbol id="sm-41e">
         <name>_args_main</name>
         <value>0x2000813d</value>
         <object_component_ref idref="oc-67"/>
      </symbol>
      <symbol id="sm-434">
         <name>atoi</name>
         <value>0x20007919</value>
         <object_component_ref idref="oc-335"/>
      </symbol>
      <symbol id="sm-45a">
         <name>__TI_auto_init</name>
         <value>0x20007605</value>
         <object_component_ref idref="oc-61"/>
      </symbol>
      <symbol id="sm-474">
         <name>copy_in</name>
         <value>0x20007965</value>
         <object_component_ref idref="oc-97"/>
      </symbol>
      <symbol id="sm-47f">
         <name>_ctypes_</name>
         <value>0x20008f88</value>
         <object_component_ref idref="oc-39a"/>
      </symbol>
      <symbol id="sm-4a3">
         <name>__aeabi_dsub</name>
         <value>0x2000685f</value>
         <object_component_ref idref="oc-312"/>
      </symbol>
      <symbol id="sm-4a4">
         <name>__aeabi_dadd</name>
         <value>0x20006869</value>
         <object_component_ref idref="oc-312"/>
      </symbol>
      <symbol id="sm-4cb">
         <name>__aeabi_cdcmpeq</name>
         <value>0x20007399</value>
         <object_component_ref idref="oc-2ee"/>
      </symbol>
      <symbol id="sm-4cc">
         <name>__aeabi_cdcmple</name>
         <value>0x20007399</value>
         <object_component_ref idref="oc-2ee"/>
      </symbol>
      <symbol id="sm-4cd">
         <name>__aeabi_cdrcmple</name>
         <value>0x2000741f</value>
         <object_component_ref idref="oc-2fd"/>
      </symbol>
      <symbol id="sm-4ed">
         <name>__aeabi_ddiv</name>
         <value>0x20006a15</value>
         <object_component_ref idref="oc-2f8"/>
      </symbol>
      <symbol id="sm-504">
         <name>__aeabi_dmul</name>
         <value>0x20006d91</value>
         <object_component_ref idref="oc-2f3"/>
      </symbol>
      <symbol id="sm-512">
         <name>__aeabi_d2iz</name>
         <value>0x200079fb</value>
         <object_component_ref idref="oc-302"/>
      </symbol>
      <symbol id="sm-51f">
         <name>frexp</name>
         <value>0x20007f73</value>
         <object_component_ref idref="oc-317"/>
      </symbol>
      <symbol id="sm-52b">
         <name>__aeabi_i2d</name>
         <value>0x20007d3d</value>
         <object_component_ref idref="oc-30d"/>
      </symbol>
      <symbol id="sm-53c">
         <name>ldexp</name>
         <value>0x20007a43</value>
         <object_component_ref idref="oc-31d"/>
      </symbol>
      <symbol id="sm-54b">
         <name>ltoa</name>
         <value>0x200078c1</value>
         <object_component_ref idref="oc-307"/>
      </symbol>
      <symbol id="sm-55b">
         <name>memccpy</name>
         <value>0x200080a5</value>
         <object_component_ref idref="oc-32f"/>
      </symbol>
      <symbol id="sm-56b">
         <name>strchr</name>
         <value>0x20008181</value>
         <object_component_ref idref="oc-323"/>
      </symbol>
      <symbol id="sm-595">
         <name>__aeabi_uldivmod</name>
         <value>0x2000666b</value>
         <object_component_ref idref="oc-2e9"/>
      </symbol>
      <symbol id="sm-5a3">
         <name>_Dclass</name>
         <value>0x20007e45</value>
         <object_component_ref idref="oc-329"/>
      </symbol>
      <symbol id="sm-5c4">
         <name>_Dscale</name>
         <value>0x20006c81</value>
         <object_component_ref idref="oc-386"/>
      </symbol>
      <symbol id="sm-5d8">
         <name>_Dunscale</name>
         <value>0x20007743</value>
         <object_component_ref idref="oc-37e"/>
      </symbol>
      <symbol id="sm-5e7">
         <name>_Feraise</name>
         <value>0x20007d0d</value>
         <object_component_ref idref="oc-38c"/>
      </symbol>
      <symbol id="sm-5f7">
         <name>_Rteps</name>
         <value>0x20017910</value>
         <object_component_ref idref="oc-3bb"/>
      </symbol>
      <symbol id="sm-5f8">
         <name>_Zero</name>
         <value>0x20017928</value>
         <object_component_ref idref="oc-3bb"/>
      </symbol>
      <symbol id="sm-5f9">
         <name>_Hugeval</name>
         <value>0x200178d0</value>
         <object_component_ref idref="oc-3bb"/>
      </symbol>
      <symbol id="sm-5fa">
         <name>_Snan</name>
         <value>0x20017900</value>
         <object_component_ref idref="oc-3bb"/>
      </symbol>
      <symbol id="sm-5fb">
         <name>_Nan</name>
         <value>0x200178f0</value>
         <object_component_ref idref="oc-3bb"/>
      </symbol>
      <symbol id="sm-5fc">
         <name>_Inf</name>
         <value>0x200178e0</value>
         <object_component_ref idref="oc-3bb"/>
      </symbol>
      <symbol id="sm-5fd">
         <name>_Xbig</name>
         <value>0x20017920</value>
         <object_component_ref idref="oc-3bb"/>
      </symbol>
      <symbol id="sm-5fe">
         <name>_Eps</name>
         <value>0x200178c0</value>
         <object_component_ref idref="oc-3bb"/>
      </symbol>
      <symbol id="sm-5ff">
         <name>_Denorm</name>
         <value>0x200178b0</value>
         <object_component_ref idref="oc-3bb"/>
      </symbol>
      <symbol id="sm-607">
         <name>_Errno</name>
         <value>0x20017958</value>
         <object_component_ref idref="oc-3c6"/>
      </symbol>
      <symbol id="sm-625">
         <name>feraiseexcept</name>
         <value>0x20007c79</value>
         <object_component_ref idref="oc-3c0"/>
      </symbol>
      <symbol id="sm-626">
         <name>_Tls_setup__Fenv</name>
         <value>0x20017950</value>
         <object_component_ref idref="oc-3ea"/>
      </symbol>
      <symbol id="sm-627">
         <name>_Fenv</name>
         <value>0x2001794c</value>
         <object_component_ref idref="oc-3ea"/>
      </symbol>
      <symbol id="sm-63b">
         <name>raise</name>
         <value>0x20007d6b</value>
         <object_component_ref idref="oc-3e4"/>
      </symbol>
      <symbol id="sm-655">
         <name>signal</name>
         <value>0x20007b51</value>
         <object_component_ref idref="oc-3f4"/>
      </symbol>
      <symbol id="sm-66a">
         <name>_Dnorm</name>
         <value>0x20006f51</value>
         <object_component_ref idref="oc-3b1"/>
      </symbol>
      <symbol id="sm-682">
         <name>g_sFontCm30b</name>
         <value>0x2000925c</value>
         <object_component_ref idref="oc-16f"/>
      </symbol>
      <symbol id="sm-7c8">
         <name>GrFontInfoGet</name>
         <value>0x20007ec1</value>
         <object_component_ref idref="oc-23a"/>
      </symbol>
      <symbol id="sm-7c9">
         <name>GrDefaultStringRenderer</name>
         <value>0x20006e8d</value>
         <object_component_ref idref="oc-222"/>
      </symbol>
      <symbol id="sm-7ca">
         <name>GrFontGlyphRender</name>
         <value>0x20006405</value>
         <object_component_ref idref="oc-2c2"/>
      </symbol>
      <symbol id="sm-7cb">
         <name>GrContextFontSet</name>
         <value>0x20008245</value>
         <object_component_ref idref="oc-118"/>
      </symbol>
      <symbol id="sm-7cc">
         <name>GrFontGlyphDataGet</name>
         <value>0x20007f2f</value>
         <object_component_ref idref="oc-236"/>
      </symbol>
      <symbol id="sm-7cd">
         <name>GrStringDraw</name>
         <value>0x200081fb</value>
         <object_component_ref idref="oc-124"/>
      </symbol>
      <symbol id="sm-7ce">
         <name>GrFontCodepageGet</name>
         <value>0x20007ff5</value>
         <object_component_ref idref="oc-2d5"/>
      </symbol>
      <symbol id="sm-7cf">
         <name>GrStringNextCharGet</name>
         <value>0x20007e6f</value>
         <object_component_ref idref="oc-232"/>
      </symbol>
      <symbol id="sm-7d0">
         <name>GrStringWidthGet</name>
         <value>0x200076db</value>
         <object_component_ref idref="oc-11c"/>
      </symbol>
      <symbol id="sm-7d1">
         <name>GrFontBaselineGet</name>
         <value>0x20007df1</value>
         <object_component_ref idref="oc-120"/>
      </symbol>
      <symbol id="sm-7ec">
         <name>GrContextInit</name>
         <value>0x200077a9</value>
         <object_component_ref idref="oc-114"/>
      </symbol>
      <symbol id="sm-7ed">
         <name>g_psDefaultCodePointMapTable</name>
         <value>0x20009474</value>
         <object_component_ref idref="oc-226"/>
      </symbol>
      <symbol id="sm-7f8">
         <name>GrMapISO8859_1_Unicode</name>
         <value>0x2000823d</value>
         <object_component_ref idref="oc-2c7"/>
      </symbol>
      <symbol id="sm-80c">
         <name>GPIODirModeSet</name>
         <value>0x20007c43</value>
         <object_component_ref idref="oc-211"/>
      </symbol>
      <symbol id="sm-80d">
         <name>GPIOPinWrite</name>
         <value>0x20007f95</value>
         <object_component_ref idref="oc-1ff"/>
      </symbol>
      <symbol id="sm-84e">
         <name>IntVTableBaseSet</name>
         <value>0x200081ad</value>
         <object_component_ref idref="oc-de"/>
      </symbol>
      <symbol id="sm-84f">
         <name>IntEnable</name>
         <value>0x20007011</value>
         <object_component_ref idref="oc-ea"/>
      </symbol>
      <symbol id="sm-850">
         <name>IntRegister</name>
         <value>0x20007fb5</value>
         <object_component_ref idref="oc-278"/>
      </symbol>
      <symbol id="sm-851">
         <name>IntMasterEnable</name>
         <value>0x20008233</value>
         <object_component_ref idref="oc-e4"/>
      </symbol>
      <symbol id="sm-886">
         <name>PinTypeUART</name>
         <value>0x200080db</value>
         <object_component_ref idref="oc-267"/>
      </symbol>
      <symbol id="sm-887">
         <name>PinTypeTimer</name>
         <value>0x200080c1</value>
         <object_component_ref idref="oc-26d"/>
      </symbol>
      <symbol id="sm-888">
         <name>PinConfigSet</name>
         <value>0x20007289</value>
         <object_component_ref idref="oc-13d"/>
      </symbol>
      <symbol id="sm-889">
         <name>PinModeSet</name>
         <value>0x20007b11</value>
         <object_component_ref idref="oc-349"/>
      </symbol>
      <symbol id="sm-90b">
         <name>PRCMPeripheralReset</name>
         <value>0x20007869</value>
         <object_component_ref idref="oc-1e8"/>
      </symbol>
      <symbol id="sm-90c">
         <name>PRCMPeripheralClkEnable</name>
         <value>0x20007b91</value>
         <object_component_ref idref="oc-1e2"/>
      </symbol>
      <symbol id="sm-90d">
         <name>PRCMPeripheralClockGet</name>
         <value>0x200071f5</value>
         <object_component_ref idref="oc-fc"/>
      </symbol>
      <symbol id="sm-90e">
         <name>PRCMCC3200MCUInit</name>
         <value>0x20006b4d</value>
         <object_component_ref idref="oc-f0"/>
      </symbol>
      <symbol id="sm-90f">
         <name>PRCMHIBRegWrite</name>
         <value>0x2000816b</value>
         <object_component_ref idref="oc-1dc"/>
      </symbol>
      <symbol id="sm-910">
         <name>PRCMSysResetCauseGet</name>
         <value>0x20007d99</value>
         <object_component_ref idref="oc-1f4"/>
      </symbol>
      <symbol id="sm-911">
         <name>PRCMPeripheralClkDisable</name>
         <value>0x20007e99</value>
         <object_component_ref idref="oc-1ee"/>
      </symbol>
      <symbol id="sm-912">
         <name>PRCMHIBRegRead</name>
         <value>0x20008155</value>
         <object_component_ref idref="oc-1d6"/>
      </symbol>
      <symbol id="sm-947">
         <name>SPIDataPut</name>
         <value>0x20008013</value>
         <object_component_ref idref="oc-205"/>
      </symbol>
      <symbol id="sm-948">
         <name>SPIEnable</name>
         <value>0x200080f5</value>
         <object_component_ref idref="oc-108"/>
      </symbol>
      <symbol id="sm-949">
         <name>SPIDataGet</name>
         <value>0x20007fd5</value>
         <object_component_ref idref="oc-20b"/>
      </symbol>
      <symbol id="sm-94a">
         <name>SPIConfigSetExpClk</name>
         <value>0x200070b9</value>
         <object_component_ref idref="oc-102"/>
      </symbol>
      <symbol id="sm-94b">
         <name>SPIReset</name>
         <value>0x20007f51</value>
         <object_component_ref idref="oc-f6"/>
      </symbol>
      <symbol id="sm-9a3">
         <name>TimerLoadSet</name>
         <value>0x20007e1b</value>
         <object_component_ref idref="oc-155"/>
      </symbol>
      <symbol id="sm-9a4">
         <name>TimerIntRegister</name>
         <value>0x20007595</value>
         <object_component_ref idref="oc-143"/>
      </symbol>
      <symbol id="sm-9a5">
         <name>TimerEnable</name>
         <value>0x20008031</value>
         <object_component_ref idref="oc-161"/>
      </symbol>
      <symbol id="sm-9a6">
         <name>TimerValueGet</name>
         <value>0x2000806d</value>
         <object_component_ref idref="oc-d2"/>
      </symbol>
      <symbol id="sm-9a7">
         <name>TimerIntEnable</name>
         <value>0x2000810d</value>
         <object_component_ref idref="oc-15b"/>
      </symbol>
      <symbol id="sm-9a8">
         <name>TimerConfigure</name>
         <value>0x20007a89</value>
         <object_component_ref idref="oc-149"/>
      </symbol>
      <symbol id="sm-9a9">
         <name>TimerControlEvent</name>
         <value>0x20007cad</value>
         <object_component_ref idref="oc-14f"/>
      </symbol>
      <symbol id="sm-9aa">
         <name>TimerIntClear</name>
         <value>0x200081e9</value>
         <object_component_ref idref="oc-cc"/>
      </symbol>
      <symbol id="sm-9e6">
         <name>UARTConfigSetExpClk</name>
         <value>0x2000751f</value>
         <object_component_ref idref="oc-198"/>
      </symbol>
      <symbol id="sm-9e7">
         <name>UARTDisable</name>
         <value>0x20007cdd</value>
         <object_component_ref idref="oc-293"/>
      </symbol>
      <symbol id="sm-9e8">
         <name>UARTCharsAvail</name>
         <value>0x20008125</value>
         <object_component_ref idref="oc-1a4"/>
      </symbol>
      <symbol id="sm-9e9">
         <name>UARTCharGetNonBlocking</name>
         <value>0x20008089</value>
         <object_component_ref idref="oc-1aa"/>
      </symbol>
      <symbol id="sm-9ea">
         <name>UARTCharPut</name>
         <value>0x2000804f</value>
         <object_component_ref idref="oc-19e"/>
      </symbol>
      <symbol id="sm-9eb">
         <name>UARTEnable</name>
         <value>0x20007ee7</value>
         <object_component_ref idref="oc-299"/>
      </symbol>
      <symbol id="sm-9ef">
         <name>UtilsDelay</name>
         <value>0x2000824b</value>
         <object_component_ref idref="oc-167"/>
      </symbol>
      <symbol id="sm-9f9">
         <name>CPUcpsie</name>
         <value>0x20008197</value>
         <object_component_ref idref="oc-1c6"/>
      </symbol>
      <symbol id="sm-9fb">
         <name>__TI_static_base__</name>
         <value>0x20009490</value>
      </symbol>
      <symbol id="sm-9fe">
         <name>SHT$$INIT_ARRAY$$Limit</name>
         <value>0x0</value>
      </symbol>
      <symbol id="sm-9ff">
         <name>SHT$$INIT_ARRAY$$Base</name>
         <value>0x0</value>
      </symbol>
   </symbol_table>
   <title>Link successful</title>
</link_info>
