******************************************************************************
                  TI ARM Linker PC v5.2.7                      
******************************************************************************
>> Linked Wed Mar 02 09:47:44 2016

OUTPUT FILE NAME:   <timer_cc.out>
ENTRY POINT SYMBOL: "_c_int00"  address: 20007bcd


MEMORY CONFIGURATION

         name            origin    length      used     unused   attr    fill
----------------------  --------  ---------  --------  --------  ----  --------
  SRAM_CODE             20004000   00013000  00005502  0000dafe  RW X
  SRAM_DATA             20017000   00019000  000019a4  0001765c  RW X


SEGMENT ALLOCATION MAP

run origin  load origin   length   init length attrs members
----------  ----------- ---------- ----------- ----- -------
20004000    20004000    00005508   00005508    r-x
  20004000    20004000    00000400   00000400    r-- .intvecs
  20004400    20004400    00003e5a   00003e5a    r-x .text
  2000825c    2000825c    00001230   00001230    r-- .const
  20009490    20009490    00000078   00000078    r-- .cinit
20017000    20017000    000009a4   00000000    rw-
  20017000    20017000    00000800   00000000    rw- .sysmem
  20017800    20017800    00000160   00000000    rw- .data
  20017960    20017960    00000044   00000000    rw- .bss
2002f000    2002f000    00001000   00000000    rw-
  2002f000    2002f000    00001000   00000000    rw- .stack


SECTION ALLOCATION MAP

 output                                  attributes/
section   page    origin      length       input sections
--------  ----  ----------  ----------   ----------------
.intvecs   0    20004000    00000400     
                  20004000    00000400     startup_ccs.obj (.intvecs)

.init_array 
*          0    20004000    00000000     UNINITIALIZED

.text      0    20004400    00003e5a     
                  20004400    000010a6     rtsv7M4_T_le_eabi.lib : _printfi.obj (.text)
                  200054a6    00000002     --HOLE-- [fill = 0]
                  200054a8    0000058c     Adafruit320x240x16TouchTFT_ILI9325.obj (.text)
                  20005a34    000003dc     rtsv7M4_T_le_eabi.lib : memory.obj (.text)
                  20005e10    00000374     main.obj (.text)
                  20006184    00000280     uart_if.obj (.text)
                  20006404    00000266     grlib-cm3.lib : string.obj (.text:GrFontGlyphRender)
                  2000666a    000001f4     rtsv7M4_T_le_eabi.lib : ull_div_t2.obj (.text)
                  2000685e    000001b6                           : fd_add_t2.obj (.text)
                  20006a14    00000136                           : fd_div_t2.obj (.text)
                  20006b4a    00000002     --HOLE-- [fill = 0]
                  20006b4c    00000134     driverlib.a : prcm.obj (.text:PRCMCC3200MCUInit)
                  20006c80    00000110     rtsv7M4_T_le_eabi.lib : xdscale.obj (.text)
                  20006d90    000000fc                           : fd_mul_t2.obj (.text)
                  20006e8c    000000c4     grlib-cm3.lib : string.obj (.text:GrDefaultStringRenderer)
                  20006f50    000000be     rtsv7M4_T_le_eabi.lib : xdnorm.obj (.text)
                  2000700e    00000002     --HOLE-- [fill = 0]
                  20007010    000000a8     driverlib.a : interrupt.obj (.text:IntEnable)
                  200070b8    000000a0                 : spi.obj (.text:SPIConfigSetExpClk)
                  20007158    0000009c     rtsv7M4_T_le_eabi.lib : memcpy_t2.obj (.text)
                  200071f4    00000094     driverlib.a : prcm.obj (.text:PRCMPeripheralClockGet)
                  20007288    00000088                 : pin.obj (.text:PinConfigSet)
                  20007310    00000088     rtsv7M4_T_le_eabi.lib : vsnprintf.obj (.text)
                  20007398    00000086                           : fd_cmp_t2.obj (.text:__aeabi_cdcmple)
                  2000741e    00000086                           : fd_cmp_t2.obj (.text:__aeabi_cdrcmple)
                  200074a4    0000007a                           : memset_t2.obj (.text)
                  2000751e    00000076     driverlib.a : uart.obj (.text:UARTConfigSetExpClk)
                  20007594    00000070                 : timer.obj (.text:TimerIntRegister)
                  20007604    0000006c     rtsv7M4_T_le_eabi.lib : autoinit.obj (.text)
                  20007670    0000006a                           : copy_decompress_rle.obj (.text)
                  200076da    00000068     grlib-cm3.lib : string.obj (.text:GrStringWidthGet)
                  20007742    00000066     rtsv7M4_T_le_eabi.lib : xdunscal.obj (.text)
                  200077a8    00000064     grlib-cm3.lib : context.obj (.text:GrContextInit)
                  2000780c    0000005c                   : string.obj (.text:FontWideGlyphDataGet)
                  20007868    00000058     driverlib.a : prcm.obj (.text:PRCMPeripheralReset)
                  200078c0    00000056     rtsv7M4_T_le_eabi.lib : ltoa.obj (.text)
                  20007916    00000002     --HOLE-- [fill = 0]
                  20007918    0000004c                           : atoi.obj (.text)
                  20007964    0000004c                           : cpy_tbl.obj (.text)
                  200079b0    0000004a     grlib-cm3.lib : string.obj (.text:UpdateContextCharMapping)
                  200079fa    00000048     rtsv7M4_T_le_eabi.lib : fd_toi_t2.obj (.text)
                  20007a42    00000046                           : ldexp.obj (.text)
                  20007a88    00000044     driverlib.a : timer.obj (.text:TimerConfigure)
                  20007acc    00000044     rtsv7M4_T_le_eabi.lib : exit.obj (.text)
                  20007b10    00000040     driverlib.a : pin.obj (.text:PinModeSet)
                  20007b50    00000040     rtsv7M4_T_le_eabi.lib : signal.obj (.text)
                  20007b90    0000003c     driverlib.a : prcm.obj (.text:PRCMPeripheralClkEnable)
                  20007bcc    0000003c     rtsv7M4_T_le_eabi.lib : boot.obj (.text)
                  20007c08    0000003a     grlib-cm3.lib : string.obj (.text:FontGlyphDataGet)
                  20007c42    00000036     driverlib.a : gpio.obj (.text:GPIODirModeSet)
                  20007c78    00000034     rtsv7M4_T_le_eabi.lib : feraiseexcept.obj (.text)
                  20007cac    00000030     driverlib.a : timer.obj (.text:TimerControlEvent)
                  20007cdc    00000030                 : uart.obj (.text:UARTDisable)
                  20007d0c    00000030     rtsv7M4_T_le_eabi.lib : xferaise.obj (.text)
                  20007d3c    0000002e                           : i_tofd_t2.obj (.text)
                  20007d6a    0000002e                           : raise.obj (.text)
                  20007d98    0000002c     driverlib.a : prcm.obj (.text:PRCMSysResetCauseGet)
                  20007dc4    0000002c     pinmux.obj (.text)
                  20007df0    0000002a     grlib-cm3.lib : string.obj (.text:GrFontBaselineGet)
                  20007e1a    0000002a     driverlib.a : timer.obj (.text:TimerLoadSet)
                  20007e44    0000002a     rtsv7M4_T_le_eabi.lib : xdclass.obj (.text)
                  20007e6e    00000028     grlib-cm3.lib : string.obj (.text:GrStringNextCharGet)
                  20007e96    00000002     --HOLE-- [fill = 0]
                  20007e98    00000028     driverlib.a : prcm.obj (.text:PRCMPeripheralClkDisable)
                  20007ec0    00000026     grlib-cm3.lib : string.obj (.text:GrFontInfoGet)
                  20007ee6    00000024     driverlib.a : uart.obj (.text:UARTEnable)
                  20007f0a    00000024     rtsv7M4_T_le_eabi.lib : memmov.obj (.text)
                  20007f2e    00000022     grlib-cm3.lib : string.obj (.text:GrFontGlyphDataGet)
                  20007f50    00000022     driverlib.a : spi.obj (.text:SPIReset)
                  20007f72    00000022     rtsv7M4_T_le_eabi.lib : frexp.obj (.text)
                  20007f94    00000020     driverlib.a : gpio.obj (.text:GPIOPinWrite)
                  20007fb4    00000020                 : interrupt.obj (.text:IntRegister)
                  20007fd4    00000020                 : spi.obj (.text:SPIDataGet)
                  20007ff4    0000001e     grlib-cm3.lib : string.obj (.text:GrFontCodepageGet)
                  20008012    0000001e     driverlib.a : spi.obj (.text:SPIDataPut)
                  20008030    0000001e                 : timer.obj (.text:TimerEnable)
                  2000804e    0000001e                 : uart.obj (.text:UARTCharPut)
                  2000806c    0000001c                 : timer.obj (.text:TimerValueGet)
                  20008088    0000001c                 : uart.obj (.text:UARTCharGetNonBlocking)
                  200080a4    0000001c     rtsv7M4_T_le_eabi.lib : memccpy.obj (.text)
                  200080c0    0000001a     driverlib.a : pin.obj (.text:PinTypeTimer)
                  200080da    0000001a                 : pin.obj (.text:PinTypeUART)
                  200080f4    00000018                 : spi.obj (.text:SPIEnable)
                  2000810c    00000018                 : timer.obj (.text:TimerIntEnable)
                  20008124    00000018                 : uart.obj (.text:UARTCharsAvail)
                  2000813c    00000018     rtsv7M4_T_le_eabi.lib : args_main.obj (.text)
                  20008154    00000016     driverlib.a : prcm.obj (.text:PRCMHIBRegRead)
                  2000816a    00000016                 : prcm.obj (.text:PRCMHIBRegWrite)
                  20008180    00000016     rtsv7M4_T_le_eabi.lib : strchr.obj (.text)
                  20008196    00000014     driverlib.a : cpu.obj (.text:CPUcpsie)
                  200081aa    00000002     --HOLE-- [fill = 0]
                  200081ac    00000014                 : interrupt.obj (.text:IntVTableBaseSet)
                  200081c0    00000014     rtsv7M4_T_le_eabi.lib : _lock.obj (.text)
                  200081d4    00000014                           : strlen.obj (.text)
                  200081e8    00000012     driverlib.a : timer.obj (.text:TimerIntClear)
                  200081fa    00000010     grlib-cm3.lib : string.obj (.text:GrStringDraw)
                  2000820a    0000000e     rtsv7M4_T_le_eabi.lib : copy_decompress_none.obj (.text:decompress:none)
                  20008218    0000000e     startup_ccs.obj (.text)
                  20008226    0000000c     rtsv7M4_T_le_eabi.lib : copy_zero_init.obj (.text:decompress:ZI)
                  20008232    0000000a     driverlib.a : interrupt.obj (.text:IntMasterEnable)
                  2000823c    00000008     grlib-cm3.lib : charmap.obj (.text:GrMapISO8859_1_Unicode)
                  20008244    00000006                   : string.obj (.text:GrContextFontSet)
                  2000824a    00000006     driverlib.a : utils.obj (.text:UtilsDelay)
                  20008250    00000006     rtsv7M4_T_le_eabi.lib : copy_decompress_rle.obj (.text:decompress:rle24)
                  20008256    00000004                           : pre_init.obj (.text)

.const     0    2000825c    00001230     
                  2000825c    00000d2c     grlib-cm3.lib : fontcm30b.obj (.const:g_pucCm30bData)
                  20008f88    00000101     rtsv7M4_T_le_eabi.lib : ctype.obj (.const:.string:_ctypes_)
                  20009089    00000003     --HOLE-- [fill = 0]
                  2000908c    00000100     driverlib.a : pin.obj (.const:g_ulPinToPadMap)
                  2000918c    000000ce     Adafruit320x240x16TouchTFT_ILI9325.obj (.const:usInitScript)
                  2000925a    00000002     --HOLE-- [fill = 0]
                  2000925c    000000c8     grlib-cm3.lib : fontcm30b.obj (.const:g_sFontCm30b)
                  20009324    000000a8     driverlib.a : prcm.obj (.const:PRCM_PeriphRegsList)
                  200093cc    00000080                 : interrupt.obj (.const)
                  2000944c    00000028     Adafruit320x240x16TouchTFT_ILI9325.obj (.const:g_sAdafruit320x240x16_ILI9325)
                  20009474    00000010     grlib-cm3.lib : context.obj (.const)
                  20009484    00000008     Adafruit320x240x16TouchTFT_ILI9325.obj (.const)

.cinit     0    20009490    00000078     
                  20009490    00000052     (.cinit..data.load) [load image, compression = rle]
                  200094e2    00000002     --HOLE-- [fill = 0]
                  200094e4    0000000c     (__TI_handler_table)
                  200094f0    00000008     (.cinit..bss.load) [load image, compression = zero_init]
                  200094f8    00000010     (__TI_cinit_table)

.sysmem    0    20017000    00000800     UNINITIALIZED
                  20017000    00000008     rtsv7M4_T_le_eabi.lib : memory.obj (.sysmem)
                  20017008    000007f8     --HOLE--

.data      0    20017800    00000160     UNINITIALIZED
                  20017800    000000b0     rtsv7M4_T_le_eabi.lib : signal.obj (.data:sigtable)
                  200178b0    00000080                           : xvalues.obj (.data)
                  20017930    0000000c                           : memory.obj (.data)
                  2001793c    00000008                           : _lock.obj (.data)
                  20017944    00000008                           : exit.obj (.data)
                  2001794c    00000008                           : feraiseexcept.obj (.data)
                  20017954    00000004     main.obj (.data)
                  20017958    00000004     rtsv7M4_T_le_eabi.lib : errno.obj (.data)
                  2001795c    00000004                           : stkdepth_vars.obj (.data)

.TI.persistent 
*          0    20017800    00000000     UNINITIALIZED

.bss       0    20017960    00000044     UNINITIALIZED
                  20017960    0000002c     main.obj (.bss:sContext)
                  2001798c    00000008     (.common:g_ulSamples)
                  20017994    00000004     grlib-cm3.lib : context.obj (.bss)
                  20017998    00000004     (.common:__Errorlog)
                  2001799c    00000004     (.common:g_ulFreq)
                  200179a0    00000002     (.common:g_usPosX)
                  200179a2    00000002     (.common:g_usPosY)

.TI.noinit 
*          0    20017960    00000000     UNINITIALIZED

.stack     0    2002f000    00001000     UNINITIALIZED
                  2002f000    00001000     --HOLE--


LINKER GENERATED COPY TABLES

__TI_cinit_table @ 200094f8 records: 2, size/record: 8, table size: 16
	.data: load addr=20009490, load size=00000052 bytes, run addr=20017800, run size=00000160 bytes, compression=rle
	.bss: load addr=200094f0, load size=00000008 bytes, run addr=20017960, run size=00000044 bytes, compression=zero_init


LINKER GENERATED HANDLER TABLE

__TI_handler_table @ 200094e4 records: 3, size/record: 4, table size: 12
	index: 0, handler: __TI_decompress_rle24
	index: 1, handler: __TI_decompress_none
	index: 2, handler: __TI_zero_init


GLOBAL SYMBOLS: SORTED ALPHABETICALLY BY Name 

address   name                                       
-------   ----                                       
2000568f  Adafruit320x240x16_ILI9325Init             
200058e5  Adafruit320x240x16_ILI9325LineDrawH        
2000594d  Adafruit320x240x16_ILI9325LineDrawV        
2000570d  Adafruit320x240x16_ILI9325PixelDraw        
2000574d  Adafruit320x240x16_ILI9325PixelDrawMultiple
20005995  Adafruit320x240x16_ILI9325RectFill         
20005e6b  BoardInit                                  
20007acd  C$$EXIT                                    
20008197  CPUcpsie                                   
200054d3  ChipSelectDisable                          
200054c5  ChipSelectEnable                           
200061c5  ClearTerm                                  
200054b7  CommandDisable                             
200054a9  CommandEnable                              
20005e83  ConfigLcdScreen                            
20005e45  DisplayBanner                              
200061cf  Error                                      
20007c43  GPIODirModeSet                             
20007f95  GPIOPinWrite                               
20006207  GetCmd                                     
20008245  GrContextFontSet                           
200077a9  GrContextInit                              
20006e8d  GrDefaultStringRenderer                    
20007df1  GrFontBaselineGet                          
20007ff5  GrFontCodepageGet                          
20007f2f  GrFontGlyphDataGet                         
20006405  GrFontGlyphRender                          
20007ec1  GrFontInfoGet                              
2000823d  GrMapISO8859_1_Unicode                     
200081fb  GrStringDraw                               
20007e6f  GrStringNextCharGet                        
200076db  GrStringWidthGet                           
20006185  InitTerm                                   
20007011  IntEnable                                  
20008233  IntMasterEnable                            
20007fb5  IntRegister                                
200081ad  IntVTableBaseSet                           
200055dd  LCDAddressWindow                           
200055b1  LCDClear                                   
2000554d  LCDGoto                                    
20005f2f  LcdPrintf                                  
200061a3  Message                                    
20006b4d  PRCMCC3200MCUInit                          
20008155  PRCMHIBRegRead                             
2000816b  PRCMHIBRegWrite                            
20007e99  PRCMPeripheralClkDisable                   
20007b91  PRCMPeripheralClkEnable                    
200071f5  PRCMPeripheralClockGet                     
20007869  PRCMPeripheralReset                        
20007d99  PRCMSysResetCauseGet                       
20007289  PinConfigSet                               
20007b11  PinModeSet                                 
20007dc5  PinMuxConfig                               
200080c1  PinTypeTimer                               
200080db  PinTypeUART                                
20006345  Report                                     
20008219  ResetISR                                   
UNDEFED   SHT$$INIT_ARRAY$$Base                      
UNDEFED   SHT$$INIT_ARRAY$$Limit                     
200070b9  SPIConfigSetExpClk                         
20007fd5  SPIDataGet                                 
20008013  SPIDataPut                                 
200080f5  SPIEnable                                  
20007f51  SPIReset                                   
20007a89  TimerConfigure                             
20007cad  TimerControlEvent                          
20008031  TimerEnable                                
200081e9  TimerIntClear                              
2000810d  TimerIntEnable                             
20007595  TimerIntRegister                           
20007e1b  TimerLoadSet                               
2000806d  TimerValueGet                              
200062ad  TrimSpace                                  
20008089  UARTCharGetNonBlocking                     
2000804f  UARTCharPut                                
20008125  UARTCharsAvail                             
2000751f  UARTConfigSetExpClk                        
20007cdd  UARTDisable                                
20007ee7  UARTEnable                                 
2000824b  UtilsDelay                                 
20007e45  _Dclass                                    
200178b0  _Denorm                                    
20006f51  _Dnorm                                     
20006c81  _Dscale                                    
20007743  _Dunscale                                  
200178c0  _Eps                                       
20017958  _Errno                                     
2001794c  _Fenv                                      
20007d0d  _Feraise                                   
200178d0  _Hugeval                                   
200178e0  _Inf                                       
200178f0  _Nan                                       
20017910  _Rteps                                     
20017900  _Snan                                      
20017950  _Tls_setup__Fenv                           
20017920  _Xbig                                      
20017928  _Zero                                      
20030000  __STACK_END                                
00001000  __STACK_SIZE                               
00000800  __SYSMEM_SIZE                              
200094f8  __TI_CINIT_Base                            
20009508  __TI_CINIT_Limit                           
200094e4  __TI_Handler_Table_Base                    
200094f0  __TI_Handler_Table_Limit                   
20007605  __TI_auto_init                             
20017944  __TI_cleanup_ptr                           
2000820b  __TI_decompress_none                       
20008251  __TI_decompress_rle24                      
20017948  __TI_dtors_ptr                             
200051a1  __TI_printfi                               
20009490  __TI_static_base__                         
20008227  __TI_zero_init                             
20007399  __aeabi_cdcmpeq                            
20007399  __aeabi_cdcmple                            
2000741f  __aeabi_cdrcmple                           
200079fb  __aeabi_d2iz                               
20006869  __aeabi_dadd                               
20006a15  __aeabi_ddiv                               
20006d91  __aeabi_dmul                               
2000685f  __aeabi_dsub                               
20007d3d  __aeabi_i2d                                
200074a5  __aeabi_memclr                             
200074a5  __aeabi_memclr4                            
200074a5  __aeabi_memclr8                            
20007159  __aeabi_memcpy                             
20007159  __aeabi_memcpy4                            
20007159  __aeabi_memcpy8                            
200074a7  __aeabi_memset                             
200074a7  __aeabi_memset4                            
200074a7  __aeabi_memset8                            
2000666b  __aeabi_uldivmod                           
ffffffff  __binit__                                  
ffffffff  __c_args__                                 
2002f000  __stack                                    
2000813d  _args_main                                 
20007bcd  _c_int00                                   
20008f88  _ctypes_                                   
2001793c  _lock                                      
200081cf  _nop                                       
200081c7  _register_lock                             
200081c1  _register_unlock                           
20017000  _sys_memory                                
20008257  _system_pre_init                           
20017940  _unlock                                    
20007ad1  abort                                      
20007919  atoi                                       
ffffffff  binit                                      
20005ddd  calloc                                     
20007965  copy_in                                    
20007ad9  exit                                       
20007c79  feraiseexcept                              
20005b2b  free                                       
20007f73  frexp                                      
20017954  g_lLcdCursorY                              
20004000  g_pfnVectors                               
20009474  g_psDefaultCodePointMapTable               
2000944c  g_sAdafruit320x240x16_ILI9325              
2000925c  g_sFontCm30b                               
200179a0  g_usPosX                                   
200179a2  g_usPosY                                   
20007a43  ldexp                                      
200078c1  ltoa                                       
2000600d  main                                       
2001795c  main_func_sp                               
20005ac3  malloc                                     
20005cf9  memalign                                   
200080a5  memccpy                                    
20007159  memcpy                                     
20007f0b  memmove                                    
200074ad  memset                                     
20005a35  minit                                      
20007d6b  raise                                      
20005bed  realloc                                    
20007b51  signal                                     
20008181  strchr                                     
200081d5  strlen                                     
20007311  vsnprintf                                  


GLOBAL SYMBOLS: SORTED BY Symbol Address 

address   name                                       
-------   ----                                       
00000800  __SYSMEM_SIZE                              
00001000  __STACK_SIZE                               
20004000  g_pfnVectors                               
200051a1  __TI_printfi                               
200054a9  CommandEnable                              
200054b7  CommandDisable                             
200054c5  ChipSelectEnable                           
200054d3  ChipSelectDisable                          
2000554d  LCDGoto                                    
200055b1  LCDClear                                   
200055dd  LCDAddressWindow                           
2000568f  Adafruit320x240x16_ILI9325Init             
2000570d  Adafruit320x240x16_ILI9325PixelDraw        
2000574d  Adafruit320x240x16_ILI9325PixelDrawMultiple
200058e5  Adafruit320x240x16_ILI9325LineDrawH        
2000594d  Adafruit320x240x16_ILI9325LineDrawV        
20005995  Adafruit320x240x16_ILI9325RectFill         
20005a35  minit                                      
20005ac3  malloc                                     
20005b2b  free                                       
20005bed  realloc                                    
20005cf9  memalign                                   
20005ddd  calloc                                     
20005e45  DisplayBanner                              
20005e6b  BoardInit                                  
20005e83  ConfigLcdScreen                            
20005f2f  LcdPrintf                                  
2000600d  main                                       
20006185  InitTerm                                   
200061a3  Message                                    
200061c5  ClearTerm                                  
200061cf  Error                                      
20006207  GetCmd                                     
200062ad  TrimSpace                                  
20006345  Report                                     
20006405  GrFontGlyphRender                          
2000666b  __aeabi_uldivmod                           
2000685f  __aeabi_dsub                               
20006869  __aeabi_dadd                               
20006a15  __aeabi_ddiv                               
20006b4d  PRCMCC3200MCUInit                          
20006c81  _Dscale                                    
20006d91  __aeabi_dmul                               
20006e8d  GrDefaultStringRenderer                    
20006f51  _Dnorm                                     
20007011  IntEnable                                  
200070b9  SPIConfigSetExpClk                         
20007159  __aeabi_memcpy                             
20007159  __aeabi_memcpy4                            
20007159  __aeabi_memcpy8                            
20007159  memcpy                                     
200071f5  PRCMPeripheralClockGet                     
20007289  PinConfigSet                               
20007311  vsnprintf                                  
20007399  __aeabi_cdcmpeq                            
20007399  __aeabi_cdcmple                            
2000741f  __aeabi_cdrcmple                           
200074a5  __aeabi_memclr                             
200074a5  __aeabi_memclr4                            
200074a5  __aeabi_memclr8                            
200074a7  __aeabi_memset                             
200074a7  __aeabi_memset4                            
200074a7  __aeabi_memset8                            
200074ad  memset                                     
2000751f  UARTConfigSetExpClk                        
20007595  TimerIntRegister                           
20007605  __TI_auto_init                             
200076db  GrStringWidthGet                           
20007743  _Dunscale                                  
200077a9  GrContextInit                              
20007869  PRCMPeripheralReset                        
200078c1  ltoa                                       
20007919  atoi                                       
20007965  copy_in                                    
200079fb  __aeabi_d2iz                               
20007a43  ldexp                                      
20007a89  TimerConfigure                             
20007acd  C$$EXIT                                    
20007ad1  abort                                      
20007ad9  exit                                       
20007b11  PinModeSet                                 
20007b51  signal                                     
20007b91  PRCMPeripheralClkEnable                    
20007bcd  _c_int00                                   
20007c43  GPIODirModeSet                             
20007c79  feraiseexcept                              
20007cad  TimerControlEvent                          
20007cdd  UARTDisable                                
20007d0d  _Feraise                                   
20007d3d  __aeabi_i2d                                
20007d6b  raise                                      
20007d99  PRCMSysResetCauseGet                       
20007dc5  PinMuxConfig                               
20007df1  GrFontBaselineGet                          
20007e1b  TimerLoadSet                               
20007e45  _Dclass                                    
20007e6f  GrStringNextCharGet                        
20007e99  PRCMPeripheralClkDisable                   
20007ec1  GrFontInfoGet                              
20007ee7  UARTEnable                                 
20007f0b  memmove                                    
20007f2f  GrFontGlyphDataGet                         
20007f51  SPIReset                                   
20007f73  frexp                                      
20007f95  GPIOPinWrite                               
20007fb5  IntRegister                                
20007fd5  SPIDataGet                                 
20007ff5  GrFontCodepageGet                          
20008013  SPIDataPut                                 
20008031  TimerEnable                                
2000804f  UARTCharPut                                
2000806d  TimerValueGet                              
20008089  UARTCharGetNonBlocking                     
200080a5  memccpy                                    
200080c1  PinTypeTimer                               
200080db  PinTypeUART                                
200080f5  SPIEnable                                  
2000810d  TimerIntEnable                             
20008125  UARTCharsAvail                             
2000813d  _args_main                                 
20008155  PRCMHIBRegRead                             
2000816b  PRCMHIBRegWrite                            
20008181  strchr                                     
20008197  CPUcpsie                                   
200081ad  IntVTableBaseSet                           
200081c1  _register_unlock                           
200081c7  _register_lock                             
200081cf  _nop                                       
200081d5  strlen                                     
200081e9  TimerIntClear                              
200081fb  GrStringDraw                               
2000820b  __TI_decompress_none                       
20008219  ResetISR                                   
20008227  __TI_zero_init                             
20008233  IntMasterEnable                            
2000823d  GrMapISO8859_1_Unicode                     
20008245  GrContextFontSet                           
2000824b  UtilsDelay                                 
20008251  __TI_decompress_rle24                      
20008257  _system_pre_init                           
20008f88  _ctypes_                                   
2000925c  g_sFontCm30b                               
2000944c  g_sAdafruit320x240x16_ILI9325              
20009474  g_psDefaultCodePointMapTable               
20009490  __TI_static_base__                         
200094e4  __TI_Handler_Table_Base                    
200094f0  __TI_Handler_Table_Limit                   
200094f8  __TI_CINIT_Base                            
20009508  __TI_CINIT_Limit                           
20017000  _sys_memory                                
200178b0  _Denorm                                    
200178c0  _Eps                                       
200178d0  _Hugeval                                   
200178e0  _Inf                                       
200178f0  _Nan                                       
20017900  _Snan                                      
20017910  _Rteps                                     
20017920  _Xbig                                      
20017928  _Zero                                      
2001793c  _lock                                      
20017940  _unlock                                    
20017944  __TI_cleanup_ptr                           
20017948  __TI_dtors_ptr                             
2001794c  _Fenv                                      
20017950  _Tls_setup__Fenv                           
20017954  g_lLcdCursorY                              
20017958  _Errno                                     
2001795c  main_func_sp                               
200179a0  g_usPosX                                   
200179a2  g_usPosY                                   
2002f000  __stack                                    
20030000  __STACK_END                                
ffffffff  __binit__                                  
ffffffff  __c_args__                                 
ffffffff  binit                                      
UNDEFED   SHT$$INIT_ARRAY$$Base                      
UNDEFED   SHT$$INIT_ARRAY$$Limit                     

[177 symbols]
