<?xml version="1.0"?>
<link_info>
   <banner>TI ARM Linker PC v5.2.7</banner>
   <copyright>Copyright (c) 1996-2015 Texas Instruments Incorporated</copyright>
   <link_time>0x573b45c7</link_time>
   <link_errors>0x0</link_errors>
   <output_file>timer_cc lcdili93xx.out</output_file>
   <entry_point>
      <name>_c_int00</name>
      <address>0x200080b9</address>
   </entry_point>
   <input_file_list>
      <input_file id="fl-2">
         <path>.\</path>
         <kind>object</kind>
         <file>main.obj</file>
         <name>main.obj</name>
      </input_file>
      <input_file id="fl-3">
         <path>.\</path>
         <kind>object</kind>
         <file>pinmux.obj</file>
         <name>pinmux.obj</name>
      </input_file>
      <input_file id="fl-4">
         <path>.\</path>
         <kind>object</kind>
         <file>salowcc3200_ili9341.obj</file>
         <name>salowcc3200_ili9341.obj</name>
      </input_file>
      <input_file id="fl-5">
         <path>.\</path>
         <kind>object</kind>
         <file>startup_ccs.obj</file>
         <name>startup_ccs.obj</name>
      </input_file>
      <input_file id="fl-6">
         <path>.\</path>
         <kind>object</kind>
         <file>uart_if.obj</file>
         <name>uart_if.obj</name>
      </input_file>
      <input_file id="fl-12e">
         <path>C:\TI\ccsv6\tools\compiler\ti-cgt-arm_5.2.7\lib\</path>
         <kind>archive</kind>
         <file>rtsv7M4_T_le_eabi.lib</file>
         <name>boot.obj</name>
      </input_file>
      <input_file id="fl-12f">
         <path>C:\TI\ccsv6\tools\compiler\ti-cgt-arm_5.2.7\lib\</path>
         <kind>archive</kind>
         <file>rtsv7M4_T_le_eabi.lib</file>
         <name>copy_decompress_none.obj</name>
      </input_file>
      <input_file id="fl-130">
         <path>C:\TI\ccsv6\tools\compiler\ti-cgt-arm_5.2.7\lib\</path>
         <kind>archive</kind>
         <file>rtsv7M4_T_le_eabi.lib</file>
         <name>copy_decompress_rle.obj</name>
      </input_file>
      <input_file id="fl-131">
         <path>C:\TI\ccsv6\tools\compiler\ti-cgt-arm_5.2.7\lib\</path>
         <kind>archive</kind>
         <file>rtsv7M4_T_le_eabi.lib</file>
         <name>copy_zero_init.obj</name>
      </input_file>
      <input_file id="fl-132">
         <path>C:\TI\ccsv6\tools\compiler\ti-cgt-arm_5.2.7\lib\</path>
         <kind>archive</kind>
         <file>rtsv7M4_T_le_eabi.lib</file>
         <name>exit.obj</name>
      </input_file>
      <input_file id="fl-133">
         <path>C:\TI\ccsv6\tools\compiler\ti-cgt-arm_5.2.7\lib\</path>
         <kind>archive</kind>
         <file>rtsv7M4_T_le_eabi.lib</file>
         <name>memcpy_t2.obj</name>
      </input_file>
      <input_file id="fl-134">
         <path>C:\TI\ccsv6\tools\compiler\ti-cgt-arm_5.2.7\lib\</path>
         <kind>archive</kind>
         <file>rtsv7M4_T_le_eabi.lib</file>
         <name>memmov.obj</name>
      </input_file>
      <input_file id="fl-135">
         <path>C:\TI\ccsv6\tools\compiler\ti-cgt-arm_5.2.7\lib\</path>
         <kind>archive</kind>
         <file>rtsv7M4_T_le_eabi.lib</file>
         <name>memory.obj</name>
      </input_file>
      <input_file id="fl-136">
         <path>C:\TI\ccsv6\tools\compiler\ti-cgt-arm_5.2.7\lib\</path>
         <kind>archive</kind>
         <file>rtsv7M4_T_le_eabi.lib</file>
         <name>memset_t2.obj</name>
      </input_file>
      <input_file id="fl-137">
         <path>C:\TI\ccsv6\tools\compiler\ti-cgt-arm_5.2.7\lib\</path>
         <kind>archive</kind>
         <file>rtsv7M4_T_le_eabi.lib</file>
         <name>pre_init.obj</name>
      </input_file>
      <input_file id="fl-138">
         <path>C:\TI\ccsv6\tools\compiler\ti-cgt-arm_5.2.7\lib\</path>
         <kind>archive</kind>
         <file>rtsv7M4_T_le_eabi.lib</file>
         <name>stkdepth_vars.obj</name>
      </input_file>
      <input_file id="fl-139">
         <path>C:\TI\ccsv6\tools\compiler\ti-cgt-arm_5.2.7\lib\</path>
         <kind>archive</kind>
         <file>rtsv7M4_T_le_eabi.lib</file>
         <name>strlen.obj</name>
      </input_file>
      <input_file id="fl-13a">
         <path>C:\TI\ccsv6\tools\compiler\ti-cgt-arm_5.2.7\lib\</path>
         <kind>archive</kind>
         <file>rtsv7M4_T_le_eabi.lib</file>
         <name>vsnprintf.obj</name>
      </input_file>
      <input_file id="fl-13b">
         <path>C:\TI\ccsv6\tools\compiler\ti-cgt-arm_5.2.7\lib\</path>
         <kind>archive</kind>
         <file>rtsv7M4_T_le_eabi.lib</file>
         <name>_lock.obj</name>
      </input_file>
      <input_file id="fl-13c">
         <path>C:\TI\ccsv6\tools\compiler\ti-cgt-arm_5.2.7\lib\</path>
         <kind>archive</kind>
         <file>rtsv7M4_T_le_eabi.lib</file>
         <name>_printfi.obj</name>
      </input_file>
      <input_file id="fl-13d">
         <path>C:\TI\ccsv6\tools\compiler\ti-cgt-arm_5.2.7\lib\</path>
         <kind>archive</kind>
         <file>rtsv7M4_T_le_eabi.lib</file>
         <name>args_main.obj</name>
      </input_file>
      <input_file id="fl-13e">
         <path>C:\TI\ccsv6\tools\compiler\ti-cgt-arm_5.2.7\lib\</path>
         <kind>archive</kind>
         <file>rtsv7M4_T_le_eabi.lib</file>
         <name>atoi.obj</name>
      </input_file>
      <input_file id="fl-13f">
         <path>C:\TI\ccsv6\tools\compiler\ti-cgt-arm_5.2.7\lib\</path>
         <kind>archive</kind>
         <file>rtsv7M4_T_le_eabi.lib</file>
         <name>autoinit.obj</name>
      </input_file>
      <input_file id="fl-140">
         <path>C:\TI\ccsv6\tools\compiler\ti-cgt-arm_5.2.7\lib\</path>
         <kind>archive</kind>
         <file>rtsv7M4_T_le_eabi.lib</file>
         <name>cpy_tbl.obj</name>
      </input_file>
      <input_file id="fl-141">
         <path>C:\TI\ccsv6\tools\compiler\ti-cgt-arm_5.2.7\lib\</path>
         <kind>archive</kind>
         <file>rtsv7M4_T_le_eabi.lib</file>
         <name>ctype.obj</name>
      </input_file>
      <input_file id="fl-142">
         <path>C:\TI\ccsv6\tools\compiler\ti-cgt-arm_5.2.7\lib\</path>
         <kind>archive</kind>
         <file>rtsv7M4_T_le_eabi.lib</file>
         <name>fd_add_t2.obj</name>
      </input_file>
      <input_file id="fl-143">
         <path>C:\TI\ccsv6\tools\compiler\ti-cgt-arm_5.2.7\lib\</path>
         <kind>archive</kind>
         <file>rtsv7M4_T_le_eabi.lib</file>
         <name>fd_cmp_t2.obj</name>
      </input_file>
      <input_file id="fl-144">
         <path>C:\TI\ccsv6\tools\compiler\ti-cgt-arm_5.2.7\lib\</path>
         <kind>archive</kind>
         <file>rtsv7M4_T_le_eabi.lib</file>
         <name>fd_div_t2.obj</name>
      </input_file>
      <input_file id="fl-145">
         <path>C:\TI\ccsv6\tools\compiler\ti-cgt-arm_5.2.7\lib\</path>
         <kind>archive</kind>
         <file>rtsv7M4_T_le_eabi.lib</file>
         <name>fd_mul_t2.obj</name>
      </input_file>
      <input_file id="fl-146">
         <path>C:\TI\ccsv6\tools\compiler\ti-cgt-arm_5.2.7\lib\</path>
         <kind>archive</kind>
         <file>rtsv7M4_T_le_eabi.lib</file>
         <name>fd_toi_t2.obj</name>
      </input_file>
      <input_file id="fl-147">
         <path>C:\TI\ccsv6\tools\compiler\ti-cgt-arm_5.2.7\lib\</path>
         <kind>archive</kind>
         <file>rtsv7M4_T_le_eabi.lib</file>
         <name>frexp.obj</name>
      </input_file>
      <input_file id="fl-148">
         <path>C:\TI\ccsv6\tools\compiler\ti-cgt-arm_5.2.7\lib\</path>
         <kind>archive</kind>
         <file>rtsv7M4_T_le_eabi.lib</file>
         <name>i_tofd_t2.obj</name>
      </input_file>
      <input_file id="fl-149">
         <path>C:\TI\ccsv6\tools\compiler\ti-cgt-arm_5.2.7\lib\</path>
         <kind>archive</kind>
         <file>rtsv7M4_T_le_eabi.lib</file>
         <name>ldexp.obj</name>
      </input_file>
      <input_file id="fl-14a">
         <path>C:\TI\ccsv6\tools\compiler\ti-cgt-arm_5.2.7\lib\</path>
         <kind>archive</kind>
         <file>rtsv7M4_T_le_eabi.lib</file>
         <name>ltoa.obj</name>
      </input_file>
      <input_file id="fl-14b">
         <path>C:\TI\ccsv6\tools\compiler\ti-cgt-arm_5.2.7\lib\</path>
         <kind>archive</kind>
         <file>rtsv7M4_T_le_eabi.lib</file>
         <name>memccpy.obj</name>
      </input_file>
      <input_file id="fl-14c">
         <path>C:\TI\ccsv6\tools\compiler\ti-cgt-arm_5.2.7\lib\</path>
         <kind>archive</kind>
         <file>rtsv7M4_T_le_eabi.lib</file>
         <name>strchr.obj</name>
      </input_file>
      <input_file id="fl-14d">
         <path>C:\TI\ccsv6\tools\compiler\ti-cgt-arm_5.2.7\lib\</path>
         <kind>archive</kind>
         <file>rtsv7M4_T_le_eabi.lib</file>
         <name>ull_div_t2.obj</name>
      </input_file>
      <input_file id="fl-14e">
         <path>C:\TI\ccsv6\tools\compiler\ti-cgt-arm_5.2.7\lib\</path>
         <kind>archive</kind>
         <file>rtsv7M4_T_le_eabi.lib</file>
         <name>xdclass.obj</name>
      </input_file>
      <input_file id="fl-14f">
         <path>C:\TI\ccsv6\tools\compiler\ti-cgt-arm_5.2.7\lib\</path>
         <kind>archive</kind>
         <file>rtsv7M4_T_le_eabi.lib</file>
         <name>xdscale.obj</name>
      </input_file>
      <input_file id="fl-150">
         <path>C:\TI\ccsv6\tools\compiler\ti-cgt-arm_5.2.7\lib\</path>
         <kind>archive</kind>
         <file>rtsv7M4_T_le_eabi.lib</file>
         <name>xdunscal.obj</name>
      </input_file>
      <input_file id="fl-151">
         <path>C:\TI\ccsv6\tools\compiler\ti-cgt-arm_5.2.7\lib\</path>
         <kind>archive</kind>
         <file>rtsv7M4_T_le_eabi.lib</file>
         <name>xferaise.obj</name>
      </input_file>
      <input_file id="fl-152">
         <path>C:\TI\ccsv6\tools\compiler\ti-cgt-arm_5.2.7\lib\</path>
         <kind>archive</kind>
         <file>rtsv7M4_T_le_eabi.lib</file>
         <name>xvalues.obj</name>
      </input_file>
      <input_file id="fl-153">
         <path>C:\TI\ccsv6\tools\compiler\ti-cgt-arm_5.2.7\lib\</path>
         <kind>archive</kind>
         <file>rtsv7M4_T_le_eabi.lib</file>
         <name>errno.obj</name>
      </input_file>
      <input_file id="fl-154">
         <path>C:\TI\ccsv6\tools\compiler\ti-cgt-arm_5.2.7\lib\</path>
         <kind>archive</kind>
         <file>rtsv7M4_T_le_eabi.lib</file>
         <name>feraiseexcept.obj</name>
      </input_file>
      <input_file id="fl-155">
         <path>C:\TI\ccsv6\tools\compiler\ti-cgt-arm_5.2.7\lib\</path>
         <kind>archive</kind>
         <file>rtsv7M4_T_le_eabi.lib</file>
         <name>raise.obj</name>
      </input_file>
      <input_file id="fl-156">
         <path>C:\TI\ccsv6\tools\compiler\ti-cgt-arm_5.2.7\lib\</path>
         <kind>archive</kind>
         <file>rtsv7M4_T_le_eabi.lib</file>
         <name>signal.obj</name>
      </input_file>
      <input_file id="fl-157">
         <path>C:\TI\ccsv6\tools\compiler\ti-cgt-arm_5.2.7\lib\</path>
         <kind>archive</kind>
         <file>rtsv7M4_T_le_eabi.lib</file>
         <name>xdnorm.obj</name>
      </input_file>
      <input_file id="fl-158">
         <path>C:\TI\CC3200SDK_1.1.0\cc3200-sdk\grlib\ccs-cm3\</path>
         <kind>archive</kind>
         <file>grlib.lib</file>
         <name>context.obj</name>
      </input_file>
      <input_file id="fl-159">
         <path>C:\TI\CC3200SDK_1.1.0\cc3200-sdk\grlib\ccs-cm3\</path>
         <kind>archive</kind>
         <file>grlib.lib</file>
         <name>string.obj</name>
      </input_file>
      <input_file id="fl-15a">
         <path>C:\TI\CC3200SDK_1.1.0\cc3200-sdk\grlib\ccs-cm3\</path>
         <kind>archive</kind>
         <file>grlib.lib</file>
         <name>fontcmsc28.obj</name>
      </input_file>
      <input_file id="fl-15b">
         <path>C:\TI\CC3200SDK_1.1.0\cc3200-sdk\grlib\ccs-cm3\</path>
         <kind>archive</kind>
         <file>grlib.lib</file>
         <name>fontcmss34i.obj</name>
      </input_file>
      <input_file id="fl-15c">
         <path>C:\TI\CC3200SDK_1.1.0\cc3200-sdk\grlib\ccs-cm3\</path>
         <kind>archive</kind>
         <file>grlib.lib</file>
         <name>charmap.obj</name>
      </input_file>
      <input_file id="fl-15d">
         <path>C:\TI\CC3200SDK_1.1.0\cc3200-sdk\driverlib\ccs\Release\</path>
         <kind>archive</kind>
         <file>driverlib.a</file>
         <name>gpio.obj</name>
      </input_file>
      <input_file id="fl-15e">
         <path>C:\TI\CC3200SDK_1.1.0\cc3200-sdk\driverlib\ccs\Release\</path>
         <kind>archive</kind>
         <file>driverlib.a</file>
         <name>interrupt.obj</name>
      </input_file>
      <input_file id="fl-15f">
         <path>C:\TI\CC3200SDK_1.1.0\cc3200-sdk\driverlib\ccs\Release\</path>
         <kind>archive</kind>
         <file>driverlib.a</file>
         <name>pin.obj</name>
      </input_file>
      <input_file id="fl-160">
         <path>C:\TI\CC3200SDK_1.1.0\cc3200-sdk\driverlib\ccs\Release\</path>
         <kind>archive</kind>
         <file>driverlib.a</file>
         <name>prcm.obj</name>
      </input_file>
      <input_file id="fl-161">
         <path>C:\TI\CC3200SDK_1.1.0\cc3200-sdk\driverlib\ccs\Release\</path>
         <kind>archive</kind>
         <file>driverlib.a</file>
         <name>spi.obj</name>
      </input_file>
      <input_file id="fl-162">
         <path>C:\TI\CC3200SDK_1.1.0\cc3200-sdk\driverlib\ccs\Release\</path>
         <kind>archive</kind>
         <file>driverlib.a</file>
         <name>uart.obj</name>
      </input_file>
      <input_file id="fl-163">
         <path>C:\TI\CC3200SDK_1.1.0\cc3200-sdk\driverlib\ccs\Release\</path>
         <kind>archive</kind>
         <file>driverlib.a</file>
         <name>utils.obj</name>
      </input_file>
      <input_file id="fl-164">
         <path>C:\TI\CC3200SDK_1.1.0\cc3200-sdk\driverlib\ccs\Release\</path>
         <kind>archive</kind>
         <file>driverlib.a</file>
         <name>cpu.obj</name>
      </input_file>
      <input_file id="fl-165">
         <path>C:\TI\CC3200SDK_1.1.0\cc3200-sdk\driverlib\ccs\Release\</path>
         <kind>archive</kind>
         <file>driverlib.a</file>
         <name>flash.obj</name>
      </input_file>
   </input_file_list>
   <object_component_list>
      <object_component id="oc-f">
         <name>.intvecs</name>
         <load_address>0x20004000</load_address>
         <run_address>0x20004000</run_address>
         <size>0x400</size>
         <input_file_ref idref="fl-5"/>
      </object_component>
      <object_component id="oc-226">
         <name>.text</name>
         <load_address>0x20004400</load_address>
         <run_address>0x20004400</run_address>
         <size>0x10a6</size>
         <input_file_ref idref="fl-13c"/>
      </object_component>
      <object_component id="oc-109">
         <name>.text</name>
         <load_address>0x200054a8</load_address>
         <run_address>0x200054a8</run_address>
         <size>0xa04</size>
         <input_file_ref idref="fl-4"/>
      </object_component>
      <object_component id="oc-9f">
         <name>.text</name>
         <load_address>0x20005eac</load_address>
         <run_address>0x20005eac</run_address>
         <size>0x418</size>
         <input_file_ref idref="fl-2"/>
      </object_component>
      <object_component id="oc-133">
         <name>.text</name>
         <load_address>0x200062c4</load_address>
         <run_address>0x200062c4</run_address>
         <size>0x3dc</size>
         <input_file_ref idref="fl-135"/>
      </object_component>
      <object_component id="oc-cc">
         <name>.text</name>
         <load_address>0x200066a0</load_address>
         <run_address>0x200066a0</run_address>
         <size>0x280</size>
         <input_file_ref idref="fl-6"/>
      </object_component>
      <object_component id="oc-29a">
         <name>.text:GrFontGlyphRender</name>
         <load_address>0x20006920</load_address>
         <run_address>0x20006920</run_address>
         <size>0x254</size>
         <input_file_ref idref="fl-159"/>
      </object_component>
      <object_component id="oc-2d3">
         <name>.text</name>
         <load_address>0x20006b74</load_address>
         <run_address>0x20006b74</run_address>
         <size>0x1f4</size>
         <input_file_ref idref="fl-14d"/>
      </object_component>
      <object_component id="oc-2fc">
         <name>.text</name>
         <load_address>0x20006d68</load_address>
         <run_address>0x20006d68</run_address>
         <size>0x1b6</size>
         <input_file_ref idref="fl-142"/>
      </object_component>
      <object_component id="oc-2e2">
         <name>.text</name>
         <load_address>0x20006f1e</load_address>
         <run_address>0x20006f1e</run_address>
         <size>0x136</size>
         <input_file_ref idref="fl-144"/>
      </object_component>
      <object_component id="oc-e4">
         <name>.text:PRCMCC3200MCUInit</name>
         <load_address>0x20007054</load_address>
         <run_address>0x20007054</run_address>
         <size>0x134</size>
         <input_file_ref idref="fl-160"/>
      </object_component>
      <object_component id="oc-372">
         <name>.text</name>
         <load_address>0x20007188</load_address>
         <run_address>0x20007188</run_address>
         <size>0x110</size>
         <input_file_ref idref="fl-14f"/>
      </object_component>
      <object_component id="oc-2dd">
         <name>.text</name>
         <load_address>0x20007298</load_address>
         <run_address>0x20007298</run_address>
         <size>0xfc</size>
         <input_file_ref idref="fl-145"/>
      </object_component>
      <object_component id="oc-1ea">
         <name>.text:GrDefaultStringRenderer</name>
         <load_address>0x20007394</load_address>
         <run_address>0x20007394</run_address>
         <size>0xc0</size>
         <input_file_ref idref="fl-159"/>
      </object_component>
      <object_component id="oc-39b">
         <name>.text</name>
         <load_address>0x20007454</load_address>
         <run_address>0x20007454</run_address>
         <size>0xbe</size>
         <input_file_ref idref="fl-157"/>
      </object_component>
      <object_component id="oc-de">
         <name>.text:IntEnable</name>
         <load_address>0x20007514</load_address>
         <run_address>0x20007514</run_address>
         <size>0xa8</size>
         <input_file_ref idref="fl-15e"/>
      </object_component>
      <object_component id="oc-f6">
         <name>.text:SPIConfigSetExpClk</name>
         <load_address>0x200075bc</load_address>
         <run_address>0x200075bc</run_address>
         <size>0xa0</size>
         <input_file_ref idref="fl-161"/>
      </object_component>
      <object_component id="oc-36">
         <name>.text</name>
         <load_address>0x2000765c</load_address>
         <run_address>0x2000765c</run_address>
         <size>0x9c</size>
         <input_file_ref idref="fl-133"/>
      </object_component>
      <object_component id="oc-145">
         <name>.text</name>
         <load_address>0x200076f8</load_address>
         <run_address>0x200076f8</run_address>
         <size>0x98</size>
         <input_file_ref idref="fl-3"/>
      </object_component>
      <object_component id="oc-f0">
         <name>.text:PRCMPeripheralClockGet</name>
         <load_address>0x20007790</load_address>
         <run_address>0x20007790</run_address>
         <size>0x94</size>
         <input_file_ref idref="fl-160"/>
      </object_component>
      <object_component id="oc-339">
         <name>.text:PinConfigSet</name>
         <load_address>0x20007824</load_address>
         <run_address>0x20007824</run_address>
         <size>0x88</size>
         <input_file_ref idref="fl-15f"/>
      </object_component>
      <object_component id="oc-139">
         <name>.text</name>
         <load_address>0x200078ac</load_address>
         <run_address>0x200078ac</run_address>
         <size>0x88</size>
         <input_file_ref idref="fl-13a"/>
      </object_component>
      <object_component id="oc-2d8">
         <name>.text:__aeabi_cdcmple</name>
         <load_address>0x20007934</load_address>
         <run_address>0x20007934</run_address>
         <size>0x86</size>
         <input_file_ref idref="fl-143"/>
      </object_component>
      <object_component id="oc-2e7">
         <name>.text:__aeabi_cdrcmple</name>
         <load_address>0x200079ba</load_address>
         <run_address>0x200079ba</run_address>
         <size>0x86</size>
         <input_file_ref idref="fl-143"/>
      </object_component>
      <object_component id="oc-4f">
         <name>.text</name>
         <load_address>0x20007a40</load_address>
         <run_address>0x20007a40</run_address>
         <size>0x7a</size>
         <input_file_ref idref="fl-136"/>
      </object_component>
      <object_component id="oc-171">
         <name>.text:UARTConfigSetExpClk</name>
         <load_address>0x20007aba</load_address>
         <run_address>0x20007aba</run_address>
         <size>0x76</size>
         <input_file_ref idref="fl-162"/>
      </object_component>
      <object_component id="oc-61">
         <name>.text</name>
         <load_address>0x20007b30</load_address>
         <run_address>0x20007b30</run_address>
         <size>0x6c</size>
         <input_file_ref idref="fl-13f"/>
      </object_component>
      <object_component id="oc-42">
         <name>.text</name>
         <load_address>0x20007b9c</load_address>
         <run_address>0x20007b9c</run_address>
         <size>0x6a</size>
         <input_file_ref idref="fl-130"/>
      </object_component>
      <object_component id="oc-10f">
         <name>.text:GrContextInit</name>
         <load_address>0x20007c08</load_address>
         <run_address>0x20007c08</run_address>
         <size>0x68</size>
         <input_file_ref idref="fl-158"/>
      </object_component>
      <object_component id="oc-11b">
         <name>.text:GrStringWidthGet</name>
         <load_address>0x20007c70</load_address>
         <run_address>0x20007c70</run_address>
         <size>0x68</size>
         <input_file_ref idref="fl-159"/>
      </object_component>
      <object_component id="oc-36a">
         <name>.text</name>
         <load_address>0x20007cd8</load_address>
         <run_address>0x20007cd8</run_address>
         <size>0x66</size>
         <input_file_ref idref="fl-150"/>
      </object_component>
      <object_component id="oc-2bf">
         <name>.text:FontWideGlyphDataGet</name>
         <load_address>0x20007d3e</load_address>
         <run_address>0x20007d3e</run_address>
         <size>0x5a</size>
         <input_file_ref idref="fl-159"/>
      </object_component>
      <object_component id="oc-1c1">
         <name>.text:PRCMPeripheralReset</name>
         <load_address>0x20007d98</load_address>
         <run_address>0x20007d98</run_address>
         <size>0x58</size>
         <input_file_ref idref="fl-160"/>
      </object_component>
      <object_component id="oc-2f1">
         <name>.text</name>
         <load_address>0x20007df0</load_address>
         <run_address>0x20007df0</run_address>
         <size>0x56</size>
         <input_file_ref idref="fl-14a"/>
      </object_component>
      <object_component id="oc-31f">
         <name>.text</name>
         <load_address>0x20007e48</load_address>
         <run_address>0x20007e48</run_address>
         <size>0x4c</size>
         <input_file_ref idref="fl-13e"/>
      </object_component>
      <object_component id="oc-97">
         <name>.text</name>
         <load_address>0x20007e94</load_address>
         <run_address>0x20007e94</run_address>
         <size>0x4c</size>
         <input_file_ref idref="fl-140"/>
      </object_component>
      <object_component id="oc-1f7">
         <name>.text:UpdateContextCharMapping</name>
         <load_address>0x20007ee0</load_address>
         <run_address>0x20007ee0</run_address>
         <size>0x4a</size>
         <input_file_ref idref="fl-159"/>
      </object_component>
      <object_component id="oc-2ec">
         <name>.text</name>
         <load_address>0x20007f2a</load_address>
         <run_address>0x20007f2a</run_address>
         <size>0x48</size>
         <input_file_ref idref="fl-146"/>
      </object_component>
      <object_component id="oc-307">
         <name>.text</name>
         <load_address>0x20007f72</load_address>
         <run_address>0x20007f72</run_address>
         <size>0x46</size>
         <input_file_ref idref="fl-149"/>
      </object_component>
      <object_component id="oc-6d">
         <name>.text</name>
         <load_address>0x20007fb8</load_address>
         <run_address>0x20007fb8</run_address>
         <size>0x44</size>
         <input_file_ref idref="fl-132"/>
      </object_component>
      <object_component id="oc-333">
         <name>.text:PinModeSet</name>
         <load_address>0x20007ffc</load_address>
         <run_address>0x20007ffc</run_address>
         <size>0x40</size>
         <input_file_ref idref="fl-15f"/>
      </object_component>
      <object_component id="oc-3e3">
         <name>.text</name>
         <load_address>0x2000803c</load_address>
         <run_address>0x2000803c</run_address>
         <size>0x40</size>
         <input_file_ref idref="fl-156"/>
      </object_component>
      <object_component id="oc-1bb">
         <name>.text:PRCMPeripheralClkEnable</name>
         <load_address>0x2000807c</load_address>
         <run_address>0x2000807c</run_address>
         <size>0x3c</size>
         <input_file_ref idref="fl-160"/>
      </object_component>
      <object_component id="oc-24">
         <name>.text</name>
         <load_address>0x200080b8</load_address>
         <run_address>0x200080b8</run_address>
         <size>0x3c</size>
         <input_file_ref idref="fl-12e"/>
      </object_component>
      <object_component id="oc-2c5">
         <name>.text:FontGlyphDataGet</name>
         <load_address>0x200080f4</load_address>
         <run_address>0x200080f4</run_address>
         <size>0x3a</size>
         <input_file_ref idref="fl-159"/>
      </object_component>
      <object_component id="oc-253">
         <name>.text:GPIODirModeSet</name>
         <load_address>0x2000812e</load_address>
         <run_address>0x2000812e</run_address>
         <size>0x36</size>
         <input_file_ref idref="fl-15d"/>
      </object_component>
      <object_component id="oc-3aa">
         <name>.text</name>
         <load_address>0x20008164</load_address>
         <run_address>0x20008164</run_address>
         <size>0x34</size>
         <input_file_ref idref="fl-154"/>
      </object_component>
      <object_component id="oc-24d">
         <name>.text:PinTypeGPIO</name>
         <load_address>0x20008198</load_address>
         <run_address>0x20008198</run_address>
         <size>0x30</size>
         <input_file_ref idref="fl-15f"/>
      </object_component>
      <object_component id="oc-26a">
         <name>.text:UARTDisable</name>
         <load_address>0x200081c8</load_address>
         <run_address>0x200081c8</run_address>
         <size>0x30</size>
         <input_file_ref idref="fl-162"/>
      </object_component>
      <object_component id="oc-378">
         <name>.text</name>
         <load_address>0x200081f8</load_address>
         <run_address>0x200081f8</run_address>
         <size>0x30</size>
         <input_file_ref idref="fl-151"/>
      </object_component>
      <object_component id="oc-200">
         <name>.text:GrStringNextCharGet</name>
         <load_address>0x20008228</load_address>
         <run_address>0x20008228</run_address>
         <size>0x2e</size>
         <input_file_ref idref="fl-159"/>
      </object_component>
      <object_component id="oc-2f7">
         <name>.text</name>
         <load_address>0x20008256</load_address>
         <run_address>0x20008256</run_address>
         <size>0x2e</size>
         <input_file_ref idref="fl-148"/>
      </object_component>
      <object_component id="oc-3d1">
         <name>.text</name>
         <load_address>0x20008284</load_address>
         <run_address>0x20008284</run_address>
         <size>0x2e</size>
         <input_file_ref idref="fl-155"/>
      </object_component>
      <object_component id="oc-121">
         <name>.text:GrFontBaselineGet</name>
         <load_address>0x200082b2</load_address>
         <run_address>0x200082b2</run_address>
         <size>0x2c</size>
         <input_file_ref idref="fl-159"/>
      </object_component>
      <object_component id="oc-1cd">
         <name>.text:PRCMSysResetCauseGet</name>
         <load_address>0x200082e0</load_address>
         <run_address>0x200082e0</run_address>
         <size>0x2c</size>
         <input_file_ref idref="fl-160"/>
      </object_component>
      <object_component id="oc-313">
         <name>.text</name>
         <load_address>0x2000830c</load_address>
         <run_address>0x2000830c</run_address>
         <size>0x2a</size>
         <input_file_ref idref="fl-14e"/>
      </object_component>
      <object_component id="oc-1c7">
         <name>.text:PRCMPeripheralClkDisable</name>
         <load_address>0x20008338</load_address>
         <run_address>0x20008338</run_address>
         <size>0x28</size>
         <input_file_ref idref="fl-160"/>
      </object_component>
      <object_component id="oc-20c">
         <name>.text:GrFontInfoGet</name>
         <load_address>0x20008360</load_address>
         <run_address>0x20008360</run_address>
         <size>0x26</size>
         <input_file_ref idref="fl-159"/>
      </object_component>
      <object_component id="oc-270">
         <name>.text:UARTEnable</name>
         <load_address>0x20008386</load_address>
         <run_address>0x20008386</run_address>
         <size>0x24</size>
         <input_file_ref idref="fl-162"/>
      </object_component>
      <object_component id="oc-18f">
         <name>.text</name>
         <load_address>0x200083aa</load_address>
         <run_address>0x200083aa</run_address>
         <size>0x24</size>
         <input_file_ref idref="fl-134"/>
      </object_component>
      <object_component id="oc-206">
         <name>.text:GrFontGlyphDataGet</name>
         <load_address>0x200083ce</load_address>
         <run_address>0x200083ce</run_address>
         <size>0x22</size>
         <input_file_ref idref="fl-159"/>
      </object_component>
      <object_component id="oc-ea">
         <name>.text:SPIReset</name>
         <load_address>0x200083f0</load_address>
         <run_address>0x200083f0</run_address>
         <size>0x22</size>
         <input_file_ref idref="fl-161"/>
      </object_component>
      <object_component id="oc-301">
         <name>.text</name>
         <load_address>0x20008412</load_address>
         <run_address>0x20008412</run_address>
         <size>0x22</size>
         <input_file_ref idref="fl-147"/>
      </object_component>
      <object_component id="oc-102">
         <name>.text:GPIOPinWrite</name>
         <load_address>0x20008434</load_address>
         <run_address>0x20008434</run_address>
         <size>0x20</size>
         <input_file_ref idref="fl-15d"/>
      </object_component>
      <object_component id="oc-1df">
         <name>.text:SPIDataGet</name>
         <load_address>0x20008454</load_address>
         <run_address>0x20008454</run_address>
         <size>0x20</size>
         <input_file_ref idref="fl-161"/>
      </object_component>
      <object_component id="oc-2b5">
         <name>.text:GrFontCodepageGet</name>
         <load_address>0x20008474</load_address>
         <run_address>0x20008474</run_address>
         <size>0x1e</size>
         <input_file_ref idref="fl-159"/>
      </object_component>
      <object_component id="oc-1d9">
         <name>.text:SPIDataPut</name>
         <load_address>0x20008492</load_address>
         <run_address>0x20008492</run_address>
         <size>0x1e</size>
         <input_file_ref idref="fl-161"/>
      </object_component>
      <object_component id="oc-177">
         <name>.text:UARTCharPut</name>
         <load_address>0x200084b0</load_address>
         <run_address>0x200084b0</run_address>
         <size>0x1e</size>
         <input_file_ref idref="fl-162"/>
      </object_component>
      <object_component id="oc-183">
         <name>.text:UARTCharGetNonBlocking</name>
         <load_address>0x200084ce</load_address>
         <run_address>0x200084ce</run_address>
         <size>0x1c</size>
         <input_file_ref idref="fl-162"/>
      </object_component>
      <object_component id="oc-319">
         <name>.text</name>
         <load_address>0x200084ea</load_address>
         <run_address>0x200084ea</run_address>
         <size>0x1c</size>
         <input_file_ref idref="fl-14b"/>
      </object_component>
      <object_component id="oc-247">
         <name>.text:PinTypeSPI</name>
         <load_address>0x20008506</load_address>
         <run_address>0x20008506</run_address>
         <size>0x1a</size>
         <input_file_ref idref="fl-15f"/>
      </object_component>
      <object_component id="oc-241">
         <name>.text:PinTypeUART</name>
         <load_address>0x20008520</load_address>
         <run_address>0x20008520</run_address>
         <size>0x1a</size>
         <input_file_ref idref="fl-15f"/>
      </object_component>
      <object_component id="oc-fc">
         <name>.text:SPIEnable</name>
         <load_address>0x2000853a</load_address>
         <run_address>0x2000853a</run_address>
         <size>0x18</size>
         <input_file_ref idref="fl-161"/>
      </object_component>
      <object_component id="oc-17d">
         <name>.text:UARTCharsAvail</name>
         <load_address>0x20008552</load_address>
         <run_address>0x20008552</run_address>
         <size>0x18</size>
         <input_file_ref idref="fl-162"/>
      </object_component>
      <object_component id="oc-67">
         <name>.text</name>
         <load_address>0x2000856c</load_address>
         <run_address>0x2000856c</run_address>
         <size>0x18</size>
         <input_file_ref idref="fl-13d"/>
      </object_component>
      <object_component id="oc-127">
         <name>.text:GrStringDraw</name>
         <load_address>0x20008584</load_address>
         <run_address>0x20008584</run_address>
         <size>0x16</size>
         <input_file_ref idref="fl-159"/>
      </object_component>
      <object_component id="oc-1af">
         <name>.text:PRCMHIBRegRead</name>
         <load_address>0x2000859a</load_address>
         <run_address>0x2000859a</run_address>
         <size>0x16</size>
         <input_file_ref idref="fl-160"/>
      </object_component>
      <object_component id="oc-1b5">
         <name>.text:PRCMHIBRegWrite</name>
         <load_address>0x200085b0</load_address>
         <run_address>0x200085b0</run_address>
         <size>0x16</size>
         <input_file_ref idref="fl-160"/>
      </object_component>
      <object_component id="oc-30d">
         <name>.text</name>
         <load_address>0x200085c6</load_address>
         <run_address>0x200085c6</run_address>
         <size>0x16</size>
         <input_file_ref idref="fl-14c"/>
      </object_component>
      <object_component id="oc-19f">
         <name>.text:CPUcpsie</name>
         <load_address>0x200085dc</load_address>
         <run_address>0x200085dc</run_address>
         <size>0x14</size>
         <input_file_ref idref="fl-164"/>
      </object_component>
      <object_component id="oc-d2">
         <name>.text:IntVTableBaseSet</name>
         <load_address>0x200085f0</load_address>
         <run_address>0x200085f0</run_address>
         <size>0x14</size>
         <input_file_ref idref="fl-15e"/>
      </object_component>
      <object_component id="oc-15c">
         <name>.text</name>
         <load_address>0x20008604</load_address>
         <run_address>0x20008604</run_address>
         <size>0x14</size>
         <input_file_ref idref="fl-13b"/>
      </object_component>
      <object_component id="oc-189">
         <name>.text</name>
         <load_address>0x20008618</load_address>
         <run_address>0x20008618</run_address>
         <size>0x14</size>
         <input_file_ref idref="fl-139"/>
      </object_component>
      <object_component id="oc-12">
         <name>.text:decompress:none</name>
         <load_address>0x2000862c</load_address>
         <run_address>0x2000862c</run_address>
         <size>0xe</size>
         <input_file_ref idref="fl-12f"/>
      </object_component>
      <object_component id="oc-2d">
         <name>.text</name>
         <load_address>0x2000863a</load_address>
         <run_address>0x2000863a</run_address>
         <size>0xe</size>
         <input_file_ref idref="fl-5"/>
      </object_component>
      <object_component id="oc-1e">
         <name>.text:decompress:ZI</name>
         <load_address>0x20008648</load_address>
         <run_address>0x20008648</run_address>
         <size>0xc</size>
         <input_file_ref idref="fl-131"/>
      </object_component>
      <object_component id="oc-d8">
         <name>.text:IntMasterEnable</name>
         <load_address>0x20008654</load_address>
         <run_address>0x20008654</run_address>
         <size>0xa</size>
         <input_file_ref idref="fl-15e"/>
      </object_component>
      <object_component id="oc-2a6">
         <name>.text:GrMapISO8859_1_Unicode</name>
         <load_address>0x2000865e</load_address>
         <run_address>0x2000865e</run_address>
         <size>0x8</size>
         <input_file_ref idref="fl-15c"/>
      </object_component>
      <object_component id="oc-115">
         <name>.text:GrContextFontSet</name>
         <load_address>0x20008666</load_address>
         <run_address>0x20008666</run_address>
         <size>0x6</size>
         <input_file_ref idref="fl-159"/>
      </object_component>
      <object_component id="oc-108">
         <name>.text:UtilsDelay</name>
         <load_address>0x2000866c</load_address>
         <run_address>0x2000866c</run_address>
         <size>0x6</size>
         <input_file_ref idref="fl-163"/>
      </object_component>
      <object_component id="oc-18">
         <name>.text:decompress:rle24</name>
         <load_address>0x20008672</load_address>
         <run_address>0x20008672</run_address>
         <size>0x6</size>
         <input_file_ref idref="fl-130"/>
      </object_component>
      <object_component id="oc-5b">
         <name>.text</name>
         <load_address>0x20008678</load_address>
         <run_address>0x20008678</run_address>
         <size>0x4</size>
         <input_file_ref idref="fl-137"/>
      </object_component>
      <object_component id="oc-21c">
         <name>.const:.string:g_pui8Cmss34iData</name>
         <load_address>0x2000867c</load_address>
         <run_address>0x2000867c</run_address>
         <size>0xed1</size>
         <input_file_ref idref="fl-15b"/>
      </object_component>
      <object_component id="oc-25a">
         <name>.const:.string:g_pui8Cmsc28Data</name>
         <load_address>0x2000954d</load_address>
         <run_address>0x2000954d</run_address>
         <size>0xcbc</size>
         <input_file_ref idref="fl-15a"/>
      </object_component>
      <object_component id="oc-386">
         <name>.const:.string:_ctypes_</name>
         <load_address>0x2000a209</load_address>
         <run_address>0x2000a209</run_address>
         <size>0x101</size>
         <input_file_ref idref="fl-141"/>
      </object_component>
      <object_component id="oc-392">
         <name>.const:g_ulPinToPadMap</name>
         <load_address>0x2000a30c</load_address>
         <run_address>0x2000a30c</run_address>
         <size>0x100</size>
         <input_file_ref idref="fl-15f"/>
      </object_component>
      <object_component id="oc-14b">
         <name>.const:g_sFontCmsc28</name>
         <load_address>0x2000a40c</load_address>
         <run_address>0x2000a40c</run_address>
         <size>0xc8</size>
         <input_file_ref idref="fl-15a"/>
      </object_component>
      <object_component id="oc-130">
         <name>.const:g_sFontCmss34i</name>
         <load_address>0x2000a4d4</load_address>
         <run_address>0x2000a4d4</run_address>
         <size>0xc8</size>
         <input_file_ref idref="fl-15b"/>
      </object_component>
      <object_component id="oc-286">
         <name>.const:PRCM_PeriphRegsList</name>
         <load_address>0x2000a59c</load_address>
         <run_address>0x2000a59c</run_address>
         <size>0xa8</size>
         <input_file_ref idref="fl-160"/>
      </object_component>
      <object_component id="oc-1ab">
         <name>.const</name>
         <load_address>0x2000a644</load_address>
         <run_address>0x2000a644</run_address>
         <size>0x80</size>
         <input_file_ref idref="fl-15e"/>
      </object_component>
      <object_component id="oc-12d">
         <name>.const:g_ssalowCC3200_ili9341</name>
         <load_address>0x2000a6c4</load_address>
         <run_address>0x2000a6c4</run_address>
         <size>0x28</size>
         <input_file_ref idref="fl-4"/>
      </object_component>
      <object_component id="oc-1f0">
         <name>.const</name>
         <load_address>0x2000a6ec</load_address>
         <run_address>0x2000a6ec</run_address>
         <size>0x10</size>
         <input_file_ref idref="fl-158"/>
      </object_component>
      <object_component id="oc-429">
         <name>.cinit..data.load</name>
         <load_address>0x2000a700</load_address>
         <run_address>0x2000a700</run_address>
         <size>0x5e</size>
      </object_component>
      <object_component id="oc-427">
         <name>__TI_handler_table</name>
         <load_address>0x2000a760</load_address>
         <run_address>0x2000a760</run_address>
         <size>0xc</size>
      </object_component>
      <object_component id="oc-42a">
         <name>.cinit..bss.load</name>
         <load_address>0x2000a770</load_address>
         <run_address>0x2000a770</run_address>
         <size>0x8</size>
      </object_component>
      <object_component id="oc-428">
         <name>__TI_cinit_table</name>
         <load_address>0x2000a778</load_address>
         <run_address>0x2000a778</run_address>
         <size>0x10</size>
      </object_component>
      <object_component id="oc-2a">
         <name>.sysmem</name>
         <uninitialized>true</uninitialized>
         <run_address>0x20017000</run_address>
         <size>0x8</size>
         <input_file_ref idref="fl-135"/>
      </object_component>
      <object_component id="oc-42c">
         <name>.sysmem</name>
         <uninitialized>true</uninitialized>
         <run_address>0x20017000</run_address>
         <size>0x0</size>
      </object_component>
      <object_component id="oc-29">
         <name>.stack</name>
         <uninitialized>true</uninitialized>
         <run_address>0x2002f000</run_address>
         <size>0x0</size>
         <input_file_ref idref="fl-12e"/>
      </object_component>
      <object_component id="oc-42b">
         <name>.stack</name>
         <uninitialized>true</uninitialized>
         <run_address>0x2002f000</run_address>
         <size>0x0</size>
      </object_component>
      <object_component id="oc-142">
         <name>.bss:sContext</name>
         <uninitialized>true</uninitialized>
         <run_address>0x2001796c</run_address>
         <size>0x2c</size>
         <input_file_ref idref="fl-2"/>
      </object_component>
      <object_component id="oc-195">
         <name>.common:__Errorlog</name>
         <uninitialized>true</uninitialized>
         <run_address>0x20017998</run_address>
         <size>0x4</size>
      </object_component>
      <object_component id="oc-1f3">
         <name>.common:g_psGrLibDefaults</name>
         <uninitialized>true</uninitialized>
         <run_address>0x2001799c</run_address>
         <size>0x4</size>
      </object_component>
      <object_component id="oc-13f">
         <name>.data</name>
         <load_address>0x20017960</load_address>
         <run_address>0x20017960</run_address>
         <size>0x4</size>
         <input_file_ref idref="fl-2"/>
      </object_component>
      <object_component id="oc-1e5">
         <name>.data</name>
         <load_address>0x2001793c</load_address>
         <run_address>0x2001793c</run_address>
         <size>0xc</size>
         <input_file_ref idref="fl-4"/>
      </object_component>
      <object_component id="oc-aa">
         <name>.data</name>
         <load_address>0x20017950</load_address>
         <run_address>0x20017950</run_address>
         <size>0x8</size>
         <input_file_ref idref="fl-132"/>
      </object_component>
      <object_component id="oc-222">
         <name>.data</name>
         <load_address>0x20017930</load_address>
         <run_address>0x20017930</run_address>
         <size>0xc</size>
         <input_file_ref idref="fl-135"/>
      </object_component>
      <object_component id="oc-73">
         <name>.data</name>
         <load_address>0x20017968</load_address>
         <run_address>0x20017968</run_address>
         <size>0x4</size>
         <input_file_ref idref="fl-138"/>
      </object_component>
      <object_component id="oc-a7">
         <name>.data</name>
         <load_address>0x20017948</load_address>
         <run_address>0x20017948</run_address>
         <size>0x8</size>
         <input_file_ref idref="fl-13b"/>
      </object_component>
      <object_component id="oc-3a5">
         <name>.data</name>
         <load_address>0x200178b0</load_address>
         <run_address>0x200178b0</run_address>
         <size>0x80</size>
         <input_file_ref idref="fl-152"/>
      </object_component>
      <object_component id="oc-3b0">
         <name>.data</name>
         <load_address>0x20017964</load_address>
         <run_address>0x20017964</run_address>
         <size>0x4</size>
         <input_file_ref idref="fl-153"/>
      </object_component>
      <object_component id="oc-3d7">
         <name>.data</name>
         <load_address>0x20017958</load_address>
         <run_address>0x20017958</run_address>
         <size>0x8</size>
         <input_file_ref idref="fl-154"/>
      </object_component>
      <object_component id="oc-3f4">
         <name>.data:sigtable</name>
         <load_address>0x20017800</load_address>
         <run_address>0x20017800</run_address>
         <size>0xb0</size>
         <input_file_ref idref="fl-156"/>
      </object_component>
      <object_component id="oc-14f">
         <name>.debug_info</name>
         <load_address>0x0</load_address>
         <run_address>0x0</run_address>
         <size>0x85b</size>
         <input_file_ref idref="fl-2"/>
      </object_component>
      <object_component id="oc-143">
         <name>.debug_info</name>
         <load_address>0x85b</load_address>
         <run_address>0x85b</run_address>
         <size>0xd4</size>
         <input_file_ref idref="fl-2"/>
      </object_component>
      <object_component id="oc-140">
         <name>.debug_info</name>
         <load_address>0x92f</load_address>
         <run_address>0x92f</run_address>
         <size>0xdf</size>
         <input_file_ref idref="fl-2"/>
      </object_component>
      <object_component id="oc-a0">
         <name>.debug_info</name>
         <load_address>0xa0e</load_address>
         <run_address>0xa0e</run_address>
         <size>0x905</size>
         <input_file_ref idref="fl-2"/>
      </object_component>
      <object_component id="oc-23c">
         <name>.debug_info</name>
         <load_address>0x1313</load_address>
         <run_address>0x1313</run_address>
         <size>0x6bb</size>
         <input_file_ref idref="fl-2"/>
      </object_component>
      <object_component id="oc-262">
         <name>.debug_info</name>
         <load_address>0x19ce</load_address>
         <run_address>0x19ce</run_address>
         <size>0xc8</size>
         <input_file_ref idref="fl-2"/>
      </object_component>
      <object_component id="oc-353">
         <name>.debug_info</name>
         <load_address>0x1a96</load_address>
         <run_address>0x1a96</run_address>
         <size>0x62</size>
         <input_file_ref idref="fl-2"/>
      </object_component>
      <object_component id="oc-7e">
         <name>.debug_info</name>
         <load_address>0x1af8</load_address>
         <run_address>0x1af8</run_address>
         <size>0x84</size>
         <input_file_ref idref="fl-2"/>
      </object_component>
      <object_component id="oc-1a6">
         <name>.debug_info</name>
         <load_address>0x1b7c</load_address>
         <run_address>0x1b7c</run_address>
         <size>0x2c</size>
         <input_file_ref idref="fl-2"/>
      </object_component>
      <object_component id="oc-150">
         <name>.debug_info</name>
         <load_address>0x1ba8</load_address>
         <run_address>0x1ba8</run_address>
         <size>0x4e</size>
         <input_file_ref idref="fl-2"/>
      </object_component>
      <object_component id="oc-146">
         <name>.debug_info</name>
         <load_address>0x1bf6</load_address>
         <run_address>0x1bf6</run_address>
         <size>0x26f</size>
         <input_file_ref idref="fl-3"/>
      </object_component>
      <object_component id="oc-1e9">
         <name>.debug_info</name>
         <load_address>0x1e65</load_address>
         <run_address>0x1e65</run_address>
         <size>0x3c8</size>
         <input_file_ref idref="fl-4"/>
      </object_component>
      <object_component id="oc-1e6">
         <name>.debug_info</name>
         <load_address>0x222d</load_address>
         <run_address>0x222d</run_address>
         <size>0x134</size>
         <input_file_ref idref="fl-4"/>
      </object_component>
      <object_component id="oc-12e">
         <name>.debug_info</name>
         <load_address>0x2361</load_address>
         <run_address>0x2361</run_address>
         <size>0x101</size>
         <input_file_ref idref="fl-4"/>
      </object_component>
      <object_component id="oc-10a">
         <name>.debug_info</name>
         <load_address>0x2462</load_address>
         <run_address>0x2462</run_address>
         <size>0x19a5</size>
         <input_file_ref idref="fl-4"/>
      </object_component>
      <object_component id="oc-293">
         <name>.debug_info</name>
         <load_address>0x3e07</load_address>
         <run_address>0x3e07</run_address>
         <size>0x54</size>
         <input_file_ref idref="fl-4"/>
      </object_component>
      <object_component id="oc-35">
         <name>.debug_info</name>
         <load_address>0x3e5b</load_address>
         <run_address>0x3e5b</run_address>
         <size>0x12c</size>
         <input_file_ref idref="fl-5"/>
      </object_component>
      <object_component id="oc-10">
         <name>.debug_info</name>
         <load_address>0x3f87</load_address>
         <run_address>0x3f87</run_address>
         <size>0x111</size>
         <input_file_ref idref="fl-5"/>
      </object_component>
      <object_component id="oc-2e">
         <name>.debug_info</name>
         <load_address>0x4098</load_address>
         <run_address>0x4098</run_address>
         <size>0x432</size>
         <input_file_ref idref="fl-5"/>
      </object_component>
      <object_component id="oc-196">
         <name>.debug_info</name>
         <load_address>0x44ca</load_address>
         <run_address>0x44ca</run_address>
         <size>0x3ac</size>
         <input_file_ref idref="fl-6"/>
      </object_component>
      <object_component id="oc-cd">
         <name>.debug_info</name>
         <load_address>0x4876</load_address>
         <run_address>0x4876</run_address>
         <size>0x8e5</size>
         <input_file_ref idref="fl-6"/>
      </object_component>
      <object_component id="oc-199">
         <name>.debug_info</name>
         <load_address>0x515b</load_address>
         <run_address>0x515b</run_address>
         <size>0x110</size>
         <input_file_ref idref="fl-6"/>
      </object_component>
      <object_component id="oc-27">
         <name>.debug_info</name>
         <load_address>0x526b</load_address>
         <run_address>0x526b</run_address>
         <size>0x169</size>
         <input_file_ref idref="fl-12e"/>
      </object_component>
      <object_component id="oc-41">
         <name>.debug_info</name>
         <load_address>0x53d4</load_address>
         <run_address>0x53d4</run_address>
         <size>0x156</size>
         <input_file_ref idref="fl-12f"/>
      </object_component>
      <object_component id="oc-16">
         <name>.debug_info</name>
         <load_address>0x552a</load_address>
         <run_address>0x552a</run_address>
         <size>0x1f5</size>
         <input_file_ref idref="fl-12f"/>
      </object_component>
      <object_component id="oc-3c">
         <name>.debug_info</name>
         <load_address>0x571f</load_address>
         <run_address>0x571f</run_address>
         <size>0x46</size>
         <input_file_ref idref="fl-12f"/>
      </object_component>
      <object_component id="oc-84">
         <name>.debug_info</name>
         <load_address>0x5765</load_address>
         <run_address>0x5765</run_address>
         <size>0x2c</size>
         <input_file_ref idref="fl-12f"/>
      </object_component>
      <object_component id="oc-49">
         <name>.debug_info</name>
         <load_address>0x5791</load_address>
         <run_address>0x5791</run_address>
         <size>0x14a</size>
         <input_file_ref idref="fl-130"/>
      </object_component>
      <object_component id="oc-43">
         <name>.debug_info</name>
         <load_address>0x58db</load_address>
         <run_address>0x58db</run_address>
         <size>0x25d</size>
         <input_file_ref idref="fl-130"/>
      </object_component>
      <object_component id="oc-19">
         <name>.debug_info</name>
         <load_address>0x5b38</load_address>
         <run_address>0x5b38</run_address>
         <size>0x1c7</size>
         <input_file_ref idref="fl-130"/>
      </object_component>
      <object_component id="oc-4a">
         <name>.debug_info</name>
         <load_address>0x5cff</load_address>
         <run_address>0x5cff</run_address>
         <size>0x39</size>
         <input_file_ref idref="fl-130"/>
      </object_component>
      <object_component id="oc-8e">
         <name>.debug_info</name>
         <load_address>0x5d38</load_address>
         <run_address>0x5d38</run_address>
         <size>0x2c</size>
         <input_file_ref idref="fl-130"/>
      </object_component>
      <object_component id="oc-5a">
         <name>.debug_info</name>
         <load_address>0x5d64</load_address>
         <run_address>0x5d64</run_address>
         <size>0x145</size>
         <input_file_ref idref="fl-131"/>
      </object_component>
      <object_component id="oc-1f">
         <name>.debug_info</name>
         <load_address>0x5ea9</load_address>
         <run_address>0x5ea9</run_address>
         <size>0x1c0</size>
         <input_file_ref idref="fl-131"/>
      </object_component>
      <object_component id="oc-55">
         <name>.debug_info</name>
         <load_address>0x6069</load_address>
         <run_address>0x6069</run_address>
         <size>0x46</size>
         <input_file_ref idref="fl-131"/>
      </object_component>
      <object_component id="oc-ae">
         <name>.debug_info</name>
         <load_address>0x60af</load_address>
         <run_address>0x60af</run_address>
         <size>0x1a7</size>
         <input_file_ref idref="fl-132"/>
      </object_component>
      <object_component id="oc-ab">
         <name>.debug_info</name>
         <load_address>0x6256</load_address>
         <run_address>0x6256</run_address>
         <size>0x14c</size>
         <input_file_ref idref="fl-132"/>
      </object_component>
      <object_component id="oc-6e">
         <name>.debug_info</name>
         <load_address>0x63a2</load_address>
         <run_address>0x63a2</run_address>
         <size>0x223</size>
         <input_file_ref idref="fl-132"/>
      </object_component>
      <object_component id="oc-37">
         <name>.debug_info</name>
         <load_address>0x65c5</load_address>
         <run_address>0x65c5</run_address>
         <size>0x12b</size>
         <input_file_ref idref="fl-133"/>
      </object_component>
      <object_component id="oc-27d">
         <name>.debug_info</name>
         <load_address>0x66f0</load_address>
         <run_address>0x66f0</run_address>
         <size>0x142</size>
         <input_file_ref idref="fl-134"/>
      </object_component>
      <object_component id="oc-190">
         <name>.debug_info</name>
         <load_address>0x6832</load_address>
         <run_address>0x6832</run_address>
         <size>0x1c1</size>
         <input_file_ref idref="fl-134"/>
      </object_component>
      <object_component id="oc-79">
         <name>.debug_info</name>
         <load_address>0x69f3</load_address>
         <run_address>0x69f3</run_address>
         <size>0x238</size>
         <input_file_ref idref="fl-135"/>
      </object_component>
      <object_component id="oc-2b">
         <name>.debug_info</name>
         <load_address>0x6c2b</load_address>
         <run_address>0x6c2b</run_address>
         <size>0x117</size>
         <input_file_ref idref="fl-135"/>
      </object_component>
      <object_component id="oc-223">
         <name>.debug_info</name>
         <load_address>0x6d42</load_address>
         <run_address>0x6d42</run_address>
         <size>0x162</size>
         <input_file_ref idref="fl-135"/>
      </object_component>
      <object_component id="oc-134">
         <name>.debug_info</name>
         <load_address>0x6ea4</load_address>
         <run_address>0x6ea4</run_address>
         <size>0x8a1</size>
         <input_file_ref idref="fl-135"/>
      </object_component>
      <object_component id="oc-b4">
         <name>.debug_info</name>
         <load_address>0x7745</load_address>
         <run_address>0x7745</run_address>
         <size>0x2c</size>
         <input_file_ref idref="fl-135"/>
      </object_component>
      <object_component id="oc-b9">
         <name>.debug_info</name>
         <load_address>0x7771</load_address>
         <run_address>0x7771</run_address>
         <size>0x62</size>
         <input_file_ref idref="fl-135"/>
      </object_component>
      <object_component id="oc-50">
         <name>.debug_info</name>
         <load_address>0x77d3</load_address>
         <run_address>0x77d3</run_address>
         <size>0x159</size>
         <input_file_ref idref="fl-136"/>
      </object_component>
      <object_component id="oc-5c">
         <name>.debug_info</name>
         <load_address>0x792c</load_address>
         <run_address>0x792c</run_address>
         <size>0x15e</size>
         <input_file_ref idref="fl-137"/>
      </object_component>
      <object_component id="oc-74">
         <name>.debug_info</name>
         <load_address>0x7a8a</load_address>
         <run_address>0x7a8a</run_address>
         <size>0x11f</size>
         <input_file_ref idref="fl-138"/>
      </object_component>
      <object_component id="oc-27b">
         <name>.debug_info</name>
         <load_address>0x7ba9</load_address>
         <run_address>0x7ba9</run_address>
         <size>0x100</size>
         <input_file_ref idref="fl-139"/>
      </object_component>
      <object_component id="oc-18a">
         <name>.debug_info</name>
         <load_address>0x7ca9</load_address>
         <run_address>0x7ca9</run_address>
         <size>0x276</size>
         <input_file_ref idref="fl-139"/>
      </object_component>
      <object_component id="oc-22d">
         <name>.debug_info</name>
         <load_address>0x7f1f</load_address>
         <run_address>0x7f1f</run_address>
         <size>0x1de</size>
         <input_file_ref idref="fl-13a"/>
      </object_component>
      <object_component id="oc-13a">
         <name>.debug_info</name>
         <load_address>0x80fd</load_address>
         <run_address>0x80fd</run_address>
         <size>0x372</size>
         <input_file_ref idref="fl-13a"/>
      </object_component>
      <object_component id="oc-22e">
         <name>.debug_info</name>
         <load_address>0x846f</load_address>
         <run_address>0x846f</run_address>
         <size>0x2c</size>
         <input_file_ref idref="fl-13a"/>
      </object_component>
      <object_component id="oc-233">
         <name>.debug_info</name>
         <load_address>0x849b</load_address>
         <run_address>0x849b</run_address>
         <size>0x69</size>
         <input_file_ref idref="fl-13a"/>
      </object_component>
      <object_component id="oc-164">
         <name>.debug_info</name>
         <load_address>0x8504</load_address>
         <run_address>0x8504</run_address>
         <size>0x13a</size>
         <input_file_ref idref="fl-13b"/>
      </object_component>
      <object_component id="oc-a8">
         <name>.debug_info</name>
         <load_address>0x863e</load_address>
         <run_address>0x863e</run_address>
         <size>0x129</size>
         <input_file_ref idref="fl-13b"/>
      </object_component>
      <object_component id="oc-15d">
         <name>.debug_info</name>
         <load_address>0x8767</load_address>
         <run_address>0x8767</run_address>
         <size>0x235</size>
         <input_file_ref idref="fl-13b"/>
      </object_component>
      <object_component id="oc-326">
         <name>.debug_info</name>
         <load_address>0x899c</load_address>
         <run_address>0x899c</run_address>
         <size>0x36d</size>
         <input_file_ref idref="fl-13c"/>
      </object_component>
      <object_component id="oc-228">
         <name>.debug_info</name>
         <load_address>0x8d09</load_address>
         <run_address>0x8d09</run_address>
         <size>0x181d</size>
         <input_file_ref idref="fl-13c"/>
      </object_component>
      <object_component id="oc-327">
         <name>.debug_info</name>
         <load_address>0xa526</load_address>
         <run_address>0xa526</run_address>
         <size>0x86</size>
         <input_file_ref idref="fl-13c"/>
      </object_component>
      <object_component id="oc-38d">
         <name>.debug_info</name>
         <load_address>0xa5ac</load_address>
         <run_address>0xa5ac</run_address>
         <size>0x46</size>
         <input_file_ref idref="fl-13c"/>
      </object_component>
      <object_component id="oc-32c">
         <name>.debug_info</name>
         <load_address>0xa5f2</load_address>
         <run_address>0xa5f2</run_address>
         <size>0x39</size>
         <input_file_ref idref="fl-13c"/>
      </object_component>
      <object_component id="oc-a6">
         <name>.debug_info</name>
         <load_address>0xa62b</load_address>
         <run_address>0xa62b</run_address>
         <size>0x17c</size>
         <input_file_ref idref="fl-13d"/>
      </object_component>
      <object_component id="oc-69">
         <name>.debug_info</name>
         <load_address>0xa7a7</load_address>
         <run_address>0xa7a7</run_address>
         <size>0x17d</size>
         <input_file_ref idref="fl-13d"/>
      </object_component>
      <object_component id="oc-157">
         <name>.debug_info</name>
         <load_address>0xa924</load_address>
         <run_address>0xa924</run_address>
         <size>0x5e</size>
         <input_file_ref idref="fl-13d"/>
      </object_component>
      <object_component id="oc-38a">
         <name>.debug_info</name>
         <load_address>0xa982</load_address>
         <run_address>0xa982</run_address>
         <size>0x12a</size>
         <input_file_ref idref="fl-13e"/>
      </object_component>
      <object_component id="oc-320">
         <name>.debug_info</name>
         <load_address>0xaaac</load_address>
         <run_address>0xaaac</run_address>
         <size>0x187</size>
         <input_file_ref idref="fl-13e"/>
      </object_component>
      <object_component id="oc-9e">
         <name>.debug_info</name>
         <load_address>0xac33</load_address>
         <run_address>0xac33</run_address>
         <size>0x2d3</size>
         <input_file_ref idref="fl-13f"/>
      </object_component>
      <object_component id="oc-62">
         <name>.debug_info</name>
         <load_address>0xaf06</load_address>
         <run_address>0xaf06</run_address>
         <size>0x18d</size>
         <input_file_ref idref="fl-13f"/>
      </object_component>
      <object_component id="oc-c2">
         <name>.debug_info</name>
         <load_address>0xb093</load_address>
         <run_address>0xb093</run_address>
         <size>0x39</size>
         <input_file_ref idref="fl-13f"/>
      </object_component>
      <object_component id="oc-c7">
         <name>.debug_info</name>
         <load_address>0xb0cc</load_address>
         <run_address>0xb0cc</run_address>
         <size>0xcd</size>
         <input_file_ref idref="fl-13f"/>
      </object_component>
      <object_component id="oc-bf">
         <name>.debug_info</name>
         <load_address>0xb199</load_address>
         <run_address>0xb199</run_address>
         <size>0x1f6</size>
         <input_file_ref idref="fl-140"/>
      </object_component>
      <object_component id="oc-98">
         <name>.debug_info</name>
         <load_address>0xb38f</load_address>
         <run_address>0xb38f</run_address>
         <size>0x199</size>
         <input_file_ref idref="fl-140"/>
      </object_component>
      <object_component id="oc-16c">
         <name>.debug_info</name>
         <load_address>0xb528</load_address>
         <run_address>0xb528</run_address>
         <size>0x2c</size>
         <input_file_ref idref="fl-140"/>
      </object_component>
      <object_component id="oc-3be">
         <name>.debug_info</name>
         <load_address>0xb554</load_address>
         <run_address>0xb554</run_address>
         <size>0x104</size>
         <input_file_ref idref="fl-141"/>
      </object_component>
      <object_component id="oc-387">
         <name>.debug_info</name>
         <load_address>0xb658</load_address>
         <run_address>0xb658</run_address>
         <size>0x110</size>
         <input_file_ref idref="fl-141"/>
      </object_component>
      <object_component id="oc-2fe">
         <name>.debug_info</name>
         <load_address>0xb768</load_address>
         <run_address>0xb768</run_address>
         <size>0x15e</size>
         <input_file_ref idref="fl-142"/>
      </object_component>
      <object_component id="oc-2d9">
         <name>.debug_info</name>
         <load_address>0xb8c6</load_address>
         <run_address>0xb8c6</run_address>
         <size>0x13a</size>
         <input_file_ref idref="fl-143"/>
      </object_component>
      <object_component id="oc-2e8">
         <name>.debug_info</name>
         <load_address>0xba00</load_address>
         <run_address>0xba00</run_address>
         <size>0x13c</size>
         <input_file_ref idref="fl-143"/>
      </object_component>
      <object_component id="oc-2e3">
         <name>.debug_info</name>
         <load_address>0xbb3c</load_address>
         <run_address>0xbb3c</run_address>
         <size>0x14c</size>
         <input_file_ref idref="fl-144"/>
      </object_component>
      <object_component id="oc-2de">
         <name>.debug_info</name>
         <load_address>0xbc88</load_address>
         <run_address>0xbc88</run_address>
         <size>0x14c</size>
         <input_file_ref idref="fl-145"/>
      </object_component>
      <object_component id="oc-2ed">
         <name>.debug_info</name>
         <load_address>0xbdd4</load_address>
         <run_address>0xbdd4</run_address>
         <size>0x140</size>
         <input_file_ref idref="fl-146"/>
      </object_component>
      <object_component id="oc-371">
         <name>.debug_info</name>
         <load_address>0xbf14</load_address>
         <run_address>0xbf14</run_address>
         <size>0x133</size>
         <input_file_ref idref="fl-147"/>
      </object_component>
      <object_component id="oc-302">
         <name>.debug_info</name>
         <load_address>0xc047</load_address>
         <run_address>0xc047</run_address>
         <size>0x1a2</size>
         <input_file_ref idref="fl-147"/>
      </object_component>
      <object_component id="oc-2f9">
         <name>.debug_info</name>
         <load_address>0xc1e9</load_address>
         <run_address>0xc1e9</run_address>
         <size>0x13e</size>
         <input_file_ref idref="fl-148"/>
      </object_component>
      <object_component id="oc-37f">
         <name>.debug_info</name>
         <load_address>0xc327</load_address>
         <run_address>0xc327</run_address>
         <size>0x177</size>
         <input_file_ref idref="fl-149"/>
      </object_component>
      <object_component id="oc-308">
         <name>.debug_info</name>
         <load_address>0xc49e</load_address>
         <run_address>0xc49e</run_address>
         <size>0x199</size>
         <input_file_ref idref="fl-149"/>
      </object_component>
      <object_component id="oc-367">
         <name>.debug_info</name>
         <load_address>0xc637</load_address>
         <run_address>0xc637</run_address>
         <size>0x162</size>
         <input_file_ref idref="fl-14a"/>
      </object_component>
      <object_component id="oc-2f2">
         <name>.debug_info</name>
         <load_address>0xc799</load_address>
         <run_address>0xc799</run_address>
         <size>0x1d8</size>
         <input_file_ref idref="fl-14a"/>
      </object_component>
      <object_component id="oc-385">
         <name>.debug_info</name>
         <load_address>0xc971</load_address>
         <run_address>0xc971</run_address>
         <size>0x107</size>
         <input_file_ref idref="fl-14b"/>
      </object_component>
      <object_component id="oc-31a">
         <name>.debug_info</name>
         <load_address>0xca78</load_address>
         <run_address>0xca78</run_address>
         <size>0x1c1</size>
         <input_file_ref idref="fl-14b"/>
      </object_component>
      <object_component id="oc-381">
         <name>.debug_info</name>
         <load_address>0xcc39</load_address>
         <run_address>0xcc39</run_address>
         <size>0x10b</size>
         <input_file_ref idref="fl-14c"/>
      </object_component>
      <object_component id="oc-30e">
         <name>.debug_info</name>
         <load_address>0xcd44</load_address>
         <run_address>0xcd44</run_address>
         <size>0x290</size>
         <input_file_ref idref="fl-14c"/>
      </object_component>
      <object_component id="oc-2d5">
         <name>.debug_info</name>
         <load_address>0xcfd4</load_address>
         <run_address>0xcfd4</run_address>
         <size>0x197</size>
         <input_file_ref idref="fl-14d"/>
      </object_component>
      <object_component id="oc-383">
         <name>.debug_info</name>
         <load_address>0xd16b</load_address>
         <run_address>0xd16b</run_address>
         <size>0x128</size>
         <input_file_ref idref="fl-14e"/>
      </object_component>
      <object_component id="oc-314">
         <name>.debug_info</name>
         <load_address>0xd293</load_address>
         <run_address>0xd293</run_address>
         <size>0x169</size>
         <input_file_ref idref="fl-14e"/>
      </object_component>
      <object_component id="oc-3a9">
         <name>.debug_info</name>
         <load_address>0xd3fc</load_address>
         <run_address>0xd3fc</run_address>
         <size>0x146</size>
         <input_file_ref idref="fl-14f"/>
      </object_component>
      <object_component id="oc-373">
         <name>.debug_info</name>
         <load_address>0xd542</load_address>
         <run_address>0xd542</run_address>
         <size>0x1c7</size>
         <input_file_ref idref="fl-14f"/>
      </object_component>
      <object_component id="oc-3ca">
         <name>.debug_info</name>
         <load_address>0xd709</load_address>
         <run_address>0xd709</run_address>
         <size>0x86</size>
         <input_file_ref idref="fl-14f"/>
      </object_component>
      <object_component id="oc-3a2">
         <name>.debug_info</name>
         <load_address>0xd78f</load_address>
         <run_address>0xd78f</run_address>
         <size>0x130</size>
         <input_file_ref idref="fl-150"/>
      </object_component>
      <object_component id="oc-36b">
         <name>.debug_info</name>
         <load_address>0xd8bf</load_address>
         <run_address>0xd8bf</run_address>
         <size>0x1a8</size>
         <input_file_ref idref="fl-150"/>
      </object_component>
      <object_component id="oc-379">
         <name>.debug_info</name>
         <load_address>0xda67</load_address>
         <run_address>0xda67</run_address>
         <size>0x188</size>
         <input_file_ref idref="fl-151"/>
      </object_component>
      <object_component id="oc-3a6">
         <name>.debug_info</name>
         <load_address>0xdbef</load_address>
         <run_address>0xdbef</run_address>
         <size>0x1ea</size>
         <input_file_ref idref="fl-152"/>
      </object_component>
      <object_component id="oc-3b1">
         <name>.debug_info</name>
         <load_address>0xddd9</load_address>
         <run_address>0xddd9</run_address>
         <size>0x10b</size>
         <input_file_ref idref="fl-153"/>
      </object_component>
      <object_component id="oc-3f2">
         <name>.debug_info</name>
         <load_address>0xdee4</load_address>
         <run_address>0xdee4</run_address>
         <size>0x173</size>
         <input_file_ref idref="fl-154"/>
      </object_component>
      <object_component id="oc-3d8">
         <name>.debug_info</name>
         <load_address>0xe057</load_address>
         <run_address>0xe057</run_address>
         <size>0x143</size>
         <input_file_ref idref="fl-154"/>
      </object_component>
      <object_component id="oc-3ab">
         <name>.debug_info</name>
         <load_address>0xe19a</load_address>
         <run_address>0xe19a</run_address>
         <size>0x1a4</size>
         <input_file_ref idref="fl-154"/>
      </object_component>
      <object_component id="oc-3ed">
         <name>.debug_info</name>
         <load_address>0xe33e</load_address>
         <run_address>0xe33e</run_address>
         <size>0x6f</size>
         <input_file_ref idref="fl-154"/>
      </object_component>
      <object_component id="oc-3ea">
         <name>.debug_info</name>
         <load_address>0xe3ad</load_address>
         <run_address>0xe3ad</run_address>
         <size>0x132</size>
         <input_file_ref idref="fl-155"/>
      </object_component>
      <object_component id="oc-3d2">
         <name>.debug_info</name>
         <load_address>0xe4df</load_address>
         <run_address>0xe4df</run_address>
         <size>0x189</size>
         <input_file_ref idref="fl-155"/>
      </object_component>
      <object_component id="oc-3fb">
         <name>.debug_info</name>
         <load_address>0xe668</load_address>
         <run_address>0xe668</run_address>
         <size>0x2c</size>
         <input_file_ref idref="fl-155"/>
      </object_component>
      <object_component id="oc-3f8">
         <name>.debug_info</name>
         <load_address>0xe694</load_address>
         <run_address>0xe694</run_address>
         <size>0x152</size>
         <input_file_ref idref="fl-156"/>
      </object_component>
      <object_component id="oc-3f5">
         <name>.debug_info</name>
         <load_address>0xe7e6</load_address>
         <run_address>0xe7e6</run_address>
         <size>0x110</size>
         <input_file_ref idref="fl-156"/>
      </object_component>
      <object_component id="oc-3e4">
         <name>.debug_info</name>
         <load_address>0xe8f6</load_address>
         <run_address>0xe8f6</run_address>
         <size>0x19f</size>
         <input_file_ref idref="fl-156"/>
      </object_component>
      <object_component id="oc-3c5">
         <name>.debug_info</name>
         <load_address>0xea95</load_address>
         <run_address>0xea95</run_address>
         <size>0xfb</size>
         <input_file_ref idref="fl-157"/>
      </object_component>
      <object_component id="oc-39c">
         <name>.debug_info</name>
         <load_address>0xeb90</load_address>
         <run_address>0xeb90</run_address>
         <size>0x182</size>
         <input_file_ref idref="fl-157"/>
      </object_component>
      <object_component id="oc-1f4">
         <name>.debug_info</name>
         <load_address>0xed12</load_address>
         <run_address>0xed12</run_address>
         <size>0x464</size>
         <input_file_ref idref="fl-158"/>
      </object_component>
      <object_component id="oc-1f1">
         <name>.debug_info</name>
         <load_address>0xf176</load_address>
         <run_address>0xf176</run_address>
         <size>0x167</size>
         <input_file_ref idref="fl-158"/>
      </object_component>
      <object_component id="oc-110">
         <name>.debug_info</name>
         <load_address>0xf2dd</load_address>
         <run_address>0xf2dd</run_address>
         <size>0x27d</size>
         <input_file_ref idref="fl-158"/>
      </object_component>
      <object_component id="oc-2b0">
         <name>.debug_info</name>
         <load_address>0xf55a</load_address>
         <run_address>0xf55a</run_address>
         <size>0x6bd</size>
         <input_file_ref idref="fl-158"/>
      </object_component>
      <object_component id="oc-2a1">
         <name>.debug_info</name>
         <load_address>0xfc17</load_address>
         <run_address>0xfc17</run_address>
         <size>0x8b</size>
         <input_file_ref idref="fl-158"/>
      </object_component>
      <object_component id="oc-213">
         <name>.debug_info</name>
         <load_address>0xfca2</load_address>
         <run_address>0xfca2</run_address>
         <size>0x18b</size>
         <input_file_ref idref="fl-158"/>
      </object_component>
      <object_component id="oc-1fe">
         <name>.debug_info</name>
[...]
      </symbol>
      <symbol id="sm-1f2">
         <name>exit</name>
         <value>0x20007fc5</value>
         <object_component_ref idref="oc-6d"/>
      </symbol>
      <symbol id="sm-1f3">
         <name>__TI_dtors_ptr</name>
         <value>0x20017954</value>
         <object_component_ref idref="oc-aa"/>
      </symbol>
      <symbol id="sm-1f4">
         <name>__TI_cleanup_ptr</name>
         <value>0x20017950</value>
         <object_component_ref idref="oc-aa"/>
      </symbol>
      <symbol id="sm-20f">
         <name>memcpy</name>
         <value>0x2000765d</value>
         <object_component_ref idref="oc-36"/>
      </symbol>
      <symbol id="sm-210">
         <name>__aeabi_memcpy</name>
         <value>0x2000765d</value>
         <object_component_ref idref="oc-36"/>
      </symbol>
      <symbol id="sm-211">
         <name>__aeabi_memcpy8</name>
         <value>0x2000765d</value>
         <object_component_ref idref="oc-36"/>
      </symbol>
      <symbol id="sm-212">
         <name>__aeabi_memcpy4</name>
         <value>0x2000765d</value>
         <object_component_ref idref="oc-36"/>
      </symbol>
      <symbol id="sm-222">
         <name>memmove</name>
         <value>0x200083ab</value>
         <object_component_ref idref="oc-18f"/>
      </symbol>
      <symbol id="sm-299">
         <name>_sys_memory</name>
         <value>0x20017000</value>
         <object_component_ref idref="oc-2a"/>
      </symbol>
      <symbol id="sm-29a">
         <name>free</name>
         <value>0x200063bb</value>
         <object_component_ref idref="oc-133"/>
      </symbol>
      <symbol id="sm-29b">
         <name>realloc</name>
         <value>0x2000647d</value>
         <object_component_ref idref="oc-133"/>
      </symbol>
      <symbol id="sm-29c">
         <name>memalign</name>
         <value>0x20006589</value>
         <object_component_ref idref="oc-133"/>
      </symbol>
      <symbol id="sm-29d">
         <name>calloc</name>
         <value>0x2000666d</value>
         <object_component_ref idref="oc-133"/>
      </symbol>
      <symbol id="sm-29e">
         <name>malloc</name>
         <value>0x20006353</value>
         <object_component_ref idref="oc-133"/>
      </symbol>
      <symbol id="sm-29f">
         <name>minit</name>
         <value>0x200062c5</value>
         <object_component_ref idref="oc-133"/>
      </symbol>
      <symbol id="sm-2ae">
         <name>__aeabi_memset</name>
         <value>0x20007a43</value>
         <object_component_ref idref="oc-4f"/>
      </symbol>
      <symbol id="sm-2af">
         <name>memset</name>
         <value>0x20007a49</value>
         <object_component_ref idref="oc-4f"/>
      </symbol>
      <symbol id="sm-2b0">
         <name>__aeabi_memset8</name>
         <value>0x20007a43</value>
         <object_component_ref idref="oc-4f"/>
      </symbol>
      <symbol id="sm-2b1">
         <name>__aeabi_memset4</name>
         <value>0x20007a43</value>
         <object_component_ref idref="oc-4f"/>
      </symbol>
      <symbol id="sm-2b2">
         <name>__aeabi_memclr8</name>
         <value>0x20007a41</value>
         <object_component_ref idref="oc-4f"/>
      </symbol>
      <symbol id="sm-2b3">
         <name>__aeabi_memclr4</name>
         <value>0x20007a41</value>
         <object_component_ref idref="oc-4f"/>
      </symbol>
      <symbol id="sm-2b4">
         <name>__aeabi_memclr</name>
         <value>0x20007a41</value>
         <object_component_ref idref="oc-4f"/>
      </symbol>
      <symbol id="sm-2be">
         <name>_system_pre_init</name>
         <value>0x20008679</value>
         <object_component_ref idref="oc-5b"/>
      </symbol>
      <symbol id="sm-2c6">
         <name>main_func_sp</name>
         <value>0x20017968</value>
         <object_component_ref idref="oc-73"/>
      </symbol>
      <symbol id="sm-2d4">
         <name>strlen</name>
         <value>0x20008619</value>
         <object_component_ref idref="oc-189"/>
      </symbol>
      <symbol id="sm-2f5">
         <name>vsnprintf</name>
         <value>0x200078ad</value>
         <object_component_ref idref="oc-139"/>
      </symbol>
      <symbol id="sm-30e">
         <name>_nop</name>
         <value>0x20008613</value>
         <object_component_ref idref="oc-15c"/>
      </symbol>
      <symbol id="sm-30f">
         <name>_lock</name>
         <value>0x20017948</value>
         <object_component_ref idref="oc-a7"/>
      </symbol>
      <symbol id="sm-310">
         <name>_unlock</name>
         <value>0x2001794c</value>
         <object_component_ref idref="oc-a7"/>
      </symbol>
      <symbol id="sm-311">
         <name>_register_lock</name>
         <value>0x2000860b</value>
         <object_component_ref idref="oc-15c"/>
      </symbol>
      <symbol id="sm-312">
         <name>_register_unlock</name>
         <value>0x20008605</value>
         <object_component_ref idref="oc-15c"/>
      </symbol>
      <symbol id="sm-417">
         <name>__TI_printfi</name>
         <value>0x200051a1</value>
         <object_component_ref idref="oc-226"/>
      </symbol>
      <symbol id="sm-42c">
         <name>_args_main</name>
         <value>0x2000856d</value>
         <object_component_ref idref="oc-67"/>
      </symbol>
      <symbol id="sm-442">
         <name>atoi</name>
         <value>0x20007e49</value>
         <object_component_ref idref="oc-31f"/>
      </symbol>
      <symbol id="sm-468">
         <name>__TI_auto_init</name>
         <value>0x20007b31</value>
         <object_component_ref idref="oc-61"/>
      </symbol>
      <symbol id="sm-482">
         <name>copy_in</name>
         <value>0x20007e95</value>
         <object_component_ref idref="oc-97"/>
      </symbol>
      <symbol id="sm-48d">
         <name>_ctypes_</name>
         <value>0x2000a209</value>
         <object_component_ref idref="oc-386"/>
      </symbol>
      <symbol id="sm-4b1">
         <name>__aeabi_dsub</name>
         <value>0x20006d69</value>
         <object_component_ref idref="oc-2fc"/>
      </symbol>
      <symbol id="sm-4b2">
         <name>__aeabi_dadd</name>
         <value>0x20006d73</value>
         <object_component_ref idref="oc-2fc"/>
      </symbol>
      <symbol id="sm-4d9">
         <name>__aeabi_cdcmpeq</name>
         <value>0x20007935</value>
         <object_component_ref idref="oc-2d8"/>
      </symbol>
      <symbol id="sm-4da">
         <name>__aeabi_cdcmple</name>
         <value>0x20007935</value>
         <object_component_ref idref="oc-2d8"/>
      </symbol>
      <symbol id="sm-4db">
         <name>__aeabi_cdrcmple</name>
         <value>0x200079bb</value>
         <object_component_ref idref="oc-2e7"/>
      </symbol>
      <symbol id="sm-4fb">
         <name>__aeabi_ddiv</name>
         <value>0x20006f1f</value>
         <object_component_ref idref="oc-2e2"/>
      </symbol>
      <symbol id="sm-512">
         <name>__aeabi_dmul</name>
         <value>0x20007299</value>
         <object_component_ref idref="oc-2dd"/>
      </symbol>
      <symbol id="sm-520">
         <name>__aeabi_d2iz</name>
         <value>0x20007f2b</value>
         <object_component_ref idref="oc-2ec"/>
      </symbol>
      <symbol id="sm-52d">
         <name>frexp</name>
         <value>0x20008413</value>
         <object_component_ref idref="oc-301"/>
      </symbol>
      <symbol id="sm-539">
         <name>__aeabi_i2d</name>
         <value>0x20008257</value>
         <object_component_ref idref="oc-2f7"/>
      </symbol>
      <symbol id="sm-54a">
         <name>ldexp</name>
         <value>0x20007f73</value>
         <object_component_ref idref="oc-307"/>
      </symbol>
      <symbol id="sm-559">
         <name>ltoa</name>
         <value>0x20007df1</value>
         <object_component_ref idref="oc-2f1"/>
      </symbol>
      <symbol id="sm-569">
         <name>memccpy</name>
         <value>0x200084eb</value>
         <object_component_ref idref="oc-319"/>
      </symbol>
      <symbol id="sm-579">
         <name>strchr</name>
         <value>0x200085c7</value>
         <object_component_ref idref="oc-30d"/>
      </symbol>
      <symbol id="sm-5a3">
         <name>__aeabi_uldivmod</name>
         <value>0x20006b75</value>
         <object_component_ref idref="oc-2d3"/>
      </symbol>
      <symbol id="sm-5b1">
         <name>_Dclass</name>
         <value>0x2000830d</value>
         <object_component_ref idref="oc-313"/>
      </symbol>
      <symbol id="sm-5d2">
         <name>_Dscale</name>
         <value>0x20007189</value>
         <object_component_ref idref="oc-372"/>
      </symbol>
      <symbol id="sm-5e6">
         <name>_Dunscale</name>
         <value>0x20007cd9</value>
         <object_component_ref idref="oc-36a"/>
      </symbol>
      <symbol id="sm-5f5">
         <name>_Feraise</name>
         <value>0x200081f9</value>
         <object_component_ref idref="oc-378"/>
      </symbol>
      <symbol id="sm-605">
         <name>_Rteps</name>
         <value>0x20017910</value>
         <object_component_ref idref="oc-3a5"/>
      </symbol>
      <symbol id="sm-606">
         <name>_Zero</name>
         <value>0x20017928</value>
         <object_component_ref idref="oc-3a5"/>
      </symbol>
      <symbol id="sm-607">
         <name>_Hugeval</name>
         <value>0x200178d0</value>
         <object_component_ref idref="oc-3a5"/>
      </symbol>
      <symbol id="sm-608">
         <name>_Snan</name>
         <value>0x20017900</value>
         <object_component_ref idref="oc-3a5"/>
      </symbol>
      <symbol id="sm-609">
         <name>_Nan</name>
         <value>0x200178f0</value>
         <object_component_ref idref="oc-3a5"/>
      </symbol>
      <symbol id="sm-60a">
         <name>_Inf</name>
         <value>0x200178e0</value>
         <object_component_ref idref="oc-3a5"/>
      </symbol>
      <symbol id="sm-60b">
         <name>_Xbig</name>
         <value>0x20017920</value>
         <object_component_ref idref="oc-3a5"/>
      </symbol>
      <symbol id="sm-60c">
         <name>_Eps</name>
         <value>0x200178c0</value>
         <object_component_ref idref="oc-3a5"/>
      </symbol>
      <symbol id="sm-60d">
         <name>_Denorm</name>
         <value>0x200178b0</value>
         <object_component_ref idref="oc-3a5"/>
      </symbol>
      <symbol id="sm-615">
         <name>_Errno</name>
         <value>0x20017964</value>
         <object_component_ref idref="oc-3b0"/>
      </symbol>
      <symbol id="sm-633">
         <name>feraiseexcept</name>
         <value>0x20008165</value>
         <object_component_ref idref="oc-3aa"/>
      </symbol>
      <symbol id="sm-634">
         <name>_Tls_setup__Fenv</name>
         <value>0x2001795c</value>
         <object_component_ref idref="oc-3d7"/>
      </symbol>
      <symbol id="sm-635">
         <name>_Fenv</name>
         <value>0x20017958</value>
         <object_component_ref idref="oc-3d7"/>
      </symbol>
      <symbol id="sm-649">
         <name>raise</name>
         <value>0x20008285</value>
         <object_component_ref idref="oc-3d1"/>
      </symbol>
      <symbol id="sm-663">
         <name>signal</name>
         <value>0x2000803d</value>
         <object_component_ref idref="oc-3e3"/>
      </symbol>
      <symbol id="sm-678">
         <name>_Dnorm</name>
         <value>0x20007455</value>
         <object_component_ref idref="oc-39b"/>
      </symbol>
      <symbol id="sm-6a2">
         <name>GrContextInit</name>
         <value>0x20007c09</value>
         <object_component_ref idref="oc-10f"/>
      </symbol>
      <symbol id="sm-6a3">
         <name>g_psDefaultCodePointMapTable</name>
         <value>0x2000a6ec</value>
         <object_component_ref idref="oc-1f0"/>
      </symbol>
      <symbol id="sm-746">
         <name>GrFontInfoGet</name>
         <value>0x20008361</value>
         <object_component_ref idref="oc-20c"/>
      </symbol>
      <symbol id="sm-747">
         <name>GrDefaultStringRenderer</name>
         <value>0x20007395</value>
         <object_component_ref idref="oc-1ea"/>
      </symbol>
      <symbol id="sm-748">
         <name>GrFontGlyphRender</name>
         <value>0x20006921</value>
         <object_component_ref idref="oc-29a"/>
      </symbol>
      <symbol id="sm-749">
         <name>GrContextFontSet</name>
         <value>0x20008667</value>
         <object_component_ref idref="oc-115"/>
      </symbol>
      <symbol id="sm-74a">
         <name>GrFontGlyphDataGet</name>
         <value>0x200083cf</value>
         <object_component_ref idref="oc-206"/>
      </symbol>
      <symbol id="sm-74b">
         <name>GrStringDraw</name>
         <value>0x20008585</value>
         <object_component_ref idref="oc-127"/>
      </symbol>
      <symbol id="sm-74c">
         <name>GrFontCodepageGet</name>
         <value>0x20008475</value>
         <object_component_ref idref="oc-2b5"/>
      </symbol>
      <symbol id="sm-74d">
         <name>GrStringNextCharGet</name>
         <value>0x20008229</value>
         <object_component_ref idref="oc-200"/>
      </symbol>
      <symbol id="sm-74e">
         <name>GrStringWidthGet</name>
         <value>0x20007c71</value>
         <object_component_ref idref="oc-11b"/>
      </symbol>
      <symbol id="sm-74f">
         <name>GrFontBaselineGet</name>
         <value>0x200082b3</value>
         <object_component_ref idref="oc-121"/>
      </symbol>
      <symbol id="sm-761">
         <name>g_sFontCmsc28</name>
         <value>0x2000a40c</value>
         <object_component_ref idref="oc-14b"/>
      </symbol>
      <symbol id="sm-773">
         <name>g_sFontCmss34i</name>
         <value>0x2000a4d4</value>
         <object_component_ref idref="oc-130"/>
      </symbol>
      <symbol id="sm-780">
         <name>GrMapISO8859_1_Unicode</name>
         <value>0x2000865f</value>
         <object_component_ref idref="oc-2a6"/>
      </symbol>
      <symbol id="sm-794">
         <name>GPIODirModeSet</name>
         <value>0x2000812f</value>
         <object_component_ref idref="oc-253"/>
      </symbol>
      <symbol id="sm-795">
         <name>GPIOPinWrite</name>
         <value>0x20008435</value>
         <object_component_ref idref="oc-102"/>
      </symbol>
      <symbol id="sm-7cc">
         <name>IntVTableBaseSet</name>
         <value>0x200085f1</value>
         <object_component_ref idref="oc-d2"/>
      </symbol>
      <symbol id="sm-7cd">
         <name>IntEnable</name>
         <value>0x20007515</value>
         <object_component_ref idref="oc-de"/>
      </symbol>
      <symbol id="sm-7ce">
         <name>IntMasterEnable</name>
         <value>0x20008655</value>
         <object_component_ref idref="oc-d8"/>
      </symbol>
      <symbol id="sm-80d">
         <name>PinTypeUART</name>
         <value>0x20008521</value>
         <object_component_ref idref="oc-241"/>
      </symbol>
      <symbol id="sm-80e">
         <name>PinTypeGPIO</name>
         <value>0x20008199</value>
         <object_component_ref idref="oc-24d"/>
      </symbol>
      <symbol id="sm-80f">
         <name>PinConfigSet</name>
         <value>0x20007825</value>
         <object_component_ref idref="oc-339"/>
      </symbol>
      <symbol id="sm-810">
         <name>PinTypeSPI</name>
         <value>0x20008507</value>
         <object_component_ref idref="oc-247"/>
      </symbol>
      <symbol id="sm-811">
         <name>PinModeSet</name>
         <value>0x20007ffd</value>
         <object_component_ref idref="oc-333"/>
      </symbol>
      <symbol id="sm-893">
         <name>PRCMPeripheralReset</name>
         <value>0x20007d99</value>
         <object_component_ref idref="oc-1c1"/>
      </symbol>
      <symbol id="sm-894">
         <name>PRCMPeripheralClkEnable</name>
         <value>0x2000807d</value>
         <object_component_ref idref="oc-1bb"/>
      </symbol>
      <symbol id="sm-895">
         <name>PRCMPeripheralClockGet</name>
         <value>0x20007791</value>
         <object_component_ref idref="oc-f0"/>
      </symbol>
      <symbol id="sm-896">
         <name>PRCMCC3200MCUInit</name>
         <value>0x20007055</value>
         <object_component_ref idref="oc-e4"/>
      </symbol>
      <symbol id="sm-897">
         <name>PRCMHIBRegWrite</name>
         <value>0x200085b1</value>
         <object_component_ref idref="oc-1b5"/>
      </symbol>
      <symbol id="sm-898">
         <name>PRCMSysResetCauseGet</name>
         <value>0x200082e1</value>
         <object_component_ref idref="oc-1cd"/>
      </symbol>
      <symbol id="sm-899">
         <name>PRCMPeripheralClkDisable</name>
         <value>0x20008339</value>
         <object_component_ref idref="oc-1c7"/>
      </symbol>
      <symbol id="sm-89a">
         <name>PRCMHIBRegRead</name>
         <value>0x2000859b</value>
         <object_component_ref idref="oc-1af"/>
      </symbol>
      <symbol id="sm-8cf">
         <name>SPIDataPut</name>
         <value>0x20008493</value>
         <object_component_ref idref="oc-1d9"/>
      </symbol>
      <symbol id="sm-8d0">
         <name>SPIEnable</name>
         <value>0x2000853b</value>
         <object_component_ref idref="oc-fc"/>
      </symbol>
      <symbol id="sm-8d1">
         <name>SPIDataGet</name>
         <value>0x20008455</value>
         <object_component_ref idref="oc-1df"/>
      </symbol>
      <symbol id="sm-8d2">
         <name>SPIConfigSetExpClk</name>
         <value>0x200075bd</value>
         <object_component_ref idref="oc-f6"/>
      </symbol>
      <symbol id="sm-8d3">
         <name>SPIReset</name>
         <value>0x200083f1</value>
         <object_component_ref idref="oc-ea"/>
      </symbol>
      <symbol id="sm-90f">
         <name>UARTConfigSetExpClk</name>
         <value>0x20007abb</value>
         <object_component_ref idref="oc-171"/>
      </symbol>
      <symbol id="sm-910">
         <name>UARTDisable</name>
         <value>0x200081c9</value>
         <object_component_ref idref="oc-26a"/>
      </symbol>
      <symbol id="sm-911">
         <name>UARTCharsAvail</name>
         <value>0x20008553</value>
         <object_component_ref idref="oc-17d"/>
      </symbol>
      <symbol id="sm-912">
         <name>UARTCharGetNonBlocking</name>
         <value>0x200084cf</value>
         <object_component_ref idref="oc-183"/>
      </symbol>
      <symbol id="sm-913">
         <name>UARTCharPut</name>
         <value>0x200084b1</value>
         <object_component_ref idref="oc-177"/>
      </symbol>
      <symbol id="sm-914">
         <name>UARTEnable</name>
         <value>0x20008387</value>
         <object_component_ref idref="oc-270"/>
      </symbol>
      <symbol id="sm-918">
         <name>UtilsDelay</name>
         <value>0x2000866d</value>
         <object_component_ref idref="oc-108"/>
      </symbol>
      <symbol id="sm-922">
         <name>CPUcpsie</name>
         <value>0x200085dd</value>
         <object_component_ref idref="oc-19f"/>
      </symbol>
      <symbol id="sm-924">
         <name>__TI_static_base__</name>
         <value>0x2000a700</value>
      </symbol>
      <symbol id="sm-927">
         <name>SHT$$INIT_ARRAY$$Limit</name>
         <value>0x0</value>
      </symbol>
      <symbol id="sm-928">
         <name>SHT$$INIT_ARRAY$$Base</name>
         <value>0x0</value>
      </symbol>
   </symbol_table>
   <title>Link successful</title>
</link_info>
